Archive member included to satisfy reference by file (symbol)

f:/qianrushi/anzhuang/1/mounriver/mounriver_studio/toolchain/risc-v embedded gcc/bin/../lib/gcc/riscv-none-embed/8.2.0/rv32imac/ilp32\libgcc.a(adddf3.o)
                              ./User/imu_mpu6050.o (__adddf3)
f:/qianrushi/anzhuang/1/mounriver/mounriver_studio/toolchain/risc-v embedded gcc/bin/../lib/gcc/riscv-none-embed/8.2.0/rv32imac/ilp32\libgcc.a(divdf3.o)
                              ./User/imu_mpu6050.o (__divdf3)
f:/qianrushi/anzhuang/1/mounriver/mounriver_studio/toolchain/risc-v embedded gcc/bin/../lib/gcc/riscv-none-embed/8.2.0/rv32imac/ilp32\libgcc.a(muldf3.o)
                              ./User/imu_mpu6050.o (__muldf3)
f:/qianrushi/anzhuang/1/mounriver/mounriver_studio/toolchain/risc-v embedded gcc/bin/../lib/gcc/riscv-none-embed/8.2.0/rv32imac/ilp32\libgcc.a(floatunsidf.o)
                              ./User/imu_mpu6050.o (__floatunsidf)
f:/qianrushi/anzhuang/1/mounriver/mounriver_studio/toolchain/risc-v embedded gcc/bin/../lib/gcc/riscv-none-embed/8.2.0/rv32imac/ilp32\libgcc.a(addsf3.o)
                              ./User/main.o (__addsf3)
f:/qianrushi/anzhuang/1/mounriver/mounriver_studio/toolchain/risc-v embedded gcc/bin/../lib/gcc/riscv-none-embed/8.2.0/rv32imac/ilp32\libgcc.a(gesf2.o)
                              ./User/main.o (__gtsf2)
f:/qianrushi/anzhuang/1/mounriver/mounriver_studio/toolchain/risc-v embedded gcc/bin/../lib/gcc/riscv-none-embed/8.2.0/rv32imac/ilp32\libgcc.a(mulsf3.o)
                              ./User/imu_mpu6050.o (__mulsf3)
f:/qianrushi/anzhuang/1/mounriver/mounriver_studio/toolchain/risc-v embedded gcc/bin/../lib/gcc/riscv-none-embed/8.2.0/rv32imac/ilp32\libgcc.a(fixsfsi.o)
                              ./User/imu_mpu6050.o (__fixsfsi)
f:/qianrushi/anzhuang/1/mounriver/mounriver_studio/toolchain/risc-v embedded gcc/bin/../lib/gcc/riscv-none-embed/8.2.0/rv32imac/ilp32\libgcc.a(floatsisf.o)
                              ./User/imu_mpu6050.o (__floatsisf)
f:/qianrushi/anzhuang/1/mounriver/mounriver_studio/toolchain/risc-v embedded gcc/bin/../lib/gcc/riscv-none-embed/8.2.0/rv32imac/ilp32\libgcc.a(extendsfdf2.o)
                              ./User/imu_mpu6050.o (__extendsfdf2)
f:/qianrushi/anzhuang/1/mounriver/mounriver_studio/toolchain/risc-v embedded gcc/bin/../lib/gcc/riscv-none-embed/8.2.0/rv32imac/ilp32\libgcc.a(truncdfsf2.o)
                              ./User/imu_mpu6050.o (__truncdfsf2)
f:/qianrushi/anzhuang/1/mounriver/mounriver_studio/toolchain/risc-v embedded gcc/bin/../lib/gcc/riscv-none-embed/8.2.0/rv32imac/ilp32\libgcc.a(_clzsi2.o)
                              f:/qianrushi/anzhuang/1/mounriver/mounriver_studio/toolchain/risc-v embedded gcc/bin/../lib/gcc/riscv-none-embed/8.2.0/rv32imac/ilp32\libgcc.a(adddf3.o) (__clzsi2)
f:/qianrushi/anzhuang/1/mounriver/mounriver_studio/toolchain/risc-v embedded gcc/bin/../lib/gcc/riscv-none-embed/8.2.0/rv32imac/ilp32\libgcc.a(_clz.o)
                              f:/qianrushi/anzhuang/1/mounriver/mounriver_studio/toolchain/risc-v embedded gcc/bin/../lib/gcc/riscv-none-embed/8.2.0/rv32imac/ilp32\libgcc.a(_clzsi2.o) (__clz_tab)
f:/qianrushi/anzhuang/1/mounriver/mounriver_studio/toolchain/risc-v embedded gcc/bin/../lib/gcc/riscv-none-embed/8.2.0/../../../../riscv-none-embed/lib/rv32imac/ilp32\libg_nano.a(lib_a-memset.o)
                              ./User/lcd_st7789.o (memset)
f:/qianrushi/anzhuang/1/mounriver/mounriver_studio/toolchain/risc-v embedded gcc/bin/../lib/gcc/riscv-none-embed/8.2.0/../../../../riscv-none-embed/lib/rv32imac/ilp32\libg_nano.a(lib_a-printf.o)
                              ./User/lcd_st7789.o (printf)
f:/qianrushi/anzhuang/1/mounriver/mounriver_studio/toolchain/risc-v embedded gcc/bin/../lib/gcc/riscv-none-embed/8.2.0/../../../../riscv-none-embed/lib/rv32imac/ilp32\libg_nano.a(lib_a-puts.o)
                              ./User/main.o (puts)
f:/qianrushi/anzhuang/1/mounriver/mounriver_studio/toolchain/risc-v embedded gcc/bin/../lib/gcc/riscv-none-embed/8.2.0/../../../../riscv-none-embed/lib/rv32imac/ilp32\libg_nano.a(lib_a-vsnprintf.o)
                              ./User/lcd_st7789.o (vsnprintf)
f:/qianrushi/anzhuang/1/mounriver/mounriver_studio/toolchain/risc-v embedded gcc/bin/../lib/gcc/riscv-none-embed/8.2.0/../../../../riscv-none-embed/lib/rv32imac/ilp32\libg_nano.a(lib_a-wbuf.o)
                              f:/qianrushi/anzhuang/1/mounriver/mounriver_studio/toolchain/risc-v embedded gcc/bin/../lib/gcc/riscv-none-embed/8.2.0/../../../../riscv-none-embed/lib/rv32imac/ilp32\libg_nano.a(lib_a-puts.o) (__swbuf_r)
f:/qianrushi/anzhuang/1/mounriver/mounriver_studio/toolchain/risc-v embedded gcc/bin/../lib/gcc/riscv-none-embed/8.2.0/../../../../riscv-none-embed/lib/rv32imac/ilp32\libg_nano.a(lib_a-wsetup.o)
[...]
Memory Configuration

Name             Origin             Length             Attributes
FLASH            0x0000000000000000 0x0000000000048000 xr
RAM              0x0000000020000000 0x0000000000008000 xrw
*default*        0x0000000000000000 0xffffffffffffffff

Linker script and memory map

LOAD ./crack_bmp/crack_EN.o
LOAD ./crack_bmp/crack_ES.o
LOAD ./crack_bmp/crack_NE.o
LOAD ./crack_bmp/crack_NW.o
LOAD ./crack_bmp/crack_SE.o
LOAD ./crack_bmp/crack_SW.o
LOAD ./crack_bmp/crack_WN.o
LOAD ./crack_bmp/crack_WS.o
LOAD ./User/ch32v30x_it.o
LOAD ./User/gpio.o
LOAD ./User/i2c.o
LOAD ./User/imu_mpu6050.o
LOAD ./User/lcd_st7789.o
LOAD ./User/main.o
LOAD ./User/ov.o
LOAD ./User/system_ch32v30x.o
LOAD ./User/timer.o
LOAD ./Startup/startup_ch32v30x_D8C.o
LOAD ./Peripheral/src/ch32v30x_adc.o
LOAD ./Peripheral/src/ch32v30x_bkp.o
LOAD ./Peripheral/src/ch32v30x_can.o
LOAD ./Peripheral/src/ch32v30x_crc.o
LOAD ./Peripheral/src/ch32v30x_dac.o
LOAD ./Peripheral/src/ch32v30x_dbgmcu.o
LOAD ./Peripheral/src/ch32v30x_dma.o
LOAD ./Peripheral/src/ch32v30x_dvp.o
LOAD ./Peripheral/src/ch32v30x_eth.o
LOAD ./Peripheral/src/ch32v30x_exti.o
LOAD ./Peripheral/src/ch32v30x_flash.o
LOAD ./Peripheral/src/ch32v30x_fsmc.o
LOAD ./Peripheral/src/ch32v30x_gpio.o
LOAD ./Peripheral/src/ch32v30x_i2c.o
LOAD ./Peripheral/src/ch32v30x_iwdg.o
LOAD ./Peripheral/src/ch32v30x_misc.o
LOAD ./Peripheral/src/ch32v30x_opa.o
LOAD ./Peripheral/src/ch32v30x_pwr.o
LOAD ./Peripheral/src/ch32v30x_rcc.o
LOAD ./Peripheral/src/ch32v30x_rng.o
LOAD ./Peripheral/src/ch32v30x_rtc.o
LOAD ./Peripheral/src/ch32v30x_sdio.o
LOAD ./Peripheral/src/ch32v30x_spi.o
LOAD ./Peripheral/src/ch32v30x_tim.o
LOAD ./Peripheral/src/ch32v30x_usart.o
LOAD ./Peripheral/src/ch32v30x_wwdg.o
LOAD ./Debug/debug.o
LOAD ./Core/core_riscv.o
LOAD f:/qianrushi/anzhuang/1/mounriver/mounriver_studio/toolchain/risc-v embedded gcc/bin/../lib/gcc/riscv-none-embed/8.2.0/rv32imac/ilp32\libgcc.a
LOAD f:/qianrushi/anzhuang/1/mounriver/mounriver_studio/toolchain/risc-v embedded gcc/bin/../lib/gcc/riscv-none-embed/8.2.0/../../../../riscv-none-embed/lib/rv32imac/ilp32\libg_nano.a
LOAD f:/qianrushi/anzhuang/1/mounriver/mounriver_studio/toolchain/risc-v embedded gcc/bin/../lib/gcc/riscv-none-embed/8.2.0/../../../../riscv-none-embed/lib/rv32imac/ilp32\libc_nano.a
LOAD f:/qianrushi/anzhuang/1/mounriver/mounriver_studio/toolchain/risc-v embedded gcc/bin/../lib/gcc/riscv-none-embed/8.2.0/rv32imac/ilp32\libgcc.a
START GROUP
LOAD f:/qianrushi/anzhuang/1/mounriver/mounriver_studio/toolchain/risc-v embedded gcc/bin/../lib/gcc/riscv-none-embed/8.2.0/rv32imac/ilp32\libgcc.a
LOAD f:/qianrushi/anzhuang/1/mounriver/mounriver_studio/toolchain/risc-v embedded gcc/bin/../lib/gcc/riscv-none-embed/8.2.0/../../../../riscv-none-embed/lib/rv32imac/ilp32\libc_nano.a
LOAD f:/qianrushi/anzhuang/1/mounriver/mounriver_studio/toolchain/risc-v embedded gcc/bin/../lib/gcc/riscv-none-embed/8.2.0/../../../../riscv-none-embed/lib/rv32imac/ilp32\libnosys.a
END GROUP
START GROUP
LOAD f:/qianrushi/anzhuang/1/mounriver/mounriver_studio/toolchain/risc-v embedded gcc/bin/../lib/gcc/riscv-none-embed/8.2.0/rv32imac/ilp32\libgcc.a
LOAD f:/qianrushi/anzhuang/1/mounriver/mounriver_studio/toolchain/risc-v embedded gcc/bin/../lib/gcc/riscv-none-embed/8.2.0/../../../../riscv-none-embed/lib/rv32imac/ilp32\libc_nano.a
LOAD f:/qianrushi/anzhuang/1/mounriver/mounriver_studio/toolchain/risc-v embedded gcc/bin/../lib/gcc/riscv-none-embed/8.2.0/../../../../riscv-none-embed/lib/rv32imac/ilp32\libnosys.a
END GROUP
                0x0000000000000800                __stack_size = 0x800
                [!provide]                        PROVIDE (_stack_size = __stack_size)

.init           0x0000000000000000       0x38
                0x0000000000000000                _sinit = .
                0x0000000000000000                . = ALIGN (0x4)
 *(SORT_NONE(.init))
 .init          0x0000000000000000       0x38 ./Startup/startup_ch32v30x_D8C.o
                0x0000000000000000                _start
                0x0000000000000038                . = ALIGN (0x4)
                0x0000000000000038                _einit = .

.vector         0x0000000000000038      0x1c8
 *(.vector)
 .vector        0x0000000000000038      0x1a0 ./Startup/startup_ch32v30x_D8C.o
                0x0000000000000200                . = ALIGN (0x40)
 *fill*         0x00000000000001d8       0x28 

.text           0x0000000000000200     0x90f0
                0x0000000000000200                . = ALIGN (0x4)
 *(.text)
 .text          0x0000000000000200       0xa8 f:/qianrushi/anzhuang/1/mounriver/mounriver_studio/toolchain/risc-v embedded gcc/bin/../lib/gcc/riscv-none-embed/8.2.0/../../../../riscv-none-embed/lib/rv32imac/ilp32\libg_nano.a(lib_a-memset.o)
                0x0000000000000200                memset
 *(.text.*)
 .text.NMI_Handler
                0x00000000000002a8        0x4 ./User/ch32v30x_it.o
                0x00000000000002a8                NMI_Handler
 .text.HardFault_Handler
                0x00000000000002ac        0x2 ./User/ch32v30x_it.o
                0x00000000000002ac                HardFault_Handler
 .text.Button_INT_Init
                0x00000000000002ae       0x72 ./User/gpio.o
                0x00000000000002ae                Button_INT_Init
 .text.EXTI0_IRQHandler
                0x0000000000000320       0x32 ./User/gpio.o
                0x0000000000000320                EXTI0_IRQHandler
 .text.IIC_Init
                0x0000000000000352       0x84 ./User/i2c.o
                0x0000000000000352                IIC_Init
 .text.IMU_ConvertGyro
                0x00000000000003d6       0x6e ./User/imu_mpu6050.o
                0x00000000000003d6                IMU_ConvertGyro
 .text.IMU_ConvertAccel
                0x0000000000000444       0xd2 ./User/imu_mpu6050.o
                0x0000000000000444                IMU_ConvertAccel
 .text.IMU_ReadLen
                0x0000000000000516      0x136 ./User/imu_mpu6050.o
                0x0000000000000516                IMU_ReadLen
 .text.IMU_GetGyroscope
                0x000000000000064c       0x74 ./User/imu_mpu6050.o
                0x000000000000064c                IMU_GetGyroscope
 .text.IMU_GetAccelerometer
                0x00000000000006c0       0x74 ./User/imu_mpu6050.o
                0x00000000000006c0                IMU_GetAccelerometer
 .text.IMU_WriteByte
                0x0000000000000734       0xe8 ./User/imu_mpu6050.o
                0x0000000000000734                IMU_WriteByte
 .text.IMU_SetGyroFsr
                0x000000000000081c       0x10 ./User/imu_mpu6050.o
                0x000000000000081c                IMU_SetGyroFsr
 .text.IMU_SetAccelFsr
                0x000000000000082c       0x10 ./User/imu_mpu6050.o
                0x000000000000082c                IMU_SetAccelFsr
 .text.IMU_SetLPF
                0x000000000000083c       0x34 ./User/imu_mpu6050.o
                0x000000000000083c                IMU_SetLPF
 .text.IMU_SetRate
                0x0000000000000870       0x32 ./User/imu_mpu6050.o
                0x0000000000000870                IMU_SetRate
 .text.IMU_ReadByte
                0x00000000000008a2      0x110 ./User/imu_mpu6050.o
                0x00000000000008a2                IMU_ReadByte
 .text.IMU_Init
                0x00000000000009b2       0x8a ./User/imu_mpu6050.o
                0x00000000000009b2                IMU_Init
 .text.LCD_WriteHalfWord
                0x0000000000000a3c       0x16 ./User/lcd_st7789.o
                0x0000000000000a3c                LCD_WriteHalfWord
 .text.LCD_ReadData
                0x0000000000000a52       0x1a ./User/lcd_st7789.o
                0x0000000000000a52                LCD_ReadData
 .text.LCD_FSMCInit
                0x0000000000000a6c      0x126 ./User/lcd_st7789.o
                0x0000000000000a6c                LCD_FSMCInit
 .text.LCD_GPIOInit
                0x0000000000000b92       0x96 ./User/lcd_st7789.o
                0x0000000000000b92                LCD_GPIOInit
 .text.LCD_SetBrightness
                0x0000000000000c28       0x1c ./User/lcd_st7789.o
                0x0000000000000c28                LCD_SetBrightness
 .text.LCD_ConvertColor
                0x0000000000000c44       0x1e ./User/lcd_st7789.o
                0x0000000000000c44                LCD_ConvertColor
 .text.LCD_SetColor
                0x0000000000000c62        0xe ./User/lcd_st7789.o
                0x0000000000000c62                LCD_SetColor
 .text.LCD_AddressSetWrite
                0x0000000000000c70       0x5e ./User/lcd_st7789.o
                0x0000000000000c70                LCD_AddressSetWrite
 .text.LCD_AddressSetRead
                0x0000000000000cce       0x5e ./User/lcd_st7789.o
                0x0000000000000cce                LCD_AddressSetRead
 .text.LCD_Clear
                0x0000000000000d2c       0x4c ./User/lcd_st7789.o
                0x0000000000000d2c                LCD_Clear
 .text.LCD_Init
                0x0000000000000d78      0x1e2 ./User/lcd_st7789.o
                0x0000000000000d78                LCD_Init
 .text.LCD_ShowChar
                0x0000000000000f5a      0x38e ./User/lcd_st7789.o
                0x0000000000000f5a                LCD_ShowChar
 .text.LCD_ShowString
                0x00000000000012e8       0xd4 ./User/lcd_st7789.o
                0x00000000000012e8                LCD_ShowString
 .text.DMA_SRAMLCD_Init
                0x00000000000013bc       0x54 ./User/main.o
                0x00000000000013bc                DMA_SRAMLCD_Init
 .text.DVP_Init
                0x0000000000001410       0xdc ./User/main.o
                0x0000000000001410                DVP_Init
 .text.DVP_IRQHandler
                0x00000000000014ec      0x150 ./User/main.o
                0x00000000000014ec                DVP_IRQHandler
 .text.sqrt32   0x000000000000163c       0x1e ./User/main.o
                0x000000000000163c                sqrt32
 .text.startup.main
                0x000000000000165a      0x498 ./User/main.o
                0x000000000000165a                main
 .text.SCCB_GPIO_Init
                0x0000000000001af2       0x4e ./User/ov.o
                0x0000000000001af2                SCCB_GPIO_Init
 .text.SCCB_Start
                0x0000000000001b40       0x44 ./User/ov.o
                0x0000000000001b40                SCCB_Start
 .text.SCCB_Stop
                0x0000000000001b84       0x42 ./User/ov.o
                0x0000000000001b84                SCCB_Stop
 .text.SCCB_No_Ack
                0x0000000000001bc6       0x52 ./User/ov.o
                0x0000000000001bc6                SCCB_No_Ack
 .text.SCCB_WR_Byte
                0x0000000000001c18       0xc2 ./User/ov.o
                0x0000000000001c18                SCCB_WR_Byte
 .text.SCCB_RD_Byte
                0x0000000000001cda       0xa0 ./User/ov.o
                0x0000000000001cda                SCCB_RD_Byte
 .text.SCCB_WR_Reg
                0x0000000000001d7a       0x4e ./User/ov.o
                0x0000000000001d7a                SCCB_WR_Reg
 .text.SCCB_RD_Reg
                0x0000000000001dc8       0x52 ./User/ov.o
                0x0000000000001dc8                SCCB_RD_Reg
 .text.DVP_GPIO_Init
                0x0000000000001e1a       0x98 ./User/ov.o
                0x0000000000001e1a                DVP_GPIO_Init
 .text.OV2640_Init
                0x0000000000001eb2       0xd6 ./User/ov.o
                0x0000000000001eb2                OV2640_Init
 .text.OV2640_RGB565_Mode
                0x0000000000001f88       0x2e ./User/ov.o
                0x0000000000001f88                OV2640_RGB565_Mode
 .text.OV2640_OutSize_Set
                0x0000000000001fb6       0x76 ./User/ov.o
                0x0000000000001fb6                OV2640_OutSize_Set
 .text.OV2640_Speed_Set
                0x000000000000202c       0x3a ./User/ov.o
                0x000000000000202c                OV2640_Speed_Set
 .text.RGB565_Mode_Init
                0x0000000000002066       0x1a ./User/ov.o
                0x0000000000002066                RGB565_Mode_Init
 .text.SystemInit
                0x0000000000002080       0xfa ./User/system_ch32v30x.o
                0x0000000000002080                SystemInit
 .text.Tick_TIM_Init
                0x000000000000217a       0x5a ./User/timer.o
                0x000000000000217a                Tick_TIM_Init
 .text.Refresh_TIM_Init
                0x00000000000021d4       0x60 ./User/timer.o
                0x00000000000021d4                Refresh_TIM_Init
 .text.Tick_TIM_INT_Init
                0x0000000000002234       0x24 ./User/timer.o
                0x0000000000002234                Tick_TIM_INT_Init
 .text.Refresh_TIM_INT_Init
                0x0000000000002258       0x24 ./User/timer.o
                0x0000000000002258                Refresh_TIM_INT_Init
 .text.TIM6_IRQHandler
                0x000000000000227c       0x1e ./User/timer.o
                0x000000000000227c                TIM6_IRQHandler
 .text.TIM7_IRQHandler
                0x000000000000229a       0x18 ./User/timer.o
                0x000000000000229a                TIM7_IRQHandler
 .text.vector_handler
                0x00000000000022b2       0xbe ./Startup/startup_ch32v30x_D8C.o
                0x00000000000022b6                Ecall_M_Mode_Handler
                0x00000000000022b8                Ecall_U_Mode_Handler
                0x00000000000022ba                Break_Point_Handler
                0x00000000000022bc                SysTick_Handler
                0x00000000000022be                SW_Handler
                0x00000000000022c0                WWDG_IRQHandler
                0x00000000000022c2                PVD_IRQHandler
                0x00000000000022c4                TAMPER_IRQHandler
                0x00000000000022c6                RTC_IRQHandler
                0x00000000000022c8                FLASH_IRQHandler
                0x00000000000022ca                RCC_IRQHandler
                0x00000000000022ce                EXTI1_IRQHandler
                0x00000000000022d0                EXTI2_IRQHandler
                0x00000000000022d2                EXTI3_IRQHandler
                0x00000000000022d4                EXTI4_IRQHandler
                0x00000000000022d6                DMA1_Channel1_IRQHandler
                0x00000000000022d8                DMA1_Channel2_IRQHandler
                0x00000000000022da                DMA1_Channel3_IRQHandler
                0x00000000000022dc                DMA1_Channel4_IRQHandler
                0x00000000000022de                DMA1_Channel5_IRQHandler
                0x00000000000022e0                DMA1_Channel6_IRQHandler
                0x00000000000022e2                DMA1_Channel7_IRQHandler
                0x00000000000022e4                ADC1_2_IRQHandler
                0x00000000000022e6                USB_HP_CAN1_TX_IRQHandler
                0x00000000000022e8                USB_LP_CAN1_RX0_IRQHandler
                0x00000000000022ea                CAN1_RX1_IRQHandler
                0x00000000000022ec                CAN1_SCE_IRQHandler
                0x00000000000022ee                EXTI9_5_IRQHandler
                0x00000000000022f0                TIM1_BRK_IRQHandler
                0x00000000000022f2                TIM1_UP_IRQHandler
                0x00000000000022f4                TIM1_TRG_COM_IRQHandler
                0x00000000000022f6                TIM1_CC_IRQHandler
                0x00000000000022f8                TIM2_IRQHandler
                0x00000000000022fa                TIM3_IRQHandler
                0x00000000000022fc                TIM4_IRQHandler
                0x00000000000022fe                I2C1_EV_IRQHandler
                0x0000000000002300                I2C1_ER_IRQHandler
                0x0000000000002302                I2C2_EV_IRQHandler
                0x0000000000002304                I2C2_ER_IRQHandler
                0x0000000000002306                SPI1_IRQHandler
                0x0000000000002308                SPI2_IRQHandler
                0x000000000000230a                USART1_IRQHandler
                0x000000000000230c                USART2_IRQHandler
                0x000000000000230e                USART3_IRQHandler
                0x0000000000002310                EXTI15_10_IRQHandler
                0x0000000000002312                RTCAlarm_IRQHandler
                0x0000000000002314                USBWakeUp_IRQHandler
                0x0000000000002316                TIM8_BRK_IRQHandler
                0x0000000000002318                TIM8_UP_IRQHandler
                0x000000000000231a                TIM8_TRG_COM_IRQHandler
                0x000000000000231c                TIM8_CC_IRQHandler
                0x000000000000231e                RNG_IRQHandler
                0x0000000000002320                FSMC_IRQHandler
                0x0000000000002322                SDIO_IRQHandler
                0x0000000000002324                TIM5_IRQHandler
                0x0000000000002326                SPI3_IRQHandler
                0x0000000000002328                UART4_IRQHandler
                0x000000000000232a                UART5_IRQHandler
                0x0000000000002330                DMA2_Channel1_IRQHandler
                0x0000000000002332                DMA2_Channel2_IRQHandler
                0x0000000000002334                DMA2_Channel3_IRQHandler
                0x0000000000002336                DMA2_Channel4_IRQHandler
                0x0000000000002338                DMA2_Channel5_IRQHandler
                0x000000000000233a                ETH_IRQHandler
                0x000000000000233c                ETH_WKUP_IRQHandler
                0x000000000000233e                CAN2_TX_IRQHandler
                0x0000000000002340                CAN2_RX0_IRQHandler
                0x0000000000002342                CAN2_RX1_IRQHandler
                0x0000000000002344                CAN2_SCE_IRQHandler
                0x0000000000002346                OTG_FS_IRQHandler
                0x0000000000002348                USBHSWakeup_IRQHandler
                0x000000000000234a                USBHS_IRQHandler
                0x000000000000234e                UART6_IRQHandler
                0x0000000000002350                UART7_IRQHandler
                0x0000000000002352                UART8_IRQHandler
                0x0000000000002354                TIM9_BRK_IRQHandler
                0x0000000000002356                TIM9_UP_IRQHandler
                0x0000000000002358                TIM9_TRG_COM_IRQHandler
                0x000000000000235a                TIM9_CC_IRQHandler
                0x000000000000235c                TIM10_BRK_IRQHandler
                0x000000000000235e                TIM10_UP_IRQHandler
                0x0000000000002360                TIM10_TRG_COM_IRQHandler
                0x0000000000002362                TIM10_CC_IRQHandler
                0x0000000000002364                DMA2_Channel6_IRQHandler
                0x0000000000002366                DMA2_Channel7_IRQHandler
                0x0000000000002368                DMA2_Channel8_IRQHandler
                0x000000000000236a                DMA2_Channel9_IRQHandler
                0x000000000000236c                DMA2_Channel10_IRQHandler
                0x000000000000236e                DMA2_Channel11_IRQHandler
 .text.handle_reset
                0x0000000000002370       0x8a ./Startup/startup_ch32v30x_D8C.o
                0x0000000000002370                handle_reset
 .text.DMA_DeInit
                0x00000000000023fa      0x16c ./Peripheral/src/ch32v30x_dma.o
                0x00000000000023fa                DMA_DeInit
 .text.DMA_Init
                0x0000000000002566       0x38 ./Peripheral/src/ch32v30x_dma.o
                0x0000000000002566                DMA_Init
 .text.DMA_Cmd  0x000000000000259e       0x14 ./Peripheral/src/ch32v30x_dma.o
                0x000000000000259e                DMA_Cmd
 .text.DMA_SetCurrDataCounter
                0x00000000000025b2        0x4 ./Peripheral/src/ch32v30x_dma.o
                0x00000000000025b2                DMA_SetCurrDataCounter
 .text.EXTI_Init
                0x00000000000025b6       0x6a ./Peripheral/src/ch32v30x_exti.o
                0x00000000000025b6                EXTI_Init
 .text.EXTI_ClearFlag
                0x0000000000002620        0xa ./Peripheral/src/ch32v30x_exti.o
                0x0000000000002620                EXTI_ClearFlag
 .text.FSMC_NORSRAMInit
                0x000000000000262a       0xba ./Peripheral/src/ch32v30x_fsmc.o
                0x000000000000262a                FSMC_NORSRAMInit
 .text.FSMC_NORSRAMCmd
                0x00000000000026e4       0x1e ./Peripheral/src/ch32v30x_fsmc.o
                0x00000000000026e4                FSMC_NORSRAMCmd
 .text.GPIO_Init
                0x0000000000002702       0xc2 ./Peripheral/src/ch32v30x_gpio.o
                0x0000000000002702                GPIO_Init
 .text.GPIO_ResetBits
                0x00000000000027c4        0x4 ./Peripheral/src/ch32v30x_gpio.o
                0x00000000000027c4                GPIO_ResetBits
 .text.GPIO_EXTILineConfig
                0x00000000000027c8       0x2c ./Peripheral/src/ch32v30x_gpio.o
                0x00000000000027c8                GPIO_EXTILineConfig
 .text.I2C_Init
                0x00000000000027f4      0x11a ./Peripheral/src/ch32v30x_i2c.o
                0x00000000000027f4                I2C_Init
 .text.I2C_Cmd  0x000000000000290e       0x1c ./Peripheral/src/ch32v30x_i2c.o
                0x000000000000290e                I2C_Cmd
 .text.I2C_GenerateSTART
                0x000000000000292a       0x1e ./Peripheral/src/ch32v30x_i2c.o
                0x000000000000292a                I2C_GenerateSTART
 .text.I2C_GenerateSTOP
                0x0000000000002948       0x1e ./Peripheral/src/ch32v30x_i2c.o
                0x0000000000002948                I2C_GenerateSTOP
 .text.I2C_AcknowledgeConfig
                0x0000000000002966       0x1e ./Peripheral/src/ch32v30x_i2c.o
                0x0000000000002966                I2C_AcknowledgeConfig
 .text.I2C_SendData
                0x0000000000002984        0x6 ./Peripheral/src/ch32v30x_i2c.o
                0x0000000000002984                I2C_SendData
 .text.I2C_ReceiveData
                0x000000000000298a        0xa ./Peripheral/src/ch32v30x_i2c.o
                0x000000000000298a                I2C_ReceiveData
 .text.I2C_Send7bitAddress
                0x0000000000002994       0x14 ./Peripheral/src/ch32v30x_i2c.o
                0x0000000000002994                I2C_Send7bitAddress
 .text.I2C_CheckEvent
                0x00000000000029a8       0x1a ./Peripheral/src/ch32v30x_i2c.o
                0x00000000000029a8                I2C_CheckEvent
 .text.I2C_GetFlagStatus
                0x00000000000029c2       0x32 ./Peripheral/src/ch32v30x_i2c.o
                0x00000000000029c2                I2C_GetFlagStatus
 .text.NVIC_PriorityGroupConfig
                0x00000000000029f4        0x6 ./Peripheral/src/ch32v30x_misc.o
                0x00000000000029f4                NVIC_PriorityGroupConfig
 .text.NVIC_Init
                0x00000000000029fa       0xb8 ./Peripheral/src/ch32v30x_misc.o
                0x00000000000029fa                NVIC_Init
 .text.RCC_GetClocksFreq
                0x0000000000002ab2      0x10e ./Peripheral/src/ch32v30x_rcc.o
                0x0000000000002ab2                RCC_GetClocksFreq
 .text.RCC_AHBPeriphClockCmd
                0x0000000000002bc0       0x1e ./Peripheral/src/ch32v30x_rcc.o
                0x0000000000002bc0                RCC_AHBPeriphClockCmd
 .text.RCC_APB2PeriphClockCmd
                0x0000000000002bde       0x1e ./Peripheral/src/ch32v30x_rcc.o
                0x0000000000002bde                RCC_APB2PeriphClockCmd
 .text.RCC_APB1PeriphClockCmd
                0x0000000000002bfc       0x1e ./Peripheral/src/ch32v30x_rcc.o
                0x0000000000002bfc                RCC_APB1PeriphClockCmd
 .text.TIM_TimeBaseInit
                0x0000000000002c1a       0xc0 ./Peripheral/src/ch32v30x_tim.o
                0x0000000000002c1a                TIM_TimeBaseInit
 .text.TIM_OC2Init
                0x0000000000002cda       0xcc ./Peripheral/src/ch32v30x_tim.o
                0x0000000000002cda                TIM_OC2Init
 .text.TIM_Cmd  0x0000000000002da6       0x1c ./Peripheral/src/ch32v30x_tim.o
                0x0000000000002da6                TIM_Cmd
 .text.TIM_CtrlPWMOutputs
                0x0000000000002dc2       0x16 ./Peripheral/src/ch32v30x_tim.o
                0x0000000000002dc2                TIM_CtrlPWMOutputs
 .text.TIM_ITConfig
                0x0000000000002dd8       0x16 ./Peripheral/src/ch32v30x_tim.o
                0x0000000000002dd8                TIM_ITConfig
 .text.TIM_ARRPreloadConfig
                0x0000000000002dee       0x1e ./Peripheral/src/ch32v30x_tim.o
                0x0000000000002dee                TIM_ARRPreloadConfig
 .text.TIM_OC2PreloadConfig
                0x0000000000002e0c       0x1a ./Peripheral/src/ch32v30x_tim.o
                0x0000000000002e0c                TIM_OC2PreloadConfig
 .text.TIM_SetCompare2
                0x0000000000002e26        0x6 ./Peripheral/src/ch32v30x_tim.o
                0x0000000000002e26                TIM_SetCompare2
 .text.TIM_ClearFlag
                0x0000000000002e2c        0xe ./Peripheral/src/ch32v30x_tim.o
                0x0000000000002e2c                TIM_ClearFlag
 .text.USART_Init
                0x0000000000002e3a       0xda ./Peripheral/src/ch32v30x_usart.o
                0x0000000000002e3a                USART_Init
 .text.USART_Cmd
                0x0000000000002f14       0x1c ./Peripheral/src/ch32v30x_usart.o
                0x0000000000002f14                USART_Cmd
 .text.USART_SendData
                0x0000000000002f30        0xa ./Peripheral/src/ch32v30x_usart.o
                0x0000000000002f30                USART_SendData
 .text.USART_GetFlagStatus
                0x0000000000002f3a        0xc ./Peripheral/src/ch32v30x_usart.o
                0x0000000000002f3a                USART_GetFlagStatus
 .text.Delay_Init
                0x0000000000002f46       0x26 ./Debug/debug.o
                0x0000000000002f46                Delay_Init
 .text.Delay_Us
                0x0000000000002f6c       0x2e ./Debug/debug.o
                0x0000000000002f6c                Delay_Us
 .text.Delay_Ms
                0x0000000000002f9a       0x2e ./Debug/debug.o
                0x0000000000002f9a                Delay_Ms
 .text.USART_Printf_Init
                0x0000000000002fc8       0x5c ./Debug/debug.o
                0x0000000000002fc8                USART_Printf_Init
 .text._write   0x0000000000003024       0x4e ./Debug/debug.o
                0x0000000000003024                _write
 .text._sbrk    0x0000000000003072       0x26 ./Debug/debug.o
                0x0000000000003072                _sbrk
 .text.__adddf3
                0x0000000000003098      0x730 f:/qianrushi/anzhuang/1/mounriver/mounriver_studio/toolchain/risc-v embedded gcc/bin/../lib/gcc/riscv-none-embed/8.2.0/rv32imac/ilp32\libgcc.a(adddf3.o)
                0x0000000000003098                __adddf3
 .text.__muldf3
                0x00000000000037c8      0x4b8 f:/qianrushi/anzhuang/1/mounriver/mounriver_studio/toolchain/risc-v embedded gcc/bin/../lib/gcc/riscv-none-embed/8.2.0/rv32imac/ilp32\libgcc.a(muldf3.o)
                0x00000000000037c8                __muldf3
 .text.__addsf3
                0x0000000000003c80      0x36a f:/qianrushi/anzhuang/1/mounriver/mounriver_studio/toolchain/risc-v embedded gcc/bin/../lib/gcc/riscv-none-embed/8.2.0/rv32imac/ilp32\libgcc.a(addsf3.o)
                0x0000000000003c80                __addsf3
 .text.__gesf2  0x0000000000003fea       0x86 f:/qianrushi/anzhuang/1/mounriver/mounriver_studio/toolchain/risc-v embedded gcc/bin/../lib/gcc/riscv-none-embed/8.2.0/rv32imac/ilp32\libgcc.a(gesf2.o)
                0x0000000000003fea                __gesf2
                0x0000000000003fea                __gtsf2
 .text.__mulsf3
                0x0000000000004070      0x290 f:/qianrushi/anzhuang/1/mounriver/mounriver_studio/toolchain/risc-v embedded gcc/bin/../lib/gcc/riscv-none-embed/8.2.0/rv32imac/ilp32\libgcc.a(mulsf3.o)
                0x0000000000004070                __mulsf3
 .text.__fixsfsi
                0x0000000000004300       0x62 f:/qianrushi/anzhuang/1/mounriver/mounriver_studio/toolchain/risc-v embedded gcc/bin/../lib/gcc/riscv-none-embed/8.2.0/rv32imac/ilp32\libgcc.a(fixsfsi.o)
                0x0000000000004300                __fixsfsi
 .text.__floatsisf
                0x0000000000004362       0xc6 f:/qianrushi/anzhuang/1/mounriver/mounriver_studio/toolchain/risc-v embedded gcc/bin/../lib/gcc/riscv-none-embed/8.2.0/rv32imac/ilp32\libgcc.a(floatsisf.o)
                0x0000000000004362                __floatsisf
 .text.__extendsfdf2
                0x0000000000004428       0xac f:/qianrushi/anzhuang/1/mounriver/mounriver_studio/toolchain/risc-v embedded gcc/bin/../lib/gcc/riscv-none-embed/8.2.0/rv32imac/ilp32\libgcc.a(extendsfdf2.o)
                0x0000000000004428                __extendsfdf2
 .text.__truncdfsf2
                0x00000000000044d4      0x16a f:/qianrushi/anzhuang/1/mounriver/mounriver_studio/toolchain/risc-v embedded gcc/bin/../lib/gcc/riscv-none-embed/8.2.0/rv32imac/ilp32\libgcc.a(truncdfsf2.o)
                0x00000000000044d4                __truncdfsf2
 .text.__clzsi2
                0x000000000000463e       0x76 f:/qianrushi/anzhuang/1/mounriver/mounriver_studio/toolchain/risc-v embedded gcc/bin/../lib/gcc/riscv-none-embed/8.2.0/rv32imac/ilp32\libgcc.a(_clzsi2.o)
                0x000000000000463e                __clzsi2
 .text.printf   0x00000000000046b4       0x40 f:/qianrushi/anzhuang/1/mounriver/mounriver_studio/toolchain/risc-v embedded gcc/bin/../lib/gcc/riscv-none-embed/8.2.0/../../../../riscv-none-embed/lib/rv32imac/ilp32\libg_nano.a(lib_a-printf.o)
                0x00000000000046b4                iprintf
                0x00000000000046b4                printf
 .text._puts_r  0x00000000000046f4       0xda f:/qianrushi/anzhuang/1/mounriver/mounriver_studio/toolchain/risc-v embedded gcc/bin/../lib/gcc/riscv-none-embed/8.2.0/../../../../riscv-none-embed/lib/rv32imac/ilp32\libg_nano.a(lib_a-puts.o)
                0x00000000000046f4                _puts_r
 .text.puts     0x00000000000047ce        0xc f:/qianrushi/anzhuang/1/mounriver/mounriver_studio/toolchain/risc-v embedded gcc/bin/../lib/gcc/riscv-none-embed/8.2.0/../../../../riscv-none-embed/lib/rv32imac/ilp32\libg_nano.a(lib_a-puts.o)
                0x00000000000047ce                puts
 .text._vsnprintf_r
                0x00000000000047da       0x60 f:/qianrushi/anzhuang/1/mounriver/mounriver_studio/toolchain/risc-v embedded gcc/bin/../lib/gcc/riscv-none-embed/8.2.0/../../../../riscv-none-embed/lib/rv32imac/ilp32\libg_nano.a(lib_a-vsnprintf.o)
                0x00000000000047da                _vsniprintf_r
                0x00000000000047da                _vsnprintf_r
 .text.vsnprintf
                0x000000000000483a       0x10 f:/qianrushi/anzhuang/1/mounriver/mounriver_studio/toolchain/risc-v embedded gcc/bin/../lib/gcc/riscv-none-embed/8.2.0/../../../../riscv-none-embed/lib/rv32imac/ilp32\libg_nano.a(lib_a-vsnprintf.o)
                0x000000000000483a                vsniprintf
                0x000000000000483a                vsnprintf
 .text.__swbuf_r
                0x000000000000484a       0xc0 f:/qianrushi/anzhuang/1/mounriver/mounriver_studio/toolchain/risc-v embedded gcc/bin/../lib/gcc/riscv-none-embed/8.2.0/../../../../riscv-none-embed/lib/rv32imac/ilp32\libg_nano.a(lib_a-wbuf.o)
                0x000000000000484a                __swbuf_r
 .text.__swsetup_r
                0x000000000000490a      0x10c f:/qianrushi/anzhuang/1/mounriver/mounriver_studio/toolchain/risc-v embedded gcc/bin/../lib/gcc/riscv-none-embed/8.2.0/../../../../riscv-none-embed/lib/rv32imac/ilp32\libg_nano.a(lib_a-wsetup.o)
                0x000000000000490a                __swsetup_r
 .text.__sflush_r
                0x0000000000004a16      0x13c f:/qianrushi/anzhuang/1/mounriver/mounriver_studio/toolchain/risc-v embedded gcc/bin/../lib/gcc/riscv-none-embed/8.2.0/../../../../riscv-none-embed/lib/rv32imac/ilp32\libg_nano.a(lib_a-fflush.o)
                0x0000000000004a16                __sflush_r
 .text._fflush_r
                0x0000000000004b52       0x66 f:/qianrushi/anzhuang/1/mounriver/mounriver_studio/toolchain/risc-v embedded gcc/bin/../lib/gcc/riscv-none-embed/8.2.0/../../../../riscv-none-embed/lib/rv32imac/ilp32\libg_nano.a(lib_a-fflush.o)
                0x0000000000004b52                _fflush_r
 .text.std      0x0000000000004bb8       0x6a f:/qianrushi/anzhuang/1/mounriver/mounriver_studio/toolchain/risc-v embedded gcc/bin/../lib/gcc/riscv-none-embed/8.2.0/../../../../riscv-none-embed/lib/rv32imac/ilp32\libg_nano.a(lib_a-findfp.o)
 .text._cleanup_r
                0x0000000000004c22        0xa f:/qianrushi/anzhuang/1/mounriver/mounriver_studio/toolchain/risc-v embedded gcc/bin/../lib/gcc/riscv-none-embed/8.2.0/../../../../riscv-none-embed/lib/rv32imac/ilp32\libg_nano.a(lib_a-findfp.o)
                0x0000000000004c22                _cleanup_r
 .text.__sfmoreglue
                0x0000000000004c2c       0x46 f:/qianrushi/anzhuang/1/mounriver/mounriver_studio/toolchain/risc-v embedded gcc/bin/../lib/gcc/riscv-none-embed/8.2.0/../../../../riscv-none-embed/lib/rv32imac/ilp32\libg_nano.a(lib_a-findfp.o)
                0x0000000000004c2c                __sfmoreglue
 .text.__sinit  0x0000000000004c72       0x6c f:/qianrushi/anzhuang/1/mounriver/mounriver_studio/toolchain/risc-v embedded gcc/bin/../lib/gcc/riscv-none-embed/8.2.0/../../../../riscv-none-embed/lib/rv32imac/ilp32\libg_nano.a(lib_a-findfp.o)
                0x0000000000004c72                __sinit
 .text.__sfp    0x0000000000004cde       0xa0 f:/qianrushi/anzhuang/1/mounriver/mounriver_studio/toolchain/risc-v embedded gcc/bin/../lib/gcc/riscv-none-embed/8.2.0/../../../../riscv-none-embed/lib/rv32imac/ilp32\libg_nano.a(lib_a-findfp.o)
                0x0000000000004cde                __sfp
 .text._fwalk_reent
                0x0000000000004d7e       0x6c f:/qianrushi/anzhuang/1/mounriver/mounriver_studio/toolchain/risc-v embedded gcc/bin/../lib/gcc/riscv-none-embed/8.2.0/../../../../riscv-none-embed/lib/rv32imac/ilp32\libg_nano.a(lib_a-fwalk.o)
                0x0000000000004d7e                _fwalk_reent
 .text.__swhatbuf_r
                0x0000000000004dea       0x5a f:/qianrushi/anzhuang/1/mounriver/mounriver_studio/toolchain/risc-v embedded gcc/bin/../lib/gcc/riscv-none-embed/8.2.0/../../../../riscv-none-embed/lib/rv32imac/ilp32\libg_nano.a(lib_a-makebuf.o)
                0x0000000000004dea                __swhatbuf_r
 .text.__smakebuf_r
                0x0000000000004e44       0xa0 f:/qianrushi/anzhuang/1/mounriver/mounriver_studio/toolchain/risc-v embedded gcc/bin/../lib/gcc/riscv-none-embed/8.2.0/../../../../riscv-none-embed/lib/rv32imac/ilp32\libg_nano.a(lib_a-makebuf.o)
                0x0000000000004e44                __smakebuf_r
 .text._free_r  0x0000000000004ee4       0xa8 f:/qianrushi/anzhuang/1/mounriver/mounriver_studio/toolchain/risc-v embedded gcc/bin/../lib/gcc/riscv-none-embed/8.2.0/../../../../riscv-none-embed/lib/rv32imac/ilp32\libg_nano.a(lib_a-nano-freer.o)
                0x0000000000004ee4                _free_r
 .text._malloc_r
                0x0000000000004f8c       0xda f:/qianrushi/anzhuang/1/mounriver/mounriver_studio/toolchain/risc-v embedded gcc/bin/../lib/gcc/riscv-none-embed/8.2.0/../../../../riscv-none-embed/lib/rv32imac/ilp32\libg_nano.a(lib_a-nano-mallocr.o)
                0x0000000000004f8c                _malloc_r
 .text.__ssputs_r
                0x0000000000005066       0xee f:/qianrushi/anzhuang/1/mounriver/mounriver_studio/toolchain/risc-v embedded gcc/bin/../lib/gcc/riscv-none-embed/8.2.0/../../../../riscv-none-embed/lib/rv32imac/ilp32\libg_nano.a(lib_a-nano-svfprintf.o)
                0x0000000000005066                __ssputs_r
 .text._svfprintf_r
                0x0000000000005154      0x280 f:/qianrushi/anzhuang/1/mounriver/mounriver_studio/toolchain/risc-v embedded gcc/bin/../lib/gcc/riscv-none-embed/8.2.0/../../../../riscv-none-embed/lib/rv32imac/ilp32\libg_nano.a(lib_a-nano-svfprintf.o)
                0x0000000000005154                _svfiprintf_r
                0x0000000000005154                _svfprintf_r
 .text.__sfputc_r
                0x00000000000053d4       0x2a f:/qianrushi/anzhuang/1/mounriver/mounriver_studio/toolchain/risc-v embedded gcc/bin/../lib/gcc/riscv-none-embed/8.2.0/../../../../riscv-none-embed/lib/rv32imac/ilp32\libg_nano.a(lib_a-nano-vfprintf.o)
 .text.__sfputs_r
                0x00000000000053fe       0x44 f:/qianrushi/anzhuang/1/mounriver/mounriver_studio/toolchain/risc-v embedded gcc/bin/../lib/gcc/riscv-none-embed/8.2.0/../../../../riscv-none-embed/lib/rv32imac/ilp32\libg_nano.a(lib_a-nano-vfprintf.o)
                0x00000000000053fe                __sfputs_r
 .text._vfprintf_r
                0x0000000000005442      0x29c f:/qianrushi/anzhuang/1/mounriver/mounriver_studio/toolchain/risc-v embedded gcc/bin/../lib/gcc/riscv-none-embed/8.2.0/../../../../riscv-none-embed/lib/rv32imac/ilp32\libg_nano.a(lib_a-nano-vfprintf.o)
                0x0000000000005442                _vfprintf_r
                0x0000000000005442                _vfiprintf_r
 .text._printf_common
                0x00000000000056de      0x10c f:/qianrushi/anzhuang/1/mounriver/mounriver_studio/toolchain/risc-v embedded gcc/bin/../lib/gcc/riscv-none-embed/8.2.0/../../../../riscv-none-embed/lib/rv32imac/ilp32\libg_nano.a(lib_a-nano-vfprintf_i.o)
                0x00000000000056de                _printf_common
 .text._printf_i
                0x00000000000057ea      0x2aa f:/qianrushi/anzhuang/1/mounriver/mounriver_studio/toolchain/risc-v embedded gcc/bin/../lib/gcc/riscv-none-embed/8.2.0/../../../../riscv-none-embed/lib/rv32imac/ilp32\libg_nano.a(lib_a-nano-vfprintf_i.o)
                0x00000000000057ea                _printf_i
 .text._sbrk_r  0x0000000000005a94       0x2a f:/qianrushi/anzhuang/1/mounriver/mounriver_studio/toolchain/risc-v embedded gcc/bin/../lib/gcc/riscv-none-embed/8.2.0/../../../../riscv-none-embed/lib/rv32imac/ilp32\libg_nano.a(lib_a-sbrkr.o)
                0x0000000000005a94                _sbrk_r
 .text.__sread  0x0000000000005abe       0x30 f:/qianrushi/anzhuang/1/mounriver/mounriver_studio/toolchain/risc-v embedded gcc/bin/../lib/gcc/riscv-none-embed/8.2.0/../../../../riscv-none-embed/lib/rv32imac/ilp32\libg_nano.a(lib_a-stdio.o)
                0x0000000000005abe                __sread
 .text.__swrite
                0x0000000000005aee       0x4e f:/qianrushi/anzhuang/1/mounriver/mounriver_studio/toolchain/risc-v embedded gcc/bin/../lib/gcc/riscv-none-embed/8.2.0/../../../../riscv-none-embed/lib/rv32imac/ilp32\libg_nano.a(lib_a-stdio.o)
                0x0000000000005aee                __swrite
 .text.__sseek  0x0000000000005b3c       0x36 f:/qianrushi/anzhuang/1/mounriver/mounriver_studio/toolchain/risc-v embedded gcc/bin/../lib/gcc/riscv-none-embed/8.2.0/../../../../riscv-none-embed/lib/rv32imac/ilp32\libg_nano.a(lib_a-stdio.o)
                0x0000000000005b3c                __sseek
 .text.__sclose
                0x0000000000005b72        0x6 f:/qianrushi/anzhuang/1/mounriver/mounriver_studio/toolchain/risc-v embedded gcc/bin/../lib/gcc/riscv-none-embed/8.2.0/../../../../riscv-none-embed/lib/rv32imac/ilp32\libg_nano.a(lib_a-stdio.o)
                0x0000000000005b72                __sclose
 .text._write_r
                0x0000000000005b78       0x2e f:/qianrushi/anzhuang/1/mounriver/mounriver_studio/toolchain/risc-v embedded gcc/bin/../lib/gcc/riscv-none-embed/8.2.0/../../../../riscv-none-embed/lib/rv32imac/ilp32\libg_nano.a(lib_a-writer.o)
                0x0000000000005b78                _write_r
 .text._close_r
                0x0000000000005ba6       0x28 f:/qianrushi/anzhuang/1/mounriver/mounriver_studio/toolchain/risc-v embedded gcc/bin/../lib/gcc/riscv-none-embed/8.2.0/../../../../riscv-none-embed/lib/rv32imac/ilp32\libg_nano.a(lib_a-closer.o)
                0x0000000000005ba6                _close_r
 .text._fstat_r
                0x0000000000005bce       0x2a f:/qianrushi/anzhuang/1/mounriver/mounriver_studio/toolchain/risc-v embedded gcc/bin/../lib/gcc/riscv-none-embed/8.2.0/../../../../riscv-none-embed/lib/rv32imac/ilp32\libg_nano.a(lib_a-fstatr.o)
                0x0000000000005bce                _fstat_r
 .text._isatty_r
                0x0000000000005bf8       0x28 f:/qianrushi/anzhuang/1/mounriver/mounriver_studio/toolchain/risc-v embedded gcc/bin/../lib/gcc/riscv-none-embed/8.2.0/../../../../riscv-none-embed/lib/rv32imac/ilp32\libg_nano.a(lib_a-isattyr.o)
                0x0000000000005bf8                _isatty_r
 .text._lseek_r
                0x0000000000005c20       0x2c f:/qianrushi/anzhuang/1/mounriver/mounriver_studio/toolchain/risc-v embedded gcc/bin/../lib/gcc/riscv-none-embed/8.2.0/../../../../riscv-none-embed/lib/rv32imac/ilp32\libg_nano.a(lib_a-lseekr.o)
                0x0000000000005c20                _lseek_r
 .text.memchr   0x0000000000005c4c       0x1a f:/qianrushi/anzhuang/1/mounriver/mounriver_studio/toolchain/risc-v embedded gcc/bin/../lib/gcc/riscv-none-embed/8.2.0/../../../../riscv-none-embed/lib/rv32imac/ilp32\libg_nano.a(lib_a-memchr.o)
                0x0000000000005c4c                memchr
 .text.memcpy   0x0000000000005c66       0xb6 f:/qianrushi/anzhuang/1/mounriver/mounriver_studio/toolchain/risc-v embedded gcc/bin/../lib/gcc/riscv-none-embed/8.2.0/../../../../riscv-none-embed/lib/rv32imac/ilp32\libg_nano.a(lib_a-memcpy.o)
                0x0000000000005c66                memcpy
 .text.memmove  0x0000000000005d1c       0x4a f:/qianrushi/anzhuang/1/mounriver/mounriver_studio/toolchain/risc-v embedded gcc/bin/../lib/gcc/riscv-none-embed/8.2.0/../../../../riscv-none-embed/lib/rv32imac/ilp32\libg_nano.a(lib_a-memmove.o)
                0x0000000000005d1c                memmove
 .text.__malloc_lock
                0x0000000000005d66        0x2 f:/qianrushi/anzhuang/1/mounriver/mounriver_studio/toolchain/risc-v embedded gcc/bin/../lib/gcc/riscv-none-embed/8.2.0/../../../../riscv-none-embed/lib/rv32imac/ilp32\libg_nano.a(lib_a-mlock.o)
                0x0000000000005d66                __malloc_lock
 .text.__malloc_unlock
                0x0000000000005d68        0x2 f:/qianrushi/anzhuang/1/mounriver/mounriver_studio/toolchain/risc-v embedded gcc/bin/../lib/gcc/riscv-none-embed/8.2.0/../../../../riscv-none-embed/lib/rv32imac/ilp32\libg_nano.a(lib_a-mlock.o)
                0x0000000000005d68                __malloc_unlock
 .text._realloc_r
                0x0000000000005d6a       0x58 f:/qianrushi/anzhuang/1/mounriver/mounriver_studio/toolchain/risc-v embedded gcc/bin/../lib/gcc/riscv-none-embed/8.2.0/../../../../riscv-none-embed/lib/rv32imac/ilp32\libg_nano.a(lib_a-nano-reallocr.o)
                0x0000000000005d6a                _realloc_r
 .text._read_r  0x0000000000005dc2       0x2c f:/qianrushi/anzhuang/1/mounriver/mounriver_studio/toolchain/risc-v embedded gcc/bin/../lib/gcc/riscv-none-embed/8.2.0/../../../../riscv-none-embed/lib/rv32imac/ilp32\libg_nano.a(lib_a-readr.o)
                0x0000000000005dc2                _read_r
 .text._malloc_usable_size_r
                0x0000000000005dee       0x14 f:/qianrushi/anzhuang/1/mounriver/mounriver_studio/toolchain/risc-v embedded gcc/bin/../lib/gcc/riscv-none-embed/8.2.0/../../../../riscv-none-embed/lib/rv32imac/ilp32\libg_nano.a(lib_a-nano-msizer.o)
                0x0000000000005dee                _malloc_usable_size_r
 .text._close   0x0000000000005e02        0xc f:/qianrushi/anzhuang/1/mounriver/mounriver_studio/toolchain/risc-v embedded gcc/bin/../lib/gcc/riscv-none-embed/8.2.0/../../../../riscv-none-embed/lib/rv32imac/ilp32\libnosys.a(close.o)
                0x0000000000005e02                _close
 .text._fstat   0x0000000000005e0e        0xc f:/qianrushi/anzhuang/1/mounriver/mounriver_studio/toolchain/risc-v embedded gcc/bin/../lib/gcc/riscv-none-embed/8.2.0/../../../../riscv-none-embed/lib/rv32imac/ilp32\libnosys.a(fstat.o)
                0x0000000000005e0e                _fstat
 .text._isatty  0x0000000000005e1a        0xc f:/qianrushi/anzhuang/1/mounriver/mounriver_studio/toolchain/risc-v embedded gcc/bin/../lib/gcc/riscv-none-embed/8.2.0/../../../../riscv-none-embed/lib/rv32imac/ilp32\libnosys.a(isatty.o)
                0x0000000000005e1a                _isatty
 .text._lseek   0x0000000000005e26        0xc f:/qianrushi/anzhuang/1/mounriver/mounriver_studio/toolchain/risc-v embedded gcc/bin/../lib/gcc/riscv-none-embed/8.2.0/../../../../riscv-none-embed/lib/rv32imac/ilp32\libnosys.a(lseek.o)
                0x0000000000005e26                _lseek
 .text._read    0x0000000000005e32        0xc f:/qianrushi/anzhuang/1/mounriver/mounriver_studio/toolchain/risc-v embedded gcc/bin/../lib/gcc/riscv-none-embed/8.2.0/../../../../riscv-none-embed/lib/rv32imac/ilp32\libnosys.a(read.o)
                0x0000000000005e32                _read
 *(.rodata)
 *(.rodata*)
 *fill*         0x0000000000005e3e        0x2 
 .rodata.IMU_ConvertAccel.cst8
                0x0000000000005e40       0x28 ./User/imu_mpu6050.o
 .rodata.IMU_ConvertGyro.cst4
                0x0000000000005e68       0x14 ./User/imu_mpu6050.o
 .rodata.LCD_Init.str1.4
                0x0000000000005e7c       0x47 ./User/lcd_st7789.o
 *fill*         0x0000000000005ec3        0x1 
 .rodata.LCD_ShowChar.str1.4
                0x0000000000005ec4       0x4a ./User/lcd_st7789.o
 *fill*         0x0000000000005f0e        0x2 
 .rodata.LCD_ShowString.str1.4
                0x0000000000005f10       0x1e ./User/lcd_st7789.o
 *fill*         0x0000000000005f2e        0x2 
 .rodata.asc2_1608
                0x0000000000005f30      0x5e0 ./User/lcd_st7789.o
                0x0000000000005f30                asc2_1608
 .rodata.asc2_2412
                0x0000000000006510     0x11a0 ./User/lcd_st7789.o
                0x0000000000006510                asc2_2412
 .rodata.asc2_3216
                0x00000000000076b0     0x1780 ./User/lcd_st7789.o
                0x00000000000076b0                asc2_3216
 .rodata.DVP_IRQHandler.str1.4
                0x0000000000008e30        0x9 ./User/main.o
 *fill*         0x0000000000008e39        0x3 
 .rodata.main.cst4
                0x0000000000008e3c        0x8 ./User/main.o
 .rodata.main.str1.4
                0x0000000000008e44       0xf5 ./User/main.o
 *fill*         0x0000000000008f39        0x3 
 .rodata.OV2640_Init.str1.4
                0x0000000000008f3c       0x17 ./User/ov.o
 *fill*         0x0000000000008f53        0x1 
 .rodata.OV2640_InitRegTbl
                0x0000000000008f54      0x164 ./User/ov.o
                0x0000000000008f54                OV2640_InitRegTbl
 .rodata.OV2640_RGB565RegTbl
                0x00000000000090b8       0x1c ./User/ov.o
                0x00000000000090b8                OV2640_RGB565RegTbl
 .rodata.__muldf3
                0x00000000000090d4       0x40 f:/qianrushi/anzhuang/1/mounriver/mounriver_studio/toolchain/risc-v embedded gcc/bin/../lib/gcc/riscv-none-embed/8.2.0/rv32imac/ilp32\libgcc.a(muldf3.o)
 .rodata.__mulsf3
                0x0000000000009114       0x40 f:/qianrushi/anzhuang/1/mounriver/mounriver_studio/toolchain/risc-v embedded gcc/bin/../lib/gcc/riscv-none-embed/8.2.0/rv32imac/ilp32\libgcc.a(mulsf3.o)
 .rodata.__clz_tab
                0x0000000000009154      0x100 f:/qianrushi/anzhuang/1/mounriver/mounriver_studio/toolchain/risc-v embedded gcc/bin/../lib/gcc/riscv-none-embed/8.2.0/rv32imac/ilp32\libgcc.a(_clz.o)
                0x0000000000009154                __clz_tab
 .rodata.__sf_fake_stderr
                0x0000000000009254       0x20 f:/qianrushi/anzhuang/1/mounriver/mounriver_studio/toolchain/risc-v embedded gcc/bin/../lib/gcc/riscv-none-embed/8.2.0/../../../../riscv-none-embed/lib/rv32imac/ilp32\libg_nano.a(lib_a-findfp.o)
                0x0000000000009254                __sf_fake_stderr
 .rodata.__sf_fake_stdin
                0x0000000000009274       0x20 f:/qianrushi/anzhuang/1/mounriver/mounriver_studio/toolchain/risc-v embedded gcc/bin/../lib/gcc/riscv-none-embed/8.2.0/../../../../riscv-none-embed/lib/rv32imac/ilp32\libg_nano.a(lib_a-findfp.o)
                0x0000000000009274                __sf_fake_stdin
 .rodata.__sf_fake_stdout
                0x0000000000009294       0x20 f:/qianrushi/anzhuang/1/mounriver/mounriver_studio/toolchain/risc-v embedded gcc/bin/../lib/gcc/riscv-none-embed/8.2.0/../../../../riscv-none-embed/lib/rv32imac/ilp32\libg_nano.a(lib_a-findfp.o)
                0x0000000000009294                __sf_fake_stdout
 .rodata._svfprintf_r.str1.4
                0x00000000000092b4       0x13 f:/qianrushi/anzhuang/1/mounriver/mounriver_studio/toolchain/risc-v embedded gcc/bin/../lib/gcc/riscv-none-embed/8.2.0/../../../../riscv-none-embed/lib/rv32imac/ilp32\libg_nano.a(lib_a-nano-svfprintf.o)
 .rodata._vfprintf_r.str1.4
                0x00000000000092c7       0x13 f:/qianrushi/anzhuang/1/mounriver/mounriver_studio/toolchain/risc-v embedded gcc/bin/../lib/gcc/riscv-none-embed/8.2.0/../../../../riscv-none-embed/lib/rv32imac/ilp32\libg_nano.a(lib_a-nano-vfprintf.o)
 *fill*         0x00000000000092c7        0x1 
 .rodata._printf_i.str1.4
                0x00000000000092c8       0x28 f:/qianrushi/anzhuang/1/mounriver/mounriver_studio/toolchain/risc-v embedded gcc/bin/../lib/gcc/riscv-none-embed/8.2.0/../../../../riscv-none-embed/lib/rv32imac/ilp32\libg_nano.a(lib_a-nano-vfprintf_i.o)
                                         0x25 (size before relaxing)
 *(.glue_7)
 *(.glue_7t)
 *(.gnu.linkonce.t.*)
                0x00000000000092f0                . = ALIGN (0x4)

.rela.dyn       0x00000000000092f0        0x0
 .rela.text.EXTI0_IRQHandler
                0x00000000000092f0        0x0 ./User/ch32v30x_it.o
 .rela.text.startup.main
                0x00000000000092f0        0x0 ./User/ch32v30x_it.o
 .rela.text.TIM6_IRQHandler
                0x00000000000092f0        0x0 ./User/ch32v30x_it.o
 .rela.init     0x00000000000092f0        0x0 ./User/ch32v30x_it.o
 .rela.vector   0x00000000000092f0        0x0 ./User/ch32v30x_it.o
 .rela.text.handle_reset
                0x00000000000092f0        0x0 ./User/ch32v30x_it.o
 .rela.text._sbrk
                0x00000000000092f0        0x0 ./User/ch32v30x_it.o
 .rela.sdata.curbrk.5226
                0x00000000000092f0        0x0 ./User/ch32v30x_it.o
 .rela.text._svfprintf_r
                0x00000000000092f0        0x0 ./User/ch32v30x_it.o
 .rela.text._vfprintf_r
                0x00000000000092f0        0x0 ./User/ch32v30x_it.o
 .rela.text._sbrk_r
                0x00000000000092f0        0x0 ./User/ch32v30x_it.o
 .rela.text._write_r
                0x00000000000092f0        0x0 ./User/ch32v30x_it.o
 .rela.text._close_r
                0x00000000000092f0        0x0 ./User/ch32v30x_it.o
 .rela.text._fstat_r
                0x00000000000092f0        0x0 ./User/ch32v30x_it.o
 .rela.text._isatty_r
                0x00000000000092f0        0x0 ./User/ch32v30x_it.o
 .rela.text._lseek_r
                0x00000000000092f0        0x0 ./User/ch32v30x_it.o
 .rela.text._read_r
                0x00000000000092f0        0x0 ./User/ch32v30x_it.o
 .rela.text._close
                0x00000000000092f0        0x0 ./User/ch32v30x_it.o
 .rela.text._fstat
                0x00000000000092f0        0x0 ./User/ch32v30x_it.o
 .rela.text._isatty
                0x00000000000092f0        0x0 ./User/ch32v30x_it.o
 .rela.text._lseek
                0x00000000000092f0        0x0 ./User/ch32v30x_it.o
 .rela.text._read
                0x00000000000092f0        0x0 ./User/ch32v30x_it.o

.fini           0x00000000000092f0        0x0
 *(SORT_NONE(.fini))
                0x00000000000092f0                . = ALIGN (0x4)
                [!provide]                        PROVIDE (_etext = .)
                [!provide]                        PROVIDE (_eitcm = .)

.preinit_array  0x00000000000092f0        0x0
                [!provide]                        PROVIDE (__preinit_array_start = .)
 *(.preinit_array)
                [!provide]                        PROVIDE (__preinit_array_end = .)

.init_array     0x00000000000092f0        0x0
                [!provide]                        PROVIDE (__init_array_start = .)
 *(SORT_BY_INIT_PRIORITY(.init_array.*) SORT_BY_INIT_PRIORITY(.ctors.*))
 *(.init_array EXCLUDE_FILE(*crtend?.o *crtend.o *crtbegin?.o *crtbegin.o) .ctors)
                [!provide]                        PROVIDE (__init_array_end = .)

.fini_array     0x00000000000092f0        0x0
                [!provide]                        PROVIDE (__fini_array_start = .)
 *(SORT_BY_INIT_PRIORITY(.fini_array.*) SORT_BY_INIT_PRIORITY(.dtors.*))
 *(.fini_array EXCLUDE_FILE(*crtend?.o *crtend.o *crtbegin?.o *crtbegin.o) .dtors)
                [!provide]                        PROVIDE (__fini_array_end = .)

.ctors
 *crtbegin.o(.ctors)
 *crtbegin?.o(.ctors)
 *(EXCLUDE_FILE(*crtend?.o *crtend.o) .ctors)
 *(SORT_BY_NAME(.ctors.*))
 *(.ctors)

.dtors
 *crtbegin.o(.dtors)
 *crtbegin?.o(.dtors)
 *(EXCLUDE_FILE(*crtend?.o *crtend.o) .dtors)
 *(SORT_BY_NAME(.dtors.*))
 *(.dtors)

.dalign         0x0000000020000000        0x0 load address 0x00000000000092f0
                0x0000000020000000                . = ALIGN (0x4)
                0x0000000020000000                PROVIDE (_data_vma = .)

.dlalign        0x00000000000092f0        0x0
                0x00000000000092f0                . = ALIGN (0x4)
                0x00000000000092f0                PROVIDE (_data_lma = .)

.data           0x0000000020000000       0x98 load address 0x00000000000092f0
 *(.gnu.linkonce.r.*)
 *(.data .data.*)
 .data.APBAHBPrescTable
                0x0000000020000000       0x10 ./Peripheral/src/ch32v30x_rcc.o
 .data.impure_data
                0x0000000020000010       0x60 f:/qianrushi/anzhuang/1/mounriver/mounriver_studio/toolchain/risc-v embedded gcc/bin/../lib/gcc/riscv-none-embed/8.2.0/../../../../riscv-none-embed/lib/rv32imac/ilp32\libg_nano.a(lib_a-impure.o)
 *(.gnu.linkonce.d.*)
                0x0000000020000070                . = ALIGN (0x8)
                0x0000000020000870                PROVIDE (__global_pointer$ = (. + 0x800))
 *(.sdata .sdata.*)
 .sdata.FORE_COLOR
                0x0000000020000070        0x2 ./User/lcd_st7789.o
                0x0000000020000070                FORE_COLOR
 *fill*         0x0000000020000072        0x2 
 .sdata.RGB565_DVPDMAaddr0
                0x0000000020000074        0x4 ./User/main.o
                0x0000000020000074                RGB565_DVPDMAaddr0
 .sdata.RGB565_DVPDMAaddr1
                0x0000000020000078        0x4 ./User/main.o
                0x0000000020000078                RGB565_DVPDMAaddr1
 .sdata.acc_threshold_crack_100x
                0x000000002000007c        0x4 ./User/main.o
                0x000000002000007c                acc_threshold_crack_100x
 .sdata.acc_threshold_warning_100x
                0x0000000020000080        0x4 ./User/main.o
                0x0000000020000080                acc_threshold_warning_100x
 .sdata.SystemCoreClock
                0x0000000020000084        0x4 ./User/system_ch32v30x.o
                0x0000000020000084                SystemCoreClock
 .sdata.ADCPrescTable
                0x0000000020000088        0x4 ./Peripheral/src/ch32v30x_rcc.o
 .sdata.curbrk.5226
                0x000000002000008c        0x4 ./Debug/debug.o
 .sdata._impure_ptr
                0x0000000020000090        0x4 f:/qianrushi/anzhuang/1/mounriver/mounriver_studio/toolchain/risc-v embedded gcc/bin/../lib/gcc/riscv-none-embed/8.2.0/../../../../riscv-none-embed/lib/rv32imac/ilp32\libg_nano.a(lib_a-impure.o)
                0x0000000020000090                _impure_ptr
 *(.sdata2.*)
 .sdata2._global_impure_ptr
                0x0000000020000094        0x4 f:/qianrushi/anzhuang/1/mounriver/mounriver_studio/toolchain/risc-v embedded gcc/bin/../lib/gcc/riscv-none-embed/8.2.0/../../../../riscv-none-embed/lib/rv32imac/ilp32\libg_nano.a(lib_a-impure.o)
                0x0000000020000094                _global_impure_ptr
 *(.gnu.linkonce.s.*)
                0x0000000020000098                . = ALIGN (0x8)
 *(.srodata.cst16)
 *(.srodata.cst8)
 *(.srodata.cst4)
 *(.srodata.cst2)
 *(.srodata .srodata.*)
                0x0000000020000098                . = ALIGN (0x4)
                0x0000000020000098                PROVIDE (_edata = .)

.bss            0x0000000020000098       0x74 load address 0x0000000000009388
                0x0000000020000098                . = ALIGN (0x4)
                0x0000000020000098                PROVIDE (_sbss = .)
 *(.sbss*)
 .sbss.accel_fsr
                0x0000000020000098        0x1 ./User/imu_mpu6050.o
                0x0000000020000098                accel_fsr
 .sbss.gyro_fsr
                0x0000000020000099        0x1 ./User/imu_mpu6050.o
                0x0000000020000099                gyro_fsr
 .sbss.BACK_COLOR
                0x000000002000009a        0x2 ./User/lcd_st7789.o
                0x000000002000009a                BACK_COLOR
 .sbss.addr_cnt
                0x000000002000009c        0x4 ./User/main.o
                0x000000002000009c                addr_cnt
 .sbss.crack_flag
                0x00000000200000a0        0x1 ./User/main.o
                0x00000000200000a0                crack_flag
 .sbss.crack_halt_flag
                0x00000000200000a1        0x1 ./User/main.o
                0x00000000200000a1                crack_halt_flag
 .sbss.crack_repair_flag
                0x00000000200000a2        0x1 ./User/main.o
                0x00000000200000a2                crack_repair_flag
 *fill*         0x00000000200000a3        0x1 
 .sbss.frame_cnt
                0x00000000200000a4        0x4 ./User/main.o
                0x00000000200000a4                frame_cnt
 .sbss.href_cnt
                0x00000000200000a8        0x4 ./User/main.o
                0x00000000200000a8                href_cnt
 .sbss.refresh_flag
                0x00000000200000ac        0x1 ./User/main.o
                0x00000000200000ac                refresh_flag
 .sbss.tick     0x00000000200000ad        0x1 ./User/main.o
                0x00000000200000ad                tick
 .sbss.warning_flag
                0x00000000200000ae        0x1 ./User/main.o
                0x00000000200000ae                warning_flag
 *fill*         0x00000000200000af        0x1 
 .sbss.NVIC_Priority_Group
                0x00000000200000b0        0x4 ./Peripheral/src/ch32v30x_misc.o
                0x00000000200000b0                NVIC_Priority_Group
 .sbss.p_ms     0x00000000200000b4        0x2 ./Debug/debug.o
 .sbss.p_us     0x00000000200000b6        0x1 ./Debug/debug.o
 *fill*         0x00000000200000b7        0x1 
 .sbss.__malloc_free_list
                0x00000000200000b8        0x4 f:/qianrushi/anzhuang/1/mounriver/mounriver_studio/toolchain/risc-v embedded gcc/bin/../lib/gcc/riscv-none-embed/8.2.0/../../../../riscv-none-embed/lib/rv32imac/ilp32\libg_nano.a(lib_a-nano-mallocr.o)
                0x00000000200000b8                __malloc_free_list
 .sbss.__malloc_sbrk_start
                0x00000000200000bc        0x4 f:/qianrushi/anzhuang/1/mounriver/mounriver_studio/toolchain/risc-v embedded gcc/bin/../lib/gcc/riscv-none-embed/8.2.0/../../../../riscv-none-embed/lib/rv32imac/ilp32\libg_nano.a(lib_a-nano-mallocr.o)
                0x00000000200000bc                __malloc_sbrk_start
 *(.gnu.linkonce.sb.*)
 *(.bss*)
 *(.gnu.linkonce.b.*)
 *(COMMON*)
 COMMON         0x00000000200000c0       0x48 ./User/main.o
                0x00000000200000c0                acc
                0x00000000200000cc                acc_total_100x
                0x00000000200000d0                raw_acc_total
                0x00000000200000d4                raw_gyro_total
                0x00000000200000d8                raw_gyro
                0x00000000200000de                img_tape
                0x00000000200000e0                time_stamp_record
                0x00000000200000e4                gyro
                0x00000000200000f0                time_stamp_trigger
                0x00000000200000f4                time
                0x00000000200000f8                gyro_total_10x
                0x00000000200000fc                raw_acc
                0x0000000020000104                acc_record_100x
 COMMON         0x0000000020000108        0x4 f:/qianrushi/anzhuang/1/mounriver/mounriver_studio/toolchain/risc-v embedded gcc/bin/../lib/gcc/riscv-none-embed/8.2.0/../../../../riscv-none-embed/lib/rv32imac/ilp32\libg_nano.a(lib_a-reent.o)
                0x0000000020000108                errno
                0x000000002000010c                . = ALIGN (0x4)
                0x000000002000010c                PROVIDE (_ebss = .)
                0x000000002000010c                PROVIDE (_end = _ebss)
                [!provide]                        PROVIDE (end = .)

.stack          0x0000000020007800      0x800
                0x0000000020007800                PROVIDE (_heap_end = .)
                0x0000000020007800                . = ALIGN (0x4)
                [!provide]                        PROVIDE (_susrstack = .)
                0x0000000020008000                . = (. + __stack_size)
 *fill*         0x0000000020007800      0x800 
                0x0000000020008000                PROVIDE (_eusrstack = .)
OUTPUT(Glass_Cracker.elf elf32-littleriscv)

.debug_info     0x0000000000000000    0x17ef5
 .debug_info    0x0000000000000000      0x962 ./User/ch32v30x_it.o
 .debug_info    0x0000000000000962      0xfa0 ./User/gpio.o
 .debug_info    0x0000000000001902      0xd73 ./User/i2c.o
 .debug_info    0x0000000000002675     0x191c ./User/imu_mpu6050.o
 .debug_info    0x0000000000003f91     0x30ec ./User/lcd_st7789.o
 .debug_info    0x000000000000707d     0x1c20 ./User/main.o
 .debug_info    0x0000000000008c9d     0x1477 ./User/ov.o
 .debug_info    0x000000000000a114      0xb63 ./User/system_ch32v30x.o
 .debug_info    0x000000000000ac77     0x11c3 ./User/timer.o
 .debug_info    0x000000000000be3a       0x22 ./Startup/startup_ch32v30x_D8C.o
 .debug_info    0x000000000000be5c      0xd13 ./Peripheral/src/ch32v30x_dma.o
 .debug_info    0x000000000000cb6f      0xc0d ./Peripheral/src/ch32v30x_exti.o
 .debug_info    0x000000000000d77c     0x104d ./Peripheral/src/ch32v30x_fsmc.o
 .debug_info    0x000000000000e7c9     0x1093 ./Peripheral/src/ch32v30x_gpio.o
 .debug_info    0x000000000000f85c     0x1481 ./Peripheral/src/ch32v30x_i2c.o
 .debug_info    0x0000000000010cdd      0xf67 ./Peripheral/src/ch32v30x_misc.o
 .debug_info    0x0000000000011c44     0x155d ./Peripheral/src/ch32v30x_rcc.o
 .debug_info    0x00000000000131a1     0x2a18 ./Peripheral/src/ch32v30x_tim.o
 .debug_info    0x0000000000015bb9     0x1420 ./Peripheral/src/ch32v30x_usart.o
 .debug_info    0x0000000000016fd9      0xf1c ./Debug/debug.o

.debug_abbrev   0x0000000000000000     0x3c2a
 .debug_abbrev  0x0000000000000000      0x1cf ./User/ch32v30x_it.o
 .debug_abbrev  0x00000000000001cf      0x275 ./User/gpio.o
 .debug_abbrev  0x0000000000000444      0x280 ./User/i2c.o
 .debug_abbrev  0x00000000000006c4      0x415 ./User/imu_mpu6050.o
 .debug_abbrev  0x0000000000000ad9      0x4cb ./User/lcd_st7789.o
 .debug_abbrev  0x0000000000000fa4      0x3a8 ./User/main.o
 .debug_abbrev  0x000000000000134c      0x378 ./User/ov.o
 .debug_abbrev  0x00000000000016c4      0x2c0 ./User/system_ch32v30x.o
 .debug_abbrev  0x0000000000001984      0x295 ./User/timer.o
 .debug_abbrev  0x0000000000001c19       0x12 ./Startup/startup_ch32v30x_D8C.o
 .debug_abbrev  0x0000000000001c2b      0x2fd ./Peripheral/src/ch32v30x_dma.o
 .debug_abbrev  0x0000000000001f28      0x2da ./Peripheral/src/ch32v30x_exti.o
 .debug_abbrev  0x0000000000002202      0x2d9 ./Peripheral/src/ch32v30x_fsmc.o
 .debug_abbrev  0x00000000000024db      0x31a ./Peripheral/src/ch32v30x_gpio.o
 .debug_abbrev  0x00000000000027f5      0x3aa ./Peripheral/src/ch32v30x_i2c.o
 .debug_abbrev  0x0000000000002b9f      0x2fb ./Peripheral/src/ch32v30x_misc.o
 .debug_abbrev  0x0000000000002e9a      0x351 ./Peripheral/src/ch32v30x_rcc.o
 .debug_abbrev  0x00000000000031eb      0x421 ./Peripheral/src/ch32v30x_tim.o
 .debug_abbrev  0x000000000000360c      0x325 ./Peripheral/src/ch32v30x_usart.o
 .debug_abbrev  0x0000000000003931      0x2f9 ./Debug/debug.o

.debug_aranges  0x0000000000000000      0xc80
 .debug_aranges
                0x0000000000000000       0x28 ./User/ch32v30x_it.o
 .debug_aranges
                0x0000000000000028       0x28 ./User/gpio.o
 .debug_aranges
                0x0000000000000050       0x20 ./User/i2c.o
 .debug_aranges
                0x0000000000000070       0x98 ./User/imu_mpu6050.o
 .debug_aranges
                0x0000000000000108      0x110 ./User/lcd_st7789.o
 .debug_aranges
                0x0000000000000218       0x50 ./User/main.o
 .debug_aranges
                0x0000000000000268       0x98 ./User/ov.o
 .debug_aranges
                0x0000000000000300       0x28 ./User/system_ch32v30x.o
 .debug_aranges
                0x0000000000000328       0x48 ./User/timer.o
 .debug_aranges
                0x0000000000000370       0x30 ./Startup/startup_ch32v30x_D8C.o
 .debug_aranges
                0x00000000000003a0       0x60 ./Peripheral/src/ch32v30x_dma.o
 .debug_aranges
                0x0000000000000400       0x50 ./Peripheral/src/ch32v30x_exti.o
 .debug_aranges
                0x0000000000000450       0x90 ./Peripheral/src/ch32v30x_fsmc.o
 .debug_aranges
                0x00000000000004e0       0xa8 ./Peripheral/src/ch32v30x_gpio.o
 .debug_aranges
                0x0000000000000588      0x110 ./Peripheral/src/ch32v30x_i2c.o
 .debug_aranges
                0x0000000000000698       0x28 ./Peripheral/src/ch32v30x_misc.o
 .debug_aranges
                0x00000000000006c0      0x1a8 ./Peripheral/src/ch32v30x_rcc.o
 .debug_aranges
                0x0000000000000868      0x2d0 ./Peripheral/src/ch32v30x_tim.o
 .debug_aranges
                0x0000000000000b38      0x100 ./Peripheral/src/ch32v30x_usart.o
 .debug_aranges
                0x0000000000000c38       0x48 ./Debug/debug.o

.debug_ranges   0x0000000000000000      0xd20
 .debug_ranges  0x0000000000000000       0x18 ./User/ch32v30x_it.o
 .debug_ranges  0x0000000000000018       0x18 ./User/gpio.o
 .debug_ranges  0x0000000000000030       0x10 ./User/i2c.o
 .debug_ranges  0x0000000000000040       0xc0 ./User/imu_mpu6050.o
 .debug_ranges  0x0000000000000100      0x1b8 ./User/lcd_st7789.o
 .debug_ranges  0x00000000000002b8       0x70 ./User/main.o
 .debug_ranges  0x0000000000000328       0xa8 ./User/ov.o
 .debug_ranges  0x00000000000003d0       0x38 ./User/system_ch32v30x.o
 .debug_ranges  0x0000000000000408       0x38 ./User/timer.o
 .debug_ranges  0x0000000000000440       0x28 ./Startup/startup_ch32v30x_D8C.o
 .debug_ranges  0x0000000000000468       0x50 ./Peripheral/src/ch32v30x_dma.o
 .debug_ranges  0x00000000000004b8       0x40 ./Peripheral/src/ch32v30x_exti.o
 .debug_ranges  0x00000000000004f8       0x80 ./Peripheral/src/ch32v30x_fsmc.o
 .debug_ranges  0x0000000000000578       0x98 ./Peripheral/src/ch32v30x_gpio.o
 .debug_ranges  0x0000000000000610      0x100 ./Peripheral/src/ch32v30x_i2c.o
 .debug_ranges  0x0000000000000710       0x48 ./Peripheral/src/ch32v30x_misc.o
 .debug_ranges  0x0000000000000758      0x198 ./Peripheral/src/ch32v30x_rcc.o
 .debug_ranges  0x00000000000008f0      0x308 ./Peripheral/src/ch32v30x_tim.o
 .debug_ranges  0x0000000000000bf8       0xf0 ./Peripheral/src/ch32v30x_usart.o
 .debug_ranges  0x0000000000000ce8       0x38 ./Debug/debug.o

.debug_line     0x0000000000000000    0x12bc5
 .debug_line    0x0000000000000000      0x270 ./User/ch32v30x_it.o
 .debug_line    0x0000000000000270      0x5c6 ./User/gpio.o
 .debug_line    0x0000000000000836      0x43e ./User/i2c.o
 .debug_line    0x0000000000000c74     0x1427 ./User/imu_mpu6050.o
 .debug_line    0x000000000000209b     0x2d49 ./User/lcd_st7789.o
 .debug_line    0x0000000000004de4     0x12bb ./User/main.o
 .debug_line    0x000000000000609f     0x1155 ./User/ov.o
 .debug_line    0x00000000000071f4      0x77c ./User/system_ch32v30x.o
 .debug_line    0x0000000000007970      0x68c ./User/timer.o
 .debug_line    0x0000000000007ffc      0x356 ./Startup/startup_ch32v30x_D8C.o
 .debug_line    0x0000000000008352      0xa20 ./Peripheral/src/ch32v30x_dma.o
 .debug_line    0x0000000000008d72      0x625 ./Peripheral/src/ch32v30x_exti.o
 .debug_line    0x0000000000009397      0xe81 ./Peripheral/src/ch32v30x_fsmc.o
 .debug_line    0x000000000000a218      0xe00 ./Peripheral/src/ch32v30x_gpio.o
 .debug_line    0x000000000000b018     0x11b6 ./Peripheral/src/ch32v30x_i2c.o
 .debug_line    0x000000000000c1ce      0x51f ./Peripheral/src/ch32v30x_misc.o
 .debug_line    0x000000000000c6ed     0x1840 ./Peripheral/src/ch32v30x_rcc.o
 .debug_line    0x000000000000df2d     0x3464 ./Peripheral/src/ch32v30x_tim.o
 .debug_line    0x0000000000011391     0x10f9 ./Peripheral/src/ch32v30x_usart.o
 .debug_line    0x000000000001248a      0x73b ./Debug/debug.o

.debug_str      0x0000000000000000     0x3e67
 .debug_str     0x0000000000000000      0x54c ./User/ch32v30x_it.o
                                        0x5ad (size before relaxing)
 .debug_str     0x000000000000054c      0x906 ./User/gpio.o
                                        0xea7 (size before relaxing)
 .debug_str     0x0000000000000e52      0x169 ./User/i2c.o
                                        0x879 (size before relaxing)
 .debug_str     0x0000000000000fbb      0x22a ./User/imu_mpu6050.o
                                        0x8b8 (size before relaxing)
 .debug_str     0x00000000000011e5      0x818 ./User/lcd_st7789.o
                                        0xfe7 (size before relaxing)
 .debug_str     0x00000000000019fd      0x3e1 ./User/main.o
                                       0x12d9 (size before relaxing)
 .debug_str     0x0000000000001dde      0x187 ./User/ov.o
                                        0x8c6 (size before relaxing)
 .debug_str     0x0000000000001f65       0xef ./User/system_ch32v30x.o
                                        0x6a7 (size before relaxing)
 .debug_str     0x0000000000002054       0x4b ./User/timer.o
                                        0xe45 (size before relaxing)
 .debug_str     0x000000000000209f       0x2e ./Startup/startup_ch32v30x_D8C.o
                                         0x6c (size before relaxing)
 .debug_str     0x00000000000020cd      0x108 ./Peripheral/src/ch32v30x_dma.o
                                        0x7ea (size before relaxing)
 .debug_str     0x00000000000021d5       0xd5 ./Peripheral/src/ch32v30x_exti.o
                                        0x784 (size before relaxing)
 .debug_str     0x00000000000022aa      0x2cf ./Peripheral/src/ch32v30x_fsmc.o
                                        0xabf (size before relaxing)
 .debug_str     0x0000000000002579      0x218 ./Peripheral/src/ch32v30x_gpio.o
                                        0x968 (size before relaxing)
 .debug_str     0x0000000000002791      0x322 ./Peripheral/src/ch32v30x_i2c.o
                                        0xad7 (size before relaxing)
 .debug_str     0x0000000000002ab3       0xfa ./Peripheral/src/ch32v30x_misc.o
                                        0xcb3 (size before relaxing)
 .debug_str     0x0000000000002bad      0x50d ./Peripheral/src/ch32v30x_rcc.o
                                        0xcb8 (size before relaxing)
 .debug_str     0x00000000000030ba      0x921 ./Peripheral/src/ch32v30x_tim.o
                                       0x1272 (size before relaxing)
 .debug_str     0x00000000000039db      0x416 ./Peripheral/src/ch32v30x_usart.o
                                        0xb0e (size before relaxing)
 .debug_str     0x0000000000003df1       0x76 ./Debug/debug.o
                                        0x8f6 (size before relaxing)

.comment        0x0000000000000000       0x33
 .comment       0x0000000000000000       0x33 ./User/ch32v30x_it.o
                                         0x34 (size before relaxing)
 .comment       0x0000000000000033       0x34 ./User/gpio.o
 .comment       0x0000000000000033       0x34 ./User/i2c.o
 .comment       0x0000000000000033       0x34 ./User/imu_mpu6050.o
 .comment       0x0000000000000033       0x34 ./User/lcd_st7789.o
 .comment       0x0000000000000033       0x34 ./User/main.o
 .comment       0x0000000000000033       0x34 ./User/ov.o
 .comment       0x0000000000000033       0x34 ./User/system_ch32v30x.o
 .comment       0x0000000000000033       0x34 ./User/timer.o
 .comment       0x0000000000000033       0x34 ./Peripheral/src/ch32v30x_dma.o
 .comment       0x0000000000000033       0x34 ./Peripheral/src/ch32v30x_exti.o
 .comment       0x0000000000000033       0x34 ./Peripheral/src/ch32v30x_fsmc.o
 .comment       0x0000000000000033       0x34 ./Peripheral/src/ch32v30x_gpio.o
 .comment       0x0000000000000033       0x34 ./Peripheral/src/ch32v30x_i2c.o
 .comment       0x0000000000000033       0x34 ./Peripheral/src/ch32v30x_misc.o
 .comment       0x0000000000000033       0x34 ./Peripheral/src/ch32v30x_rcc.o
 .comment       0x0000000000000033       0x34 ./Peripheral/src/ch32v30x_tim.o
 .comment       0x0000000000000033       0x34 ./Peripheral/src/ch32v30x_usart.o
 .comment       0x0000000000000033       0x34 ./Debug/debug.o

.debug_frame    0x0000000000000000     0x2b6c
 .debug_frame   0x0000000000000000       0x30 ./User/ch32v30x_it.o
 .debug_frame   0x0000000000000030       0x40 ./User/gpio.o
 .debug_frame   0x0000000000000070       0x38 ./User/i2c.o
 .debug_frame   0x00000000000000a8      0x260 ./User/imu_mpu6050.o
 .debug_frame   0x0000000000000308      0x48c ./User/lcd_st7789.o
 .debug_frame   0x0000000000000794       0xfc ./User/main.o
 .debug_frame   0x0000000000000890      0x268 ./User/ov.o
 .debug_frame   0x0000000000000af8       0x3c ./User/system_ch32v30x.o
 .debug_frame   0x0000000000000b34       0xb8 ./User/timer.o
 .debug_frame   0x0000000000000bec       0xc0 ./Peripheral/src/ch32v30x_dma.o
 .debug_frame   0x0000000000000cac       0x90 ./Peripheral/src/ch32v30x_exti.o
 .debug_frame   0x0000000000000d3c      0x100 ./Peripheral/src/ch32v30x_fsmc.o
 .debug_frame   0x0000000000000e3c      0x150 ./Peripheral/src/ch32v30x_gpio.o
 .debug_frame   0x0000000000000f8c      0x25c ./Peripheral/src/ch32v30x_i2c.o
 .debug_frame   0x00000000000011e8       0x30 ./Peripheral/src/ch32v30x_misc.o
 .debug_frame   0x0000000000001218      0x340 ./Peripheral/src/ch32v30x_rcc.o
 .debug_frame   0x0000000000001558      0x66c ./Peripheral/src/ch32v30x_tim.o
 .debug_frame   0x0000000000001bc4      0x210 ./Peripheral/src/ch32v30x_usart.o
 .debug_frame   0x0000000000001dd4       0xa4 ./Debug/debug.o
 .debug_frame   0x0000000000001e78       0x44 f:/qianrushi/anzhuang/1/mounriver/mounriver_studio/toolchain/risc-v embedded gcc/bin/../lib/gcc/riscv-none-embed/8.2.0/rv32imac/ilp32\libgcc.a(adddf3.o)
 .debug_frame   0x0000000000001ebc       0x54 f:/qianrushi/anzhuang/1/mounriver/mounriver_studio/toolchain/risc-v embedded gcc/bin/../lib/gcc/riscv-none-embed/8.2.0/rv32imac/ilp32\libgcc.a(muldf3.o)
 .debug_frame   0x0000000000001f10       0x40 f:/qianrushi/anzhuang/1/mounriver/mounriver_studio/toolchain/risc-v embedded gcc/bin/../lib/gcc/riscv-none-embed/8.2.0/rv32imac/ilp32\libgcc.a(addsf3.o)
 .debug_frame   0x0000000000001f50       0x20 f:/qianrushi/anzhuang/1/mounriver/mounriver_studio/toolchain/risc-v embedded gcc/bin/../lib/gcc/riscv-none-embed/8.2.0/rv32imac/ilp32\libgcc.a(gesf2.o)
 .debug_frame   0x0000000000001f70       0x50 f:/qianrushi/anzhuang/1/mounriver/mounriver_studio/toolchain/risc-v embedded gcc/bin/../lib/gcc/riscv-none-embed/8.2.0/rv32imac/ilp32\libgcc.a(mulsf3.o)
 .debug_frame   0x0000000000001fc0       0x20 f:/qianrushi/anzhuang/1/mounriver/mounriver_studio/toolchain/risc-v embedded gcc/bin/../lib/gcc/riscv-none-embed/8.2.0/rv32imac/ilp32\libgcc.a(fixsfsi.o)
 .debug_frame   0x0000000000001fe0       0x38 f:/qianrushi/anzhuang/1/mounriver/mounriver_studio/toolchain/risc-v embedded gcc/bin/../lib/gcc/riscv-none-embed/8.2.0/rv32imac/ilp32\libgcc.a(floatsisf.o)
 .debug_frame   0x0000000000002018       0x38 f:/qianrushi/anzhuang/1/mounriver/mounriver_studio/toolchain/risc-v embedded gcc/bin/../lib/gcc/riscv-none-embed/8.2.0/rv32imac/ilp32\libgcc.a(extendsfdf2.o)
 .debug_frame   0x0000000000002050       0x20 f:/qianrushi/anzhuang/1/mounriver/mounriver_studio/toolchain/risc-v embedded gcc/bin/../lib/gcc/riscv-none-embed/8.2.0/rv32imac/ilp32\libgcc.a(truncdfsf2.o)
 .debug_frame   0x0000000000002070       0x20 f:/qianrushi/anzhuang/1/mounriver/mounriver_studio/toolchain/risc-v embedded gcc/bin/../lib/gcc/riscv-none-embed/8.2.0/rv32imac/ilp32\libgcc.a(_clzsi2.o)
 .debug_frame   0x0000000000002090       0x54 f:/qianrushi/anzhuang/1/mounriver/mounriver_studio/toolchain/risc-v embedded gcc/bin/../lib/gcc/riscv-none-embed/8.2.0/../../../../riscv-none-embed/lib/rv32imac/ilp32\libg_nano.a(lib_a-printf.o)
 .debug_frame   0x00000000000020e4       0x54 f:/qianrushi/anzhuang/1/mounriver/mounriver_studio/toolchain/risc-v embedded gcc/bin/../lib/gcc/riscv-none-embed/8.2.0/../../../../riscv-none-embed/lib/rv32imac/ilp32\libg_nano.a(lib_a-puts.o)
 .debug_frame   0x0000000000002138       0x48 f:/qianrushi/anzhuang/1/mounriver/mounriver_studio/toolchain/risc-v embedded gcc/bin/../lib/gcc/riscv-none-embed/8.2.0/../../../../riscv-none-embed/lib/rv32imac/ilp32\libg_nano.a(lib_a-vsnprintf.o)
 .debug_frame   0x0000000000002180       0x50 f:/qianrushi/anzhuang/1/mounriver/mounriver_studio/toolchain/risc-v embedded gcc/bin/../lib/gcc/riscv-none-embed/8.2.0/../../../../riscv-none-embed/lib/rv32imac/ilp32\libg_nano.a(lib_a-wbuf.o)
 .debug_frame   0x00000000000021d0       0x3c f:/qianrushi/anzhuang/1/mounriver/mounriver_studio/toolchain/risc-v embedded gcc/bin/../lib/gcc/riscv-none-embed/8.2.0/../../../../riscv-none-embed/lib/rv32imac/ilp32\libg_nano.a(lib_a-wsetup.o)
 .debug_frame   0x000000000000220c       0x7c f:/qianrushi/anzhuang/1/mounriver/mounriver_studio/toolchain/risc-v embedded gcc/bin/../lib/gcc/riscv-none-embed/8.2.0/../../../../riscv-none-embed/lib/rv32imac/ilp32\libg_nano.a(lib_a-fflush.o)
 .debug_frame   0x0000000000002288      0x148 f:/qianrushi/anzhuang/1/mounriver/mounriver_studio/toolchain/risc-v embedded gcc/bin/../lib/gcc/riscv-none-embed/8.2.0/../../../../riscv-none-embed/lib/rv32imac/ilp32\libg_nano.a(lib_a-findfp.o)
 .debug_frame   0x00000000000023d0       0x88 f:/qianrushi/anzhuang/1/mounriver/mounriver_studio/toolchain/risc-v embedded gcc/bin/../lib/gcc/riscv-none-embed/8.2.0/../../../../riscv-none-embed/lib/rv32imac/ilp32\libg_nano.a(lib_a-fwalk.o)
 .debug_frame   0x0000000000002458       0x64 f:/qianrushi/anzhuang/1/mounriver/mounriver_studio/toolchain/risc-v embedded gcc/bin/../lib/gcc/riscv-none-embed/8.2.0/../../../../riscv-none-embed/lib/rv32imac/ilp32\libg_nano.a(lib_a-makebuf.o)
 .debug_frame   0x00000000000024bc       0x40 f:/qianrushi/anzhuang/1/mounriver/mounriver_studio/toolchain/risc-v embedded gcc/bin/../lib/gcc/riscv-none-embed/8.2.0/../../../../riscv-none-embed/lib/rv32imac/ilp32\libg_nano.a(lib_a-nano-freer.o)
 .debug_frame   0x00000000000024fc       0x40 f:/qianrushi/anzhuang/1/mounriver/mounriver_studio/toolchain/risc-v embedded gcc/bin/../lib/gcc/riscv-none-embed/8.2.0/../../../../riscv-none-embed/lib/rv32imac/ilp32\libg_nano.a(lib_a-nano-mallocr.o)
 .debug_frame   0x000000000000253c       0xe0 f:/qianrushi/anzhuang/1/mounriver/mounriver_studio/toolchain/risc-v embedded gcc/bin/../lib/gcc/riscv-none-embed/8.2.0/../../../../riscv-none-embed/lib/rv32imac/ilp32\libg_nano.a(lib_a-nano-svfprintf.o)
 .debug_frame   0x000000000000261c       0xd0 f:/qianrushi/anzhuang/1/mounriver/mounriver_studio/toolchain/risc-v embedded gcc/bin/../lib/gcc/riscv-none-embed/8.2.0/../../../../riscv-none-embed/lib/rv32imac/ilp32\libg_nano.a(lib_a-nano-vfprintf.o)
 .debug_frame   0x00000000000026ec       0x8c f:/qianrushi/anzhuang/1/mounriver/mounriver_studio/toolchain/risc-v embedded gcc/bin/../lib/gcc/riscv-none-embed/8.2.0/../../../../riscv-none-embed/lib/rv32imac/ilp32\libg_nano.a(lib_a-nano-vfprintf_i.o)
 .debug_frame   0x0000000000002778       0x30 f:/qianrushi/anzhuang/1/mounriver/mounriver_studio/toolchain/risc-v embedded gcc/bin/../lib/gcc/riscv-none-embed/8.2.0/../../../../riscv-none-embed/lib/rv32imac/ilp32\libg_nano.a(lib_a-sbrkr.o)
 .debug_frame   0x00000000000027a8       0xa4 f:/qianrushi/anzhuang/1/mounriver/mounriver_studio/toolchain/risc-v embedded gcc/bin/../lib/gcc/riscv-none-embed/8.2.0/../../../../riscv-none-embed/lib/rv32imac/ilp32\libg_nano.a(lib_a-stdio.o)
 .debug_frame   0x000000000000284c       0x30 f:/qianrushi/anzhuang/1/mounriver/mounriver_studio/toolchain/risc-v embedded gcc/bin/../lib/gcc/riscv-none-embed/8.2.0/../../../../riscv-none-embed/lib/rv32imac/ilp32\libg_nano.a(lib_a-writer.o)
 .debug_frame   0x000000000000287c       0x30 f:/qianrushi/anzhuang/1/mounriver/mounriver_studio/toolchain/risc-v embedded gcc/bin/../lib/gcc/riscv-none-embed/8.2.0/../../../../riscv-none-embed/lib/rv32imac/ilp32\libg_nano.a(lib_a-closer.o)
 .debug_frame   0x00000000000028ac       0x30 f:/qianrushi/anzhuang/1/mounriver/mounriver_studio/toolchain/risc-v embedded gcc/bin/../lib/gcc/riscv-none-embed/8.2.0/../../../../riscv-none-embed/lib/rv32imac/ilp32\libg_nano.a(lib_a-fstatr.o)
 .debug_frame   0x00000000000028dc       0x30 f:/qianrushi/anzhuang/1/mounriver/mounriver_studio/toolchain/risc-v embedded gcc/bin/../lib/gcc/riscv-none-embed/8.2.0/../../../../riscv-none-embed/lib/rv32imac/ilp32\libg_nano.a(lib_a-isattyr.o)
 .debug_frame   0x000000000000290c       0x30 f:/qianrushi/anzhuang/1/mounriver/mounriver_studio/toolchain/risc-v embedded gcc/bin/../lib/gcc/riscv-none-embed/8.2.0/../../../../riscv-none-embed/lib/rv32imac/ilp32\libg_nano.a(lib_a-lseekr.o)
 .debug_frame   0x000000000000293c       0x20 f:/qianrushi/anzhuang/1/mounriver/mounriver_studio/toolchain/risc-v embedded gcc/bin/../lib/gcc/riscv-none-embed/8.2.0/../../../../riscv-none-embed/lib/rv32imac/ilp32\libg_nano.a(lib_a-memchr.o)
 .debug_frame   0x000000000000295c       0x20 f:/qianrushi/anzhuang/1/mounriver/mounriver_studio/toolchain/risc-v embedded gcc/bin/../lib/gcc/riscv-none-embed/8.2.0/../../../../riscv-none-embed/lib/rv32imac/ilp32\libg_nano.a(lib_a-memcpy.o)
 .debug_frame   0x000000000000297c       0x20 f:/qianrushi/anzhuang/1/mounriver/mounriver_studio/toolchain/risc-v embedded gcc/bin/../lib/gcc/riscv-none-embed/8.2.0/../../../../riscv-none-embed/lib/rv32imac/ilp32\libg_nano.a(lib_a-memmove.o)
 .debug_frame   0x000000000000299c       0x30 f:/qianrushi/anzhuang/1/mounriver/mounriver_studio/toolchain/risc-v embedded gcc/bin/../lib/gcc/riscv-none-embed/8.2.0/../../../../riscv-none-embed/lib/rv32imac/ilp32\libg_nano.a(lib_a-mlock.o)
 .debug_frame   0x00000000000029cc       0x40 f:/qianrushi/anzhuang/1/mounriver/mounriver_studio/toolchain/risc-v embedded gcc/bin/../lib/gcc/riscv-none-embed/8.2.0/../../../../riscv-none-embed/lib/rv32imac/ilp32\libg_nano.a(lib_a-nano-reallocr.o)
 .debug_frame   0x0000000000002a0c       0x30 f:/qianrushi/anzhuang/1/mounriver/mounriver_studio/toolchain/risc-v embedded gcc/bin/../lib/gcc/riscv-none-embed/8.2.0/../../../../riscv-none-embed/lib/rv32imac/ilp32\libg_nano.a(lib_a-readr.o)
 .debug_frame   0x0000000000002a3c       0x70 f:/qianrushi/anzhuang/1/mounriver/mounriver_studio/toolchain/risc-v embedded gcc/bin/../lib/gcc/riscv-none-embed/8.2.0/../../../../riscv-none-embed/lib/rv32imac/ilp32\libg_nano.a(lib_a-reent.o)
 .debug_frame   0x0000000000002aac       0x20 f:/qianrushi/anzhuang/1/mounriver/mounriver_studio/toolchain/risc-v embedded gcc/bin/../lib/gcc/riscv-none-embed/8.2.0/../../../../riscv-none-embed/lib/rv32imac/ilp32\libg_nano.a(lib_a-nano-msizer.o)
 .debug_frame   0x0000000000002acc       0x20 f:/qianrushi/anzhuang/1/mounriver/mounriver_studio/toolchain/risc-v embedded gcc/bin/../lib/gcc/riscv-none-embed/8.2.0/../../../../riscv-none-embed/lib/rv32imac/ilp32\libnosys.a(close.o)
 .debug_frame   0x0000000000002aec       0x20 f:/qianrushi/anzhuang/1/mounriver/mounriver_studio/toolchain/risc-v embedded gcc/bin/../lib/gcc/riscv-none-embed/8.2.0/../../../../riscv-none-embed/lib/rv32imac/ilp32\libnosys.a(fstat.o)
 .debug_frame   0x0000000000002b0c       0x20 f:/qianrushi/anzhuang/1/mounriver/mounriver_studio/toolchain/risc-v embedded gcc/bin/../lib/gcc/riscv-none-embed/8.2.0/../../../../riscv-none-embed/lib/rv32imac/ilp32\libnosys.a(isatty.o)
 .debug_frame   0x0000000000002b2c       0x20 f:/qianrushi/anzhuang/1/mounriver/mounriver_studio/toolchain/risc-v embedded gcc/bin/../lib/gcc/riscv-none-embed/8.2.0/../../../../riscv-none-embed/lib/rv32imac/ilp32\libnosys.a(lseek.o)
 .debug_frame   0x0000000000002b4c       0x20 f:/qianrushi/anzhuang/1/mounriver/mounriver_studio/toolchain/risc-v embedded gcc/bin/../lib/gcc/riscv-none-embed/8.2.0/../../../../riscv-none-embed/lib/rv32imac/ilp32\libnosys.a(read.o)

.debug_loc      0x0000000000000000     0x716d
 .debug_loc     0x0000000000000000       0x4d ./User/i2c.o
 .debug_loc     0x000000000000004d      0x77c ./User/imu_mpu6050.o
 .debug_loc     0x00000000000007c9     0x1e7a ./User/lcd_st7789.o
 .debug_loc     0x0000000000002643      0x110 ./User/main.o
 .debug_loc     0x0000000000002753      0x3d3 ./User/ov.o
 .debug_loc     0x0000000000002b26       0xe5 ./User/system_ch32v30x.o
 .debug_loc     0x0000000000002c0b       0x84 ./User/timer.o
 .debug_loc     0x0000000000002c8f      0x19a ./Peripheral/src/ch32v30x_dma.o
 .debug_loc     0x0000000000002e29      0x181 ./Peripheral/src/ch32v30x_exti.o
 .debug_loc     0x0000000000002faa      0x454 ./Peripheral/src/ch32v30x_fsmc.o
 .debug_loc     0x00000000000033fe      0x67b ./Peripheral/src/ch32v30x_gpio.o
 .debug_loc     0x0000000000003a79      0x726 ./Peripheral/src/ch32v30x_i2c.o
 .debug_loc     0x000000000000419f       0xce ./Peripheral/src/ch32v30x_misc.o
 .debug_loc     0x000000000000426d      0xa54 ./Peripheral/src/ch32v30x_rcc.o
 .debug_loc     0x0000000000004cc1     0x1b0c ./Peripheral/src/ch32v30x_tim.o
 .debug_loc     0x00000000000067cd      0x7f8 ./Peripheral/src/ch32v30x_usart.o
 .debug_loc     0x0000000000006fc5      0x1a8 ./Debug/debug.o

.stab           0x0000000000000000       0x84
 .stab          0x0000000000000000       0x24 f:/qianrushi/anzhuang/1/mounriver/mounriver_studio/toolchain/risc-v embedded gcc/bin/../lib/gcc/riscv-none-embed/8.2.0/../../../../riscv-none-embed/lib/rv32imac/ilp32\libnosys.a(close.o)
 .stab          0x0000000000000024       0x18 f:/qianrushi/anzhuang/1/mounriver/mounriver_studio/toolchain/risc-v embedded gcc/bin/../lib/gcc/riscv-none-embed/8.2.0/../../../../riscv-none-embed/lib/rv32imac/ilp32\libnosys.a(fstat.o)
                                         0x24 (size before relaxing)
 .stab          0x000000000000003c       0x18 f:/qianrushi/anzhuang/1/mounriver/mounriver_studio/toolchain/risc-v embedded gcc/bin/../lib/gcc/riscv-none-embed/8.2.0/../../../../riscv-none-embed/lib/rv32imac/ilp32\libnosys.a(isatty.o)
                                         0x24 (size before relaxing)
 .stab          0x0000000000000054       0x18 f:/qianrushi/anzhuang/1/mounriver/mounriver_studio/toolchain/risc-v embedded gcc/bin/../lib/gcc/riscv-none-embed/8.2.0/../../../../riscv-none-embed/lib/rv32imac/ilp32\libnosys.a(lseek.o)
                                         0x24 (size before relaxing)
 .stab          0x000000000000006c       0x18 f:/qianrushi/anzhuang/1/mounriver/mounriver_studio/toolchain/risc-v embedded gcc/bin/../lib/gcc/riscv-none-embed/8.2.0/../../../../riscv-none-embed/lib/rv32imac/ilp32\libnosys.a(read.o)
                                         0x24 (size before relaxing)

.stabstr        0x0000000000000000      0x117
 .stabstr       0x0000000000000000      0x117 f:/qianrushi/anzhuang/1/mounriver/mounriver_studio/toolchain/risc-v embedded gcc/bin/../lib/gcc/riscv-none-embed/8.2.0/../../../../riscv-none-embed/lib/rv32imac/ilp32\libnosys.a(close.o)
