Archive member included to satisfy reference by file (symbol)

f:/qianrushi/anzhuang/1/mounriver/mounriver_studio/toolchain/risc-v embedded gcc/bin/../lib/gcc/riscv-none-embed/8.2.0/rv32imac/ilp32\libgcc.a(adddf3.o)
                              ./User/imu_mpu6050.o (__adddf3)
f:/qianrushi/anzhuang/1/mounriver/mounriver_studio/toolchain/risc-v embedded gcc/bin/../lib/gcc/riscv-none-embed/8.2.0/rv32imac/ilp32\libgcc.a(divdf3.o)
                              ./User/imu_mpu6050.o (__divdf3)
f:/qianrushi/anzhuang/1/mounriver/mounriver_studio/toolchain/risc-v embedded gcc/bin/../lib/gcc/riscv-none-embed/8.2.0/rv32imac/ilp32\libgcc.a(muldf3.o)
                              ./User/imu_mpu6050.o (__muldf3)
f:/qianrushi/anzhuang/1/mounriver/mounriver_studio/toolchain/risc-v embedded gcc/bin/../lib/gcc/riscv-none-embed/8.2.0/rv32imac/ilp32\libgcc.a(floatunsidf.o)
                              ./User/imu_mpu6050.o (__floatunsidf)
f:/qianrushi/anzhuang/1/mounriver/mounriver_studio/toolchain/risc-v embedded gcc/bin/../lib/gcc/riscv-none-embed/8.2.0/rv32imac/ilp32\libgcc.a(addsf3.o)
                              ./User/main.o (__addsf3)
f:/qianrushi/anzhuang/1/mounriver/mounriver_studio/toolchain/risc-v embedded gcc/bin/../lib/gcc/riscv-none-embed/8.2.0/rv32imac/ilp32\libgcc.a(divsf3.o)
                              ./User/timer.o (__divsf3)
f:/qianrushi/anzhuang/1/mounriver/mounriver_studio/toolchain/risc-v embedded gcc/bin/../lib/gcc/riscv-none-embed/8.2.0/rv32imac/ilp32\libgcc.a(gesf2.o)
                              ./User/main.o (__gtsf2)
f:/qianrushi/anzhuang/1/mounriver/mounriver_studio/toolchain/risc-v embedded gcc/bin/../lib/gcc/riscv-none-embed/8.2.0/rv32imac/ilp32\libgcc.a(lesf2.o)
                              ./User/timer.o (__ltsf2)
f:/qianrushi/anzhuang/1/mounriver/mounriver_studio/toolchain/risc-v embedded gcc/bin/../lib/gcc/riscv-none-embed/8.2.0/rv32imac/ilp32\libgcc.a(mulsf3.o)
                              ./User/imu_mpu6050.o (__mulsf3)
f:/qianrushi/anzhuang/1/mounriver/mounriver_studio/toolchain/risc-v embedded gcc/bin/../lib/gcc/riscv-none-embed/8.2.0/rv32imac/ilp32\libgcc.a(fixsfsi.o)
                              ./User/imu_mpu6050.o (__fixsfsi)
f:/qianrushi/anzhuang/1/mounriver/mounriver_studio/toolchain/risc-v embedded gcc/bin/../lib/gcc/riscv-none-embed/8.2.0/rv32imac/ilp32\libgcc.a(floatsisf.o)
                              ./User/imu_mpu6050.o (__floatsisf)
f:/qianrushi/anzhuang/1/mounriver/mounriver_studio/toolchain/risc-v embedded gcc/bin/../lib/gcc/riscv-none-embed/8.2.0/rv32imac/ilp32\libgcc.a(extendsfdf2.o)
                              ./User/imu_mpu6050.o (__extendsfdf2)
f:/qianrushi/anzhuang/1/mounriver/mounriver_studio/toolchain/risc-v embedded gcc/bin/../lib/gcc/riscv-none-embed/8.2.0/rv32imac/ilp32\libgcc.a(truncdfsf2.o)
                              ./User/imu_mpu6050.o (__truncdfsf2)
f:/qianrushi/anzhuang/1/mounriver/mounriver_studio/toolchain/risc-v embedded gcc/bin/../lib/gcc/riscv-none-embed/8.2.0/rv32imac/ilp32\libgcc.a(_clzsi2.o)
                              f:/qianrushi/anzhuang/1/mounriver/mounriver_studio/toolchain/risc-v embedded gcc/bin/../lib/gcc/riscv-none-embed/8.2.0/rv32imac/ilp32\libgcc.a(adddf3.o) (__clzsi2)
f:/qianrushi/anzhuang/1/mounriver/mounriver_studio/toolchain/risc-v embedded gcc/bin/../lib/gcc/riscv-none-embed/8.2.0/rv32imac/ilp32\libgcc.a(_clz.o)
                              f:/qianrushi/anzhuang/1/mounriver/mounriver_studio/toolchain/risc-v embedded gcc/bin/../lib/gcc/riscv-none-embed/8.2.0/rv32imac/ilp32\libgcc.a(_clzsi2.o) (__clz_tab)
f:/qianrushi/anzhuang/1/mounriver/mounriver_studio/toolchain/risc-v embedded gcc/bin/../lib/gcc/riscv-none-embed/8.2.0/../../../../riscv-none-embed/lib/rv32imac/ilp32\libg_nano.a(lib_a-memset.o)
                              ./User/lcd_st7789.o (memset)
f:/qianrushi/anzhuang/1/mounriver/mounriver_studio/toolchain/risc-v embedded gcc/bin/../lib/gcc/riscv-none-embed/8.2.0/../../../../riscv-none-embed/lib/rv32imac/ilp32\libg_nano.a(lib_a-printf.o)
                              ./User/lcd_st7789.o (printf)
f:/qianrushi/anzhuang/1/mounriver/mounriver_studio/toolchain/risc-v embedded gcc/bin/../lib/gcc/riscv-none-embed/8.2.0/../../../../riscv-none-embed/lib/rv32imac/ilp32\libg_nano.a(lib_a-puts.o)
                              ./User/main.o (puts)
f:/qianrushi/anzhuang/1/mounriver/mounriver_studio/toolchain/risc-v embedded gcc/bin/../lib/gcc/riscv-none-embed/8.2.0/../../../../riscv-none-embed/lib/rv32imac/ilp32\libg_nano.a(lib_a-vsnprintf.o)
                              ./User/lcd_st7789.o (vsnprintf)
f:/qianrushi/anzhuang/1/mounriver/mounriver_studio/toolchain/risc-v embedded gcc/bin/../lib/gcc/riscv-none-embed/8.2.0/../../../../riscv-none-embed/lib/rv32imac/ilp32\libg_nano.a(lib_a-wbuf.o)
                              f:/qianrushi/anzhuang/1/mounriver/mounriver_studio/toolchain/risc-v embedded gcc/bin/../lib/gcc/riscv-none-embed/8.2.0/../../../../riscv-none-embed/lib/rv32imac/ilp32\libg_nano.a(lib_a-puts.o) (__swbuf_r)
[...]
Memory Configuration

Name             Origin             Length             Attributes
FLASH            0x0000000000000000 0x0000000000048000 xr
RAM              0x0000000020000000 0x0000000000008000 xrw
*default*        0x0000000000000000 0xffffffffffffffff

Linker script and memory map

LOAD ./crack_bmp/crack_EN.o
LOAD ./crack_bmp/crack_ES.o
LOAD ./crack_bmp/crack_NE.o
LOAD ./crack_bmp/crack_NW.o
LOAD ./crack_bmp/crack_SE.o
LOAD ./crack_bmp/crack_SW.o
LOAD ./crack_bmp/crack_WN.o
LOAD ./crack_bmp/crack_WS.o
LOAD ./User/ch32v30x_it.o
LOAD ./User/gpio.o
LOAD ./User/i2c.o
LOAD ./User/imu_mpu6050.o
LOAD ./User/lcd_st7789.o
LOAD ./User/main.o
LOAD ./User/ov.o
LOAD ./User/system_ch32v30x.o
LOAD ./User/timer.o
LOAD ./Startup/startup_ch32v30x_D8C.o
LOAD ./Peripheral/src/ch32v30x_adc.o
LOAD ./Peripheral/src/ch32v30x_bkp.o
LOAD ./Peripheral/src/ch32v30x_can.o
LOAD ./Peripheral/src/ch32v30x_crc.o
LOAD ./Peripheral/src/ch32v30x_dac.o
LOAD ./Peripheral/src/ch32v30x_dbgmcu.o
LOAD ./Peripheral/src/ch32v30x_dma.o
LOAD ./Peripheral/src/ch32v30x_dvp.o
LOAD ./Peripheral/src/ch32v30x_eth.o
LOAD ./Peripheral/src/ch32v30x_exti.o
LOAD ./Peripheral/src/ch32v30x_flash.o
LOAD ./Peripheral/src/ch32v30x_fsmc.o
LOAD ./Peripheral/src/ch32v30x_gpio.o
LOAD ./Peripheral/src/ch32v30x_i2c.o
LOAD ./Peripheral/src/ch32v30x_iwdg.o
LOAD ./Peripheral/src/ch32v30x_misc.o
LOAD ./Peripheral/src/ch32v30x_opa.o
LOAD ./Peripheral/src/ch32v30x_pwr.o
LOAD ./Peripheral/src/ch32v30x_rcc.o
LOAD ./Peripheral/src/ch32v30x_rng.o
LOAD ./Peripheral/src/ch32v30x_rtc.o
LOAD ./Peripheral/src/ch32v30x_sdio.o
LOAD ./Peripheral/src/ch32v30x_spi.o
LOAD ./Peripheral/src/ch32v30x_tim.o
LOAD ./Peripheral/src/ch32v30x_usart.o
LOAD ./Peripheral/src/ch32v30x_wwdg.o
LOAD ./Debug/debug.o
LOAD ./Core/core_riscv.o
LOAD f:/qianrushi/anzhuang/1/mounriver/mounriver_studio/toolchain/risc-v embedded gcc/bin/../lib/gcc/riscv-none-embed/8.2.0/rv32imac/ilp32\libgcc.a
LOAD f:/qianrushi/anzhuang/1/mounriver/mounriver_studio/toolchain/risc-v embedded gcc/bin/../lib/gcc/riscv-none-embed/8.2.0/../../../../riscv-none-embed/lib/rv32imac/ilp32\libg_nano.a
LOAD f:/qianrushi/anzhuang/1/mounriver/mounriver_studio/toolchain/risc-v embedded gcc/bin/../lib/gcc/riscv-none-embed/8.2.0/../../../../riscv-none-embed/lib/rv32imac/ilp32\libc_nano.a
LOAD f:/qianrushi/anzhuang/1/mounriver/mounriver_studio/toolchain/risc-v embedded gcc/bin/../lib/gcc/riscv-none-embed/8.2.0/rv32imac/ilp32\libgcc.a
START GROUP
LOAD f:/qianrushi/anzhuang/1/mounriver/mounriver_studio/toolchain/risc-v embedded gcc/bin/../lib/gcc/riscv-none-embed/8.2.0/rv32imac/ilp32\libgcc.a
LOAD f:/qianrushi/anzhuang/1/mounriver/mounriver_studio/toolchain/risc-v embedded gcc/bin/../lib/gcc/riscv-none-embed/8.2.0/../../../../riscv-none-embed/lib/rv32imac/ilp32\libc_nano.a
LOAD f:/qianrushi/anzhuang/1/mounriver/mounriver_studio/toolchain/risc-v embedded gcc/bin/../lib/gcc/riscv-none-embed/8.2.0/../../../../riscv-none-embed/lib/rv32imac/ilp32\libnosys.a
END GROUP
START GROUP
LOAD f:/qianrushi/anzhuang/1/mounriver/mounriver_studio/toolchain/risc-v embedded gcc/bin/../lib/gcc/riscv-none-embed/8.2.0/rv32imac/ilp32\libgcc.a
LOAD f:/qianrushi/anzhuang/1/mounriver/mounriver_studio/toolchain/risc-v embedded gcc/bin/../lib/gcc/riscv-none-embed/8.2.0/../../../../riscv-none-embed/lib/rv32imac/ilp32\libc_nano.a
LOAD f:/qianrushi/anzhuang/1/mounriver/mounriver_studio/toolchain/risc-v embedded gcc/bin/../lib/gcc/riscv-none-embed/8.2.0/../../../../riscv-none-embed/lib/rv32imac/ilp32\libnosys.a
END GROUP
                0x0000000000000800                __stack_size = 0x800
                [!provide]                        PROVIDE (_stack_size = __stack_size)

.init           0x0000000000000000       0x38
                0x0000000000000000                _sinit = .
                0x0000000000000000                . = ALIGN (0x4)
 *(SORT_NONE(.init))
 .init          0x0000000000000000       0x38 ./Startup/startup_ch32v30x_D8C.o
                0x0000000000000000                _start
                0x0000000000000038                . = ALIGN (0x4)
                0x0000000000000038                _einit = .

.vector         0x0000000000000038      0x1c8
 *(.vector)
 .vector        0x0000000000000038      0x1a0 ./Startup/startup_ch32v30x_D8C.o
                0x0000000000000200                . = ALIGN (0x40)
 *fill*         0x00000000000001d8       0x28 

.text           0x0000000000000200     0x8154
                0x0000000000000200                . = ALIGN (0x4)
 *(.text)
 .text          0x0000000000000200       0xa8 f:/qianrushi/anzhuang/1/mounriver/mounriver_studio/toolchain/risc-v embedded gcc/bin/../lib/gcc/riscv-none-embed/8.2.0/../../../../riscv-none-embed/lib/rv32imac/ilp32\libg_nano.a(lib_a-memset.o)
                0x0000000000000200                memset
 *(.text.*)
 .text.NMI_Handler
                0x00000000000002a8        0x4 ./User/ch32v30x_it.o
                0x00000000000002a8                NMI_Handler
 .text.HardFault_Handler
                0x00000000000002ac        0x2 ./User/ch32v30x_it.o
                0x00000000000002ac                HardFault_Handler
 .text.Button_INT_Init
                0x00000000000002ae       0xee ./User/gpio.o
                0x00000000000002ae                Button_INT_Init
 .text.Start_Trig
                0x000000000000039c       0x2a ./User/gpio.o
                0x000000000000039c                Start_Trig
 .text.EXTI0_IRQHandler
                0x00000000000003c6       0x50 ./User/gpio.o
                0x00000000000003c6                EXTI0_IRQHandler
 .text.IIC_Init
                0x0000000000000416       0x84 ./User/i2c.o
                0x0000000000000416                IIC_Init
 .text.IMU_WriteByte
                0x000000000000049a       0xe8 ./User/imu_mpu6050.o
                0x000000000000049a                IMU_WriteByte
 .text.IMU_SetGyroFsr
                0x0000000000000582       0x10 ./User/imu_mpu6050.o
                0x0000000000000582                IMU_SetGyroFsr
 .text.IMU_SetAccelFsr
                0x0000000000000592       0x10 ./User/imu_mpu6050.o
                0x0000000000000592                IMU_SetAccelFsr
 .text.IMU_SetLPF
                0x00000000000005a2       0x34 ./User/imu_mpu6050.o
                0x00000000000005a2                IMU_SetLPF
 .text.IMU_SetRate
                0x00000000000005d6       0x32 ./User/imu_mpu6050.o
                0x00000000000005d6                IMU_SetRate
 .text.IMU_ReadByte
                0x0000000000000608      0x110 ./User/imu_mpu6050.o
                0x0000000000000608                IMU_ReadByte
 .text.IMU_Init
                0x0000000000000718       0x88 ./User/imu_mpu6050.o
                0x0000000000000718                IMU_Init
 .text.LCD_WriteHalfWord
                0x00000000000007a0       0x16 ./User/lcd_st7789.o
                0x00000000000007a0                LCD_WriteHalfWord
 .text.LCD_ReadData
                0x00000000000007b6       0x1a ./User/lcd_st7789.o
                0x00000000000007b6                LCD_ReadData
 .text.LCD_FSMCInit
                0x00000000000007d0      0x120 ./User/lcd_st7789.o
                0x00000000000007d0                LCD_FSMCInit
 .text.LCD_GPIOInit
                0x00000000000008f0       0x96 ./User/lcd_st7789.o
                0x00000000000008f0                LCD_GPIOInit
 .text.LCD_SetBrightness
                0x0000000000000986       0x1c ./User/lcd_st7789.o
                0x0000000000000986                LCD_SetBrightness
 .text.LCD_ConvertColor
                0x00000000000009a2       0x1e ./User/lcd_st7789.o
                0x00000000000009a2                LCD_ConvertColor
 .text.LCD_SetColor
                0x00000000000009c0        0xe ./User/lcd_st7789.o
                0x00000000000009c0                LCD_SetColor
 .text.LCD_AddressSetWrite
                0x00000000000009ce       0x5e ./User/lcd_st7789.o
                0x00000000000009ce                LCD_AddressSetWrite
 .text.LCD_AddressSetRead
                0x0000000000000a2c       0x5e ./User/lcd_st7789.o
                0x0000000000000a2c                LCD_AddressSetRead
 .text.LCD_Clear
                0x0000000000000a8a       0x4c ./User/lcd_st7789.o
                0x0000000000000a8a                LCD_Clear
 .text.LCD_Init
                0x0000000000000ad6      0x1ae ./User/lcd_st7789.o
                0x0000000000000ad6                LCD_Init
 .text.LCD_ShowChar
                0x0000000000000c84      0x384 ./User/lcd_st7789.o
                0x0000000000000c84                LCD_ShowChar
 .text.LCD_ShowString
                0x0000000000001008       0xd4 ./User/lcd_st7789.o
                0x0000000000001008                LCD_ShowString
 .text.USARTx_CFG
                0x00000000000010dc       0x88 ./User/main.o
                0x00000000000010dc                USARTx_CFG
 .text.DMA_INIT
                0x0000000000001164       0x82 ./User/main.o
                0x0000000000001164                DMA_INIT
 .text.GPIO_CFG
                0x00000000000011e6       0x4e ./User/main.o
                0x00000000000011e6                GPIO_CFG
 .text.uartWriteBLE
                0x0000000000001234       0x5a ./User/main.o
                0x0000000000001234                uartWriteBLE
 .text.uartWriteBLEstr
                0x000000000000128e       0x16 ./User/main.o
                0x000000000000128e                uartWriteBLEstr
 .text.EXTI_INT_INIT
                0x00000000000012a4       0x72 ./User/main.o
                0x00000000000012a4                EXTI_INT_INIT
 .text.DVP_IRQHandler
                0x0000000000001316      0x150 ./User/main.o
                0x0000000000001316                DVP_IRQHandler
 .text.startup.main
                0x0000000000001466      0x1bc ./User/main.o
                0x0000000000001466                main
 .text.SystemInit
                0x0000000000001622       0xfa ./User/system_ch32v30x.o
                0x0000000000001622                SystemInit
 .text.Input_Capture_Init
                0x000000000000171c       0x80 ./User/timer.o
                0x000000000000171c                Input_Capture_Init
 .text.Tick_TIM_Init
                0x000000000000179c       0x5a ./User/timer.o
                0x000000000000179c                Tick_TIM_Init
 .text.Refresh_TIM_Init
                0x00000000000017f6       0x60 ./User/timer.o
                0x00000000000017f6                Refresh_TIM_Init
 .text.Tick_TIM_INT_Init
                0x0000000000001856       0x26 ./User/timer.o
                0x0000000000001856                Tick_TIM_INT_Init
 .text.Refresh_TIM_INT_Init
                0x000000000000187c       0x26 ./User/timer.o
                0x000000000000187c                Refresh_TIM_INT_Init
 .text.ENABLE_TIM
                0x00000000000018a2       0x1c ./User/timer.o
                0x00000000000018a2                ENABLE_TIM
 .text.DISABLE_TIM
                0x00000000000018be        0xa ./User/timer.o
                0x00000000000018be                DISABLE_TIM
 .text.Ultrasoniclength
                0x00000000000018c8      0x13a ./User/timer.o
                0x00000000000018c8                Ultrasoniclength
 .text.TIM2_IRQHandler
                0x0000000000001a02       0x28 ./User/timer.o
                0x0000000000001a02                TIM2_IRQHandler
 .text.TIM6_IRQHandler
                0x0000000000001a2a       0x1e ./User/timer.o
                0x0000000000001a2a                TIM6_IRQHandler
 .text.TIM7_IRQHandler
                0x0000000000001a48       0x18 ./User/timer.o
                0x0000000000001a48                TIM7_IRQHandler
 .text.vector_handler
                0x0000000000001a60       0xbe ./Startup/startup_ch32v30x_D8C.o
                0x0000000000001a64                Ecall_M_Mode_Handler
                0x0000000000001a66                Ecall_U_Mode_Handler
                0x0000000000001a68                Break_Point_Handler
                0x0000000000001a6a                SysTick_Handler
                0x0000000000001a6c                SW_Handler
                0x0000000000001a6e                WWDG_IRQHandler
                0x0000000000001a70                PVD_IRQHandler
                0x0000000000001a72                TAMPER_IRQHandler
                0x0000000000001a74                RTC_IRQHandler
                0x0000000000001a76                FLASH_IRQHandler
                0x0000000000001a78                RCC_IRQHandler
                0x0000000000001a7c                EXTI1_IRQHandler
                0x0000000000001a7e                EXTI2_IRQHandler
                0x0000000000001a80                EXTI3_IRQHandler
                0x0000000000001a82                EXTI4_IRQHandler
                0x0000000000001a84                DMA1_Channel1_IRQHandler
                0x0000000000001a86                DMA1_Channel2_IRQHandler
                0x0000000000001a88                DMA1_Channel3_IRQHandler
                0x0000000000001a8a                DMA1_Channel4_IRQHandler
                0x0000000000001a8c                DMA1_Channel5_IRQHandler
                0x0000000000001a8e                DMA1_Channel6_IRQHandler
                0x0000000000001a90                DMA1_Channel7_IRQHandler
                0x0000000000001a92                ADC1_2_IRQHandler
                0x0000000000001a94                USB_HP_CAN1_TX_IRQHandler
                0x0000000000001a96                USB_LP_CAN1_RX0_IRQHandler
                0x0000000000001a98                CAN1_RX1_IRQHandler
                0x0000000000001a9a                CAN1_SCE_IRQHandler
                0x0000000000001a9c                EXTI9_5_IRQHandler
                0x0000000000001a9e                TIM1_BRK_IRQHandler
                0x0000000000001aa0                TIM1_UP_IRQHandler
                0x0000000000001aa2                TIM1_TRG_COM_IRQHandler
                0x0000000000001aa4                TIM1_CC_IRQHandler
                0x0000000000001aa8                TIM3_IRQHandler
                0x0000000000001aaa                TIM4_IRQHandler
                0x0000000000001aac                I2C1_EV_IRQHandler
                0x0000000000001aae                I2C1_ER_IRQHandler
                0x0000000000001ab0                I2C2_EV_IRQHandler
                0x0000000000001ab2                I2C2_ER_IRQHandler
                0x0000000000001ab4                SPI1_IRQHandler
                0x0000000000001ab6                SPI2_IRQHandler
                0x0000000000001ab8                USART1_IRQHandler
                0x0000000000001aba                USART2_IRQHandler
                0x0000000000001abc                USART3_IRQHandler
                0x0000000000001abe                EXTI15_10_IRQHandler
                0x0000000000001ac0                RTCAlarm_IRQHandler
                0x0000000000001ac2                USBWakeUp_IRQHandler
                0x0000000000001ac4                TIM8_BRK_IRQHandler
                0x0000000000001ac6                TIM8_UP_IRQHandler
                0x0000000000001ac8                TIM8_TRG_COM_IRQHandler
                0x0000000000001aca                TIM8_CC_IRQHandler
                0x0000000000001acc                RNG_IRQHandler
                0x0000000000001ace                FSMC_IRQHandler
                0x0000000000001ad0                SDIO_IRQHandler
                0x0000000000001ad2                TIM5_IRQHandler
                0x0000000000001ad4                SPI3_IRQHandler
                0x0000000000001ad6                UART4_IRQHandler
                0x0000000000001ad8                UART5_IRQHandler
                0x0000000000001ade                DMA2_Channel1_IRQHandler
                0x0000000000001ae0                DMA2_Channel2_IRQHandler
                0x0000000000001ae2                DMA2_Channel3_IRQHandler
                0x0000000000001ae4                DMA2_Channel4_IRQHandler
                0x0000000000001ae6                DMA2_Channel5_IRQHandler
                0x0000000000001ae8                ETH_IRQHandler
                0x0000000000001aea                ETH_WKUP_IRQHandler
                0x0000000000001aec                CAN2_TX_IRQHandler
                0x0000000000001aee                CAN2_RX0_IRQHandler
                0x0000000000001af0                CAN2_RX1_IRQHandler
                0x0000000000001af2                CAN2_SCE_IRQHandler
                0x0000000000001af4                OTG_FS_IRQHandler
                0x0000000000001af6                USBHSWakeup_IRQHandler
                0x0000000000001af8                USBHS_IRQHandler
                0x0000000000001afc                UART6_IRQHandler
                0x0000000000001afe                UART7_IRQHandler
                0x0000000000001b00                UART8_IRQHandler
                0x0000000000001b02                TIM9_BRK_IRQHandler
                0x0000000000001b04                TIM9_UP_IRQHandler
                0x0000000000001b06                TIM9_TRG_COM_IRQHandler
                0x0000000000001b08                TIM9_CC_IRQHandler
                0x0000000000001b0a                TIM10_BRK_IRQHandler
                0x0000000000001b0c                TIM10_UP_IRQHandler
                0x0000000000001b0e                TIM10_TRG_COM_IRQHandler
                0x0000000000001b10                TIM10_CC_IRQHandler
                0x0000000000001b12                DMA2_Channel6_IRQHandler
                0x0000000000001b14                DMA2_Channel7_IRQHandler
                0x0000000000001b16                DMA2_Channel8_IRQHandler
                0x0000000000001b18                DMA2_Channel9_IRQHandler
                0x0000000000001b1a                DMA2_Channel10_IRQHandler
                0x0000000000001b1c                DMA2_Channel11_IRQHandler
 .text.handle_reset
                0x0000000000001b1e       0x8a ./Startup/startup_ch32v30x_D8C.o
                0x0000000000001b1e                handle_reset
 .text.DMA_DeInit
                0x0000000000001ba8      0x16c ./Peripheral/src/ch32v30x_dma.o
                0x0000000000001ba8                DMA_DeInit
 .text.DMA_Init
                0x0000000000001d14       0x38 ./Peripheral/src/ch32v30x_dma.o
                0x0000000000001d14                DMA_Init
 .text.DMA_Cmd  0x0000000000001d4c       0x14 ./Peripheral/src/ch32v30x_dma.o
                0x0000000000001d4c                DMA_Cmd
 .text.DMA_SetCurrDataCounter
                0x0000000000001d60        0x4 ./Peripheral/src/ch32v30x_dma.o
                0x0000000000001d60                DMA_SetCurrDataCounter
 .text.DMA_GetCurrDataCounter
                0x0000000000001d64        0x8 ./Peripheral/src/ch32v30x_dma.o
                0x0000000000001d64                DMA_GetCurrDataCounter
 .text.DMA_ClearFlag
                0x0000000000001d6c       0x2c ./Peripheral/src/ch32v30x_dma.o
                0x0000000000001d6c                DMA_ClearFlag
 .text.EXTI_Init
                0x0000000000001d98       0x6a ./Peripheral/src/ch32v30x_exti.o
                0x0000000000001d98                EXTI_Init
 .text.EXTI_ClearFlag
                0x0000000000001e02        0xa ./Peripheral/src/ch32v30x_exti.o
                0x0000000000001e02                EXTI_ClearFlag
 .text.FSMC_NORSRAMInit
                0x0000000000001e0c       0xba ./Peripheral/src/ch32v30x_fsmc.o
                0x0000000000001e0c                FSMC_NORSRAMInit
 .text.FSMC_NORSRAMCmd
                0x0000000000001ec6       0x1e ./Peripheral/src/ch32v30x_fsmc.o
                0x0000000000001ec6                FSMC_NORSRAMCmd
 .text.GPIO_Init
                0x0000000000001ee4       0xc2 ./Peripheral/src/ch32v30x_gpio.o
                0x0000000000001ee4                GPIO_Init
 .text.GPIO_ReadInputDataBit
                0x0000000000001fa6        0xa ./Peripheral/src/ch32v30x_gpio.o
                0x0000000000001fa6                GPIO_ReadInputDataBit
 .text.GPIO_SetBits
                0x0000000000001fb0        0x4 ./Peripheral/src/ch32v30x_gpio.o
                0x0000000000001fb0                GPIO_SetBits
 .text.GPIO_ResetBits
                0x0000000000001fb4        0x4 ./Peripheral/src/ch32v30x_gpio.o
                0x0000000000001fb4                GPIO_ResetBits
 .text.GPIO_WriteBit
                0x0000000000001fb8        0xa ./Peripheral/src/ch32v30x_gpio.o
                0x0000000000001fb8                GPIO_WriteBit
 .text.GPIO_EXTILineConfig
                0x0000000000001fc2       0x2c ./Peripheral/src/ch32v30x_gpio.o
                0x0000000000001fc2                GPIO_EXTILineConfig
 .text.I2C_Init
                0x0000000000001fee      0x11a ./Peripheral/src/ch32v30x_i2c.o
                0x0000000000001fee                I2C_Init
 .text.I2C_Cmd  0x0000000000002108       0x1c ./Peripheral/src/ch32v30x_i2c.o
                0x0000000000002108                I2C_Cmd
 .text.I2C_GenerateSTART
                0x0000000000002124       0x1e ./Peripheral/src/ch32v30x_i2c.o
                0x0000000000002124                I2C_GenerateSTART
 .text.I2C_GenerateSTOP
                0x0000000000002142       0x1e ./Peripheral/src/ch32v30x_i2c.o
                0x0000000000002142                I2C_GenerateSTOP
 .text.I2C_AcknowledgeConfig
                0x0000000000002160       0x1e ./Peripheral/src/ch32v30x_i2c.o
                0x0000000000002160                I2C_AcknowledgeConfig
 .text.I2C_SendData
                0x000000000000217e        0x6 ./Peripheral/src/ch32v30x_i2c.o
                0x000000000000217e                I2C_SendData
 .text.I2C_ReceiveData
                0x0000000000002184        0xa ./Peripheral/src/ch32v30x_i2c.o
                0x0000000000002184                I2C_ReceiveData
 .text.I2C_Send7bitAddress
                0x000000000000218e       0x14 ./Peripheral/src/ch32v30x_i2c.o
                0x000000000000218e                I2C_Send7bitAddress
 .text.I2C_CheckEvent
                0x00000000000021a2       0x1a ./Peripheral/src/ch32v30x_i2c.o
                0x00000000000021a2                I2C_CheckEvent
 .text.I2C_GetFlagStatus
                0x00000000000021bc       0x32 ./Peripheral/src/ch32v30x_i2c.o
                0x00000000000021bc                I2C_GetFlagStatus
 .text.NVIC_PriorityGroupConfig
                0x00000000000021ee        0x6 ./Peripheral/src/ch32v30x_misc.o
                0x00000000000021ee                NVIC_PriorityGroupConfig
 .text.NVIC_Init
                0x00000000000021f4       0xb8 ./Peripheral/src/ch32v30x_misc.o
                0x00000000000021f4                NVIC_Init
 .text.RCC_GetClocksFreq
                0x00000000000022ac      0x10e ./Peripheral/src/ch32v30x_rcc.o
                0x00000000000022ac                RCC_GetClocksFreq
 .text.RCC_AHBPeriphClockCmd
                0x00000000000023ba       0x1e ./Peripheral/src/ch32v30x_rcc.o
                0x00000000000023ba                RCC_AHBPeriphClockCmd
 .text.RCC_APB2PeriphClockCmd
                0x00000000000023d8       0x1e ./Peripheral/src/ch32v30x_rcc.o
                0x00000000000023d8                RCC_APB2PeriphClockCmd
 .text.RCC_APB1PeriphClockCmd
                0x00000000000023f6       0x1e ./Peripheral/src/ch32v30x_rcc.o
                0x00000000000023f6                RCC_APB1PeriphClockCmd
 .text.RCC_APB2PeriphResetCmd
                0x0000000000002414       0x1e ./Peripheral/src/ch32v30x_rcc.o
                0x0000000000002414                RCC_APB2PeriphResetCmd
 .text.RCC_APB1PeriphResetCmd
                0x0000000000002432       0x1e ./Peripheral/src/ch32v30x_rcc.o
                0x0000000000002432                RCC_APB1PeriphResetCmd
 .text.TIM_DeInit
                0x0000000000002450       0xf8 ./Peripheral/src/ch32v30x_tim.o
                0x0000000000002450                TIM_DeInit
 .text.TIM_TimeBaseInit
                0x0000000000002548       0xc0 ./Peripheral/src/ch32v30x_tim.o
                0x0000000000002548                TIM_TimeBaseInit
 .text.TIM_OC2Init
                0x0000000000002608       0xcc ./Peripheral/src/ch32v30x_tim.o
                0x0000000000002608                TIM_OC2Init
 .text.TIM_Cmd  0x00000000000026d4       0x1c ./Peripheral/src/ch32v30x_tim.o
                0x00000000000026d4                TIM_Cmd
 .text.TIM_CtrlPWMOutputs
                0x00000000000026f0       0x16 ./Peripheral/src/ch32v30x_tim.o
                0x00000000000026f0                TIM_CtrlPWMOutputs
 .text.TIM_ITConfig
                0x0000000000002706       0x16 ./Peripheral/src/ch32v30x_tim.o
                0x0000000000002706                TIM_ITConfig
 .text.TIM_ARRPreloadConfig
                0x000000000000271c       0x1e ./Peripheral/src/ch32v30x_tim.o
                0x000000000000271c                TIM_ARRPreloadConfig
 .text.TIM_OC2PreloadConfig
                0x000000000000273a       0x1a ./Peripheral/src/ch32v30x_tim.o
                0x000000000000273a                TIM_OC2PreloadConfig
 .text.TIM_SetCounter
                0x0000000000002754        0x6 ./Peripheral/src/ch32v30x_tim.o
                0x0000000000002754                TIM_SetCounter
 .text.TIM_SetCompare2
                0x000000000000275a        0x6 ./Peripheral/src/ch32v30x_tim.o
                0x000000000000275a                TIM_SetCompare2
 .text.TIM_GetCounter
                0x0000000000002760        0x6 ./Peripheral/src/ch32v30x_tim.o
                0x0000000000002760                TIM_GetCounter
 .text.TIM_ClearFlag
                0x0000000000002766        0xe ./Peripheral/src/ch32v30x_tim.o
                0x0000000000002766                TIM_ClearFlag
 .text.TIM_GetITStatus
                0x0000000000002774       0x1c ./Peripheral/src/ch32v30x_tim.o
                0x0000000000002774                TIM_GetITStatus
 .text.TIM_ClearITPendingBit
                0x0000000000002790        0xe ./Peripheral/src/ch32v30x_tim.o
                0x0000000000002790                TIM_ClearITPendingBit
 .text.USART_Init
                0x000000000000279e       0xda ./Peripheral/src/ch32v30x_usart.o
                0x000000000000279e                USART_Init
 .text.USART_Cmd
                0x0000000000002878       0x1c ./Peripheral/src/ch32v30x_usart.o
                0x0000000000002878                USART_Cmd
 .text.USART_DMACmd
                0x0000000000002894       0x16 ./Peripheral/src/ch32v30x_usart.o
                0x0000000000002894                USART_DMACmd
 .text.USART_SendData
                0x00000000000028aa        0xa ./Peripheral/src/ch32v30x_usart.o
                0x00000000000028aa                USART_SendData
 .text.USART_GetFlagStatus
                0x00000000000028b4        0xc ./Peripheral/src/ch32v30x_usart.o
                0x00000000000028b4                USART_GetFlagStatus
 .text.Delay_Init
                0x00000000000028c0       0x26 ./Debug/debug.o
                0x00000000000028c0                Delay_Init
 .text.Delay_Us
                0x00000000000028e6       0x2e ./Debug/debug.o
                0x00000000000028e6                Delay_Us
 .text.Delay_Ms
                0x0000000000002914       0x2e ./Debug/debug.o
                0x0000000000002914                Delay_Ms
 .text.USART_Printf_Init
                0x0000000000002942       0x5a ./Debug/debug.o
                0x0000000000002942                USART_Printf_Init
 .text._write   0x000000000000299c       0x4c ./Debug/debug.o
                0x000000000000299c                _write
 .text._sbrk    0x00000000000029e8       0x26 ./Debug/debug.o
                0x00000000000029e8                _sbrk
 .text.__divdf3
                0x0000000000002a0e      0x5b4 f:/qianrushi/anzhuang/1/mounriver/mounriver_studio/toolchain/risc-v embedded gcc/bin/../lib/gcc/riscv-none-embed/8.2.0/rv32imac/ilp32\libgcc.a(divdf3.o)
                0x0000000000002a0e                __divdf3
 .text.__floatunsidf
                0x0000000000002fc2       0x68 f:/qianrushi/anzhuang/1/mounriver/mounriver_studio/toolchain/risc-v embedded gcc/bin/../lib/gcc/riscv-none-embed/8.2.0/rv32imac/ilp32\libgcc.a(floatunsidf.o)
                0x0000000000002fc2                __floatunsidf
 .text.__addsf3
                0x000000000000302a      0x36a f:/qianrushi/anzhuang/1/mounriver/mounriver_studio/toolchain/risc-v embedded gcc/bin/../lib/gcc/riscv-none-embed/8.2.0/rv32imac/ilp32\libgcc.a(addsf3.o)
                0x000000000000302a                __addsf3
 .text.__divsf3
                0x0000000000003394      0x2ae f:/qianrushi/anzhuang/1/mounriver/mounriver_studio/toolchain/risc-v embedded gcc/bin/../lib/gcc/riscv-none-embed/8.2.0/rv32imac/ilp32\libgcc.a(divsf3.o)
                0x0000000000003394                __divsf3
 .text.__lesf2  0x0000000000003642       0x8c f:/qianrushi/anzhuang/1/mounriver/mounriver_studio/toolchain/risc-v embedded gcc/bin/../lib/gcc/riscv-none-embed/8.2.0/rv32imac/ilp32\libgcc.a(lesf2.o)
                0x0000000000003642                __ltsf2
                0x0000000000003642                __lesf2
 .text.__extendsfdf2
                0x00000000000036ce       0xac f:/qianrushi/anzhuang/1/mounriver/mounriver_studio/toolchain/risc-v embedded gcc/bin/../lib/gcc/riscv-none-embed/8.2.0/rv32imac/ilp32\libgcc.a(extendsfdf2.o)
                0x00000000000036ce                __extendsfdf2
 .text.__truncdfsf2
                0x000000000000377a      0x16a f:/qianrushi/anzhuang/1/mounriver/mounriver_studio/toolchain/risc-v embedded gcc/bin/../lib/gcc/riscv-none-embed/8.2.0/rv32imac/ilp32\libgcc.a(truncdfsf2.o)
                0x000000000000377a                __truncdfsf2
 .text.__clzsi2
                0x00000000000038e4       0x76 f:/qianrushi/anzhuang/1/mounriver/mounriver_studio/toolchain/risc-v embedded gcc/bin/../lib/gcc/riscv-none-embed/8.2.0/rv32imac/ilp32\libgcc.a(_clzsi2.o)
                0x00000000000038e4                __clzsi2
 .text.printf   0x000000000000395a       0x40 f:/qianrushi/anzhuang/1/mounriver/mounriver_studio/toolchain/risc-v embedded gcc/bin/../lib/gcc/riscv-none-embed/8.2.0/../../../../riscv-none-embed/lib/rv32imac/ilp32\libg_nano.a(lib_a-printf.o)
                0x000000000000395a                iprintf
                0x000000000000395a                printf
 .text._puts_r  0x000000000000399a       0xda f:/qianrushi/anzhuang/1/mounriver/mounriver_studio/toolchain/risc-v embedded gcc/bin/../lib/gcc/riscv-none-embed/8.2.0/../../../../riscv-none-embed/lib/rv32imac/ilp32\libg_nano.a(lib_a-puts.o)
                0x000000000000399a                _puts_r
 .text.puts     0x0000000000003a74        0xa f:/qianrushi/anzhuang/1/mounriver/mounriver_studio/toolchain/risc-v embedded gcc/bin/../lib/gcc/riscv-none-embed/8.2.0/../../../../riscv-none-embed/lib/rv32imac/ilp32\libg_nano.a(lib_a-puts.o)
                0x0000000000003a74                puts
 .text._vsnprintf_r
                0x0000000000003a7e       0x60 f:/qianrushi/anzhuang/1/mounriver/mounriver_studio/toolchain/risc-v embedded gcc/bin/../lib/gcc/riscv-none-embed/8.2.0/../../../../riscv-none-embed/lib/rv32imac/ilp32\libg_nano.a(lib_a-vsnprintf.o)
                0x0000000000003a7e                _vsniprintf_r
                0x0000000000003a7e                _vsnprintf_r
 .text.vsnprintf
                0x0000000000003ade       0x10 f:/qianrushi/anzhuang/1/mounriver/mounriver_studio/toolchain/risc-v embedded gcc/bin/../lib/gcc/riscv-none-embed/8.2.0/../../../../riscv-none-embed/lib/rv32imac/ilp32\libg_nano.a(lib_a-vsnprintf.o)
                0x0000000000003ade                vsniprintf
                0x0000000000003ade                vsnprintf
 .text.__swbuf_r
                0x0000000000003aee       0xc0 f:/qianrushi/anzhuang/1/mounriver/mounriver_studio/toolchain/risc-v embedded gcc/bin/../lib/gcc/riscv-none-embed/8.2.0/../../../../riscv-none-embed/lib/rv32imac/ilp32\libg_nano.a(lib_a-wbuf.o)
                0x0000000000003aee                __swbuf_r
 .text.__swsetup_r
                0x0000000000003bae      0x10c f:/qianrushi/anzhuang/1/mounriver/mounriver_studio/toolchain/risc-v embedded gcc/bin/../lib/gcc/riscv-none-embed/8.2.0/../../../../riscv-none-embed/lib/rv32imac/ilp32\libg_nano.a(lib_a-wsetup.o)
                0x0000000000003bae                __swsetup_r
 .text.__sflush_r
                0x0000000000003cba      0x13c f:/qianrushi/anzhuang/1/mounriver/mounriver_studio/toolchain/risc-v embedded gcc/bin/../lib/gcc/riscv-none-embed/8.2.0/../../../../riscv-none-embed/lib/rv32imac/ilp32\libg_nano.a(lib_a-fflush.o)
                0x0000000000003cba                __sflush_r
 .text._fflush_r
                0x0000000000003df6       0x64 f:/qianrushi/anzhuang/1/mounriver/mounriver_studio/toolchain/risc-v embedded gcc/bin/../lib/gcc/riscv-none-embed/8.2.0/../../../../riscv-none-embed/lib/rv32imac/ilp32\libg_nano.a(lib_a-fflush.o)
                0x0000000000003df6                _fflush_r
 .text.std      0x0000000000003e5a       0x6a f:/qianrushi/anzhuang/1/mounriver/mounriver_studio/toolchain/risc-v embedded gcc/bin/../lib/gcc/riscv-none-embed/8.2.0/../../../../riscv-none-embed/lib/rv32imac/ilp32\libg_nano.a(lib_a-findfp.o)
 .text._cleanup_r
                0x0000000000003ec4        0xa f:/qianrushi/anzhuang/1/mounriver/mounriver_studio/toolchain/risc-v embedded gcc/bin/../lib/gcc/riscv-none-embed/8.2.0/../../../../riscv-none-embed/lib/rv32imac/ilp32\libg_nano.a(lib_a-findfp.o)
                0x0000000000003ec4                _cleanup_r
 .text.__sfmoreglue
                0x0000000000003ece       0x46 f:/qianrushi/anzhuang/1/mounriver/mounriver_studio/toolchain/risc-v embedded gcc/bin/../lib/gcc/riscv-none-embed/8.2.0/../../../../riscv-none-embed/lib/rv32imac/ilp32\libg_nano.a(lib_a-findfp.o)
                0x0000000000003ece                __sfmoreglue
 .text.__sinit  0x0000000000003f14       0x66 f:/qianrushi/anzhuang/1/mounriver/mounriver_studio/toolchain/risc-v embedded gcc/bin/../lib/gcc/riscv-none-embed/8.2.0/../../../../riscv-none-embed/lib/rv32imac/ilp32\libg_nano.a(lib_a-findfp.o)
                0x0000000000003f14                __sinit
 .text.__sfp    0x0000000000003f7a       0x9c f:/qianrushi/anzhuang/1/mounriver/mounriver_studio/toolchain/risc-v embedded gcc/bin/../lib/gcc/riscv-none-embed/8.2.0/../../../../riscv-none-embed/lib/rv32imac/ilp32\libg_nano.a(lib_a-findfp.o)
                0x0000000000003f7a                __sfp
 .text._fwalk_reent
                0x0000000000004016       0x6c f:/qianrushi/anzhuang/1/mounriver/mounriver_studio/toolchain/risc-v embedded gcc/bin/../lib/gcc/riscv-none-embed/8.2.0/../../../../riscv-none-embed/lib/rv32imac/ilp32\libg_nano.a(lib_a-fwalk.o)
                0x0000000000004016                _fwalk_reent
 .text.__swhatbuf_r
                0x0000000000004082       0x5a f:/qianrushi/anzhuang/1/mounriver/mounriver_studio/toolchain/risc-v embedded gcc/bin/../lib/gcc/riscv-none-embed/8.2.0/../../../../riscv-none-embed/lib/rv32imac/ilp32\libg_nano.a(lib_a-makebuf.o)
                0x0000000000004082                __swhatbuf_r
 .text.__smakebuf_r
                0x00000000000040dc       0x9e f:/qianrushi/anzhuang/1/mounriver/mounriver_studio/toolchain/risc-v embedded gcc/bin/../lib/gcc/riscv-none-embed/8.2.0/../../../../riscv-none-embed/lib/rv32imac/ilp32\libg_nano.a(lib_a-makebuf.o)
                0x00000000000040dc                __smakebuf_r
 .text._free_r  0x000000000000417a       0xa8 f:/qianrushi/anzhuang/1/mounriver/mounriver_studio/toolchain/risc-v embedded gcc/bin/../lib/gcc/riscv-none-embed/8.2.0/../../../../riscv-none-embed/lib/rv32imac/ilp32\libg_nano.a(lib_a-nano-freer.o)
                0x000000000000417a                _free_r
 .text._malloc_r
                0x0000000000004222       0xda f:/qianrushi/anzhuang/1/mounriver/mounriver_studio/toolchain/risc-v embedded gcc/bin/../lib/gcc/riscv-none-embed/8.2.0/../../../../riscv-none-embed/lib/rv32imac/ilp32\libg_nano.a(lib_a-nano-mallocr.o)
                0x0000000000004222                _malloc_r
 .text.__ssputs_r
                0x00000000000042fc       0xec f:/qianrushi/anzhuang/1/mounriver/mounriver_studio/toolchain/risc-v embedded gcc/bin/../lib/gcc/riscv-none-embed/8.2.0/../../../../riscv-none-embed/lib/rv32imac/ilp32\libg_nano.a(lib_a-nano-svfprintf.o)
                0x00000000000042fc                __ssputs_r
 .text._svfprintf_r
                0x00000000000043e8      0x280 f:/qianrushi/anzhuang/1/mounriver/mounriver_studio/toolchain/risc-v embedded gcc/bin/../lib/gcc/riscv-none-embed/8.2.0/../../../../riscv-none-embed/lib/rv32imac/ilp32\libg_nano.a(lib_a-nano-svfprintf.o)
                0x00000000000043e8                _svfiprintf_r
                0x00000000000043e8                _svfprintf_r
 .text.__sfputc_r
                0x0000000000004668       0x2a f:/qianrushi/anzhuang/1/mounriver/mounriver_studio/toolchain/risc-v embedded gcc/bin/../lib/gcc/riscv-none-embed/8.2.0/../../../../riscv-none-embed/lib/rv32imac/ilp32\libg_nano.a(lib_a-nano-vfprintf.o)
 .text.__sfputs_r
                0x0000000000004692       0x42 f:/qianrushi/anzhuang/1/mounriver/mounriver_studio/toolchain/risc-v embedded gcc/bin/../lib/gcc/riscv-none-embed/8.2.0/../../../../riscv-none-embed/lib/rv32imac/ilp32\libg_nano.a(lib_a-nano-vfprintf.o)
                0x0000000000004692                __sfputs_r
 .text._vfprintf_r
                0x00000000000046d4      0x29a f:/qianrushi/anzhuang/1/mounriver/mounriver_studio/toolchain/risc-v embedded gcc/bin/../lib/gcc/riscv-none-embed/8.2.0/../../../../riscv-none-embed/lib/rv32imac/ilp32\libg_nano.a(lib_a-nano-vfprintf.o)
                0x00000000000046d4                _vfprintf_r
                0x00000000000046d4                _vfiprintf_r
 .text._printf_common
                0x000000000000496e      0x10c f:/qianrushi/anzhuang/1/mounriver/mounriver_studio/toolchain/risc-v embedded gcc/bin/../lib/gcc/riscv-none-embed/8.2.0/../../../../riscv-none-embed/lib/rv32imac/ilp32\libg_nano.a(lib_a-nano-vfprintf_i.o)
                0x000000000000496e                _printf_common
 .text._printf_i
                0x0000000000004a7a      0x2aa f:/qianrushi/anzhuang/1/mounriver/mounriver_studio/toolchain/risc-v embedded gcc/bin/../lib/gcc/riscv-none-embed/8.2.0/../../../../riscv-none-embed/lib/rv32imac/ilp32\libg_nano.a(lib_a-nano-vfprintf_i.o)
                0x0000000000004a7a                _printf_i
 .text._sbrk_r  0x0000000000004d24       0x2a f:/qianrushi/anzhuang/1/mounriver/mounriver_studio/toolchain/risc-v embedded gcc/bin/../lib/gcc/riscv-none-embed/8.2.0/../../../../riscv-none-embed/lib/rv32imac/ilp32\libg_nano.a(lib_a-sbrkr.o)
                0x0000000000004d24                _sbrk_r
 .text.__sread  0x0000000000004d4e       0x30 f:/qianrushi/anzhuang/1/mounriver/mounriver_studio/toolchain/risc-v embedded gcc/bin/../lib/gcc/riscv-none-embed/8.2.0/../../../../riscv-none-embed/lib/rv32imac/ilp32\libg_nano.a(lib_a-stdio.o)
                0x0000000000004d4e                __sread
 .text.__swrite
                0x0000000000004d7e       0x4e f:/qianrushi/anzhuang/1/mounriver/mounriver_studio/toolchain/risc-v embedded gcc/bin/../lib/gcc/riscv-none-embed/8.2.0/../../../../riscv-none-embed/lib/rv32imac/ilp32\libg_nano.a(lib_a-stdio.o)
                0x0000000000004d7e                __swrite
 .text.__sseek  0x0000000000004dcc       0x36 f:/qianrushi/anzhuang/1/mounriver/mounriver_studio/toolchain/risc-v embedded gcc/bin/../lib/gcc/riscv-none-embed/8.2.0/../../../../riscv-none-embed/lib/rv32imac/ilp32\libg_nano.a(lib_a-stdio.o)
                0x0000000000004dcc                __sseek
 .text.__sclose
                0x0000000000004e02        0x6 f:/qianrushi/anzhuang/1/mounriver/mounriver_studio/toolchain/risc-v embedded gcc/bin/../lib/gcc/riscv-none-embed/8.2.0/../../../../riscv-none-embed/lib/rv32imac/ilp32\libg_nano.a(lib_a-stdio.o)
                0x0000000000004e02                __sclose
 .text._write_r
                0x0000000000004e08       0x2e f:/qianrushi/anzhuang/1/mounriver/mounriver_studio/toolchain/risc-v embedded gcc/bin/../lib/gcc/riscv-none-embed/8.2.0/../../../../riscv-none-embed/lib/rv32imac/ilp32\libg_nano.a(lib_a-writer.o)
                0x0000000000004e08                _write_r
 .text._close_r
                0x0000000000004e36       0x28 f:/qianrushi/anzhuang/1/mounriver/mounriver_studio/toolchain/risc-v embedded gcc/bin/../lib/gcc/riscv-none-embed/8.2.0/../../../../riscv-none-embed/lib/rv32imac/ilp32\libg_nano.a(lib_a-closer.o)
                0x0000000000004e36                _close_r
 .text._fstat_r
                0x0000000000004e5e       0x2a f:/qianrushi/anzhuang/1/mounriver/mounriver_studio/toolchain/risc-v embedded gcc/bin/../lib/gcc/riscv-none-embed/8.2.0/../../../../riscv-none-embed/lib/rv32imac/ilp32\libg_nano.a(lib_a-fstatr.o)
                0x0000000000004e5e                _fstat_r
 .text._isatty_r
                0x0000000000004e88       0x28 f:/qianrushi/anzhuang/1/mounriver/mounriver_studio/toolchain/risc-v embedded gcc/bin/../lib/gcc/riscv-none-embed/8.2.0/../../../../riscv-none-embed/lib/rv32imac/ilp32\libg_nano.a(lib_a-isattyr.o)
                0x0000000000004e88                _isatty_r
 .text._lseek_r
                0x0000000000004eb0       0x2c f:/qianrushi/anzhuang/1/mounriver/mounriver_studio/toolchain/risc-v embedded gcc/bin/../lib/gcc/riscv-none-embed/8.2.0/../../../../riscv-none-embed/lib/rv32imac/ilp32\libg_nano.a(lib_a-lseekr.o)
                0x0000000000004eb0                _lseek_r
 .text.memchr   0x0000000000004edc       0x1a f:/qianrushi/anzhuang/1/mounriver/mounriver_studio/toolchain/risc-v embedded gcc/bin/../lib/gcc/riscv-none-embed/8.2.0/../../../../riscv-none-embed/lib/rv32imac/ilp32\libg_nano.a(lib_a-memchr.o)
                0x0000000000004edc                memchr
 .text.memcpy   0x0000000000004ef6       0xb6 f:/qianrushi/anzhuang/1/mounriver/mounriver_studio/toolchain/risc-v embedded gcc/bin/../lib/gcc/riscv-none-embed/8.2.0/../../../../riscv-none-embed/lib/rv32imac/ilp32\libg_nano.a(lib_a-memcpy.o)
                0x0000000000004ef6                memcpy
 .text.memmove  0x0000000000004fac       0x4a f:/qianrushi/anzhuang/1/mounriver/mounriver_studio/toolchain/risc-v embedded gcc/bin/../lib/gcc/riscv-none-embed/8.2.0/../../../../riscv-none-embed/lib/rv32imac/ilp32\libg_nano.a(lib_a-memmove.o)
                0x0000000000004fac                memmove
 .text.__malloc_lock
                0x0000000000004ff6        0x2 f:/qianrushi/anzhuang/1/mounriver/mounriver_studio/toolchain/risc-v embedded gcc/bin/../lib/gcc/riscv-none-embed/8.2.0/../../../../riscv-none-embed/lib/rv32imac/ilp32\libg_nano.a(lib_a-mlock.o)
                0x0000000000004ff6                __malloc_lock
 .text.__malloc_unlock
                0x0000000000004ff8        0x2 f:/qianrushi/anzhuang/1/mounriver/mounriver_studio/toolchain/risc-v embedded gcc/bin/../lib/gcc/riscv-none-embed/8.2.0/../../../../riscv-none-embed/lib/rv32imac/ilp32\libg_nano.a(lib_a-mlock.o)
                0x0000000000004ff8                __malloc_unlock
 .text._realloc_r
                0x0000000000004ffa       0x58 f:/qianrushi/anzhuang/1/mounriver/mounriver_studio/toolchain/risc-v embedded gcc/bin/../lib/gcc/riscv-none-embed/8.2.0/../../../../riscv-none-embed/lib/rv32imac/ilp32\libg_nano.a(lib_a-nano-reallocr.o)
                0x0000000000004ffa                _realloc_r
 .text._read_r  0x0000000000005052       0x2c f:/qianrushi/anzhuang/1/mounriver/mounriver_studio/toolchain/risc-v embedded gcc/bin/../lib/gcc/riscv-none-embed/8.2.0/../../../../riscv-none-embed/lib/rv32imac/ilp32\libg_nano.a(lib_a-readr.o)
                0x0000000000005052                _read_r
 .text._malloc_usable_size_r
                0x000000000000507e       0x14 f:/qianrushi/anzhuang/1/mounriver/mounriver_studio/toolchain/risc-v embedded gcc/bin/../lib/gcc/riscv-none-embed/8.2.0/../../../../riscv-none-embed/lib/rv32imac/ilp32\libg_nano.a(lib_a-nano-msizer.o)
                0x000000000000507e                _malloc_usable_size_r
 .text._close   0x0000000000005092        0xc f:/qianrushi/anzhuang/1/mounriver/mounriver_studio/toolchain/risc-v embedded gcc/bin/../lib/gcc/riscv-none-embed/8.2.0/../../../../riscv-none-embed/lib/rv32imac/ilp32\libnosys.a(close.o)
                0x0000000000005092                _close
 .text._fstat   0x000000000000509e        0xc f:/qianrushi/anzhuang/1/mounriver/mounriver_studio/toolchain/risc-v embedded gcc/bin/../lib/gcc/riscv-none-embed/8.2.0/../../../../riscv-none-embed/lib/rv32imac/ilp32\libnosys.a(fstat.o)
                0x000000000000509e                _fstat
 .text._isatty  0x00000000000050aa        0xc f:/qianrushi/anzhuang/1/mounriver/mounriver_studio/toolchain/risc-v embedded gcc/bin/../lib/gcc/riscv-none-embed/8.2.0/../../../../riscv-none-embed/lib/rv32imac/ilp32\libnosys.a(isatty.o)
                0x00000000000050aa                _isatty
 .text._lseek   0x00000000000050b6        0xc f:/qianrushi/anzhuang/1/mounriver/mounriver_studio/toolchain/risc-v embedded gcc/bin/../lib/gcc/riscv-none-embed/8.2.0/../../../../riscv-none-embed/lib/rv32imac/ilp32\libnosys.a(lseek.o)
                0x00000000000050b6                _lseek
 .text._read    0x00000000000050c2        0xc f:/qianrushi/anzhuang/1/mounriver/mounriver_studio/toolchain/risc-v embedded gcc/bin/../lib/gcc/riscv-none-embed/8.2.0/../../../../riscv-none-embed/lib/rv32imac/ilp32\libnosys.a(read.o)
                0x00000000000050c2                _read
 *(.rodata)
 *(.rodata*)
 *fill*         0x00000000000050ce        0x2 
 .rodata.EXTI0_IRQHandler.str1.4
                0x00000000000050d0       0x20 ./User/gpio.o
 .rodata.LCD_ShowChar.str1.4
                0x00000000000050f0       0x4a ./User/lcd_st7789.o
 *fill*         0x000000000000513a        0x2 
 .rodata.LCD_ShowString.str1.4
                0x000000000000513c       0x1e ./User/lcd_st7789.o
 *fill*         0x000000000000515a        0x2 
 .rodata.asc2_1608
                0x000000000000515c      0x5e0 ./User/lcd_st7789.o
                0x000000000000515c                asc2_1608
 .rodata.asc2_2412
                0x000000000000573c     0x11a0 ./User/lcd_st7789.o
                0x000000000000573c                asc2_2412
 .rodata.asc2_3216
                0x00000000000068dc     0x1780 ./User/lcd_st7789.o
                0x00000000000068dc                asc2_3216
 .rodata.DVP_IRQHandler.str1.4
                0x000000000000805c        0x9 ./User/main.o
 *fill*         0x0000000000008065        0x3 
 .rodata.main.str1.4
                0x0000000000008068       0x5d ./User/main.o
 *fill*         0x00000000000080c5        0x3 
 .rodata.Ultrasoniclength.cst4
                0x00000000000080c8        0x8 ./User/timer.o
 .rodata.Ultrasoniclength.cst8
                0x00000000000080d0        0x8 ./User/timer.o
 .rodata.Ultrasoniclength.str1.4
                0x00000000000080d8       0x20 ./User/timer.o
 .rodata.__divdf3
                0x00000000000080f8       0x40 f:/qianrushi/anzhuang/1/mounriver/mounriver_studio/toolchain/risc-v embedded gcc/bin/../lib/gcc/riscv-none-embed/8.2.0/rv32imac/ilp32\libgcc.a(divdf3.o)
 .rodata.__divsf3
                0x0000000000008138       0x80 f:/qianrushi/anzhuang/1/mounriver/mounriver_studio/toolchain/risc-v embedded gcc/bin/../lib/gcc/riscv-none-embed/8.2.0/rv32imac/ilp32\libgcc.a(divsf3.o)
 .rodata.__clz_tab
                0x00000000000081b8      0x100 f:/qianrushi/anzhuang/1/mounriver/mounriver_studio/toolchain/risc-v embedded gcc/bin/../lib/gcc/riscv-none-embed/8.2.0/rv32imac/ilp32\libgcc.a(_clz.o)
                0x00000000000081b8                __clz_tab
 .rodata.__sf_fake_stderr
                0x00000000000082b8       0x20 f:/qianrushi/anzhuang/1/mounriver/mounriver_studio/toolchain/risc-v embedded gcc/bin/../lib/gcc/riscv-none-embed/8.2.0/../../../../riscv-none-embed/lib/rv32imac/ilp32\libg_nano.a(lib_a-findfp.o)
                0x00000000000082b8                __sf_fake_stderr
 .rodata.__sf_fake_stdin
                0x00000000000082d8       0x20 f:/qianrushi/anzhuang/1/mounriver/mounriver_studio/toolchain/risc-v embedded gcc/bin/../lib/gcc/riscv-none-embed/8.2.0/../../../../riscv-none-embed/lib/rv32imac/ilp32\libg_nano.a(lib_a-findfp.o)
                0x00000000000082d8                __sf_fake_stdin
 .rodata.__sf_fake_stdout
                0x00000000000082f8       0x20 f:/qianrushi/anzhuang/1/mounriver/mounriver_studio/toolchain/risc-v embedded gcc/bin/../lib/gcc/riscv-none-embed/8.2.0/../../../../riscv-none-embed/lib/rv32imac/ilp32\libg_nano.a(lib_a-findfp.o)
                0x00000000000082f8                __sf_fake_stdout
 .rodata._svfprintf_r.str1.4
                0x0000000000008318       0x13 f:/qianrushi/anzhuang/1/mounriver/mounriver_studio/toolchain/risc-v embedded gcc/bin/../lib/gcc/riscv-none-embed/8.2.0/../../../../riscv-none-embed/lib/rv32imac/ilp32\libg_nano.a(lib_a-nano-svfprintf.o)
 .rodata._vfprintf_r.str1.4
                0x000000000000832b       0x13 f:/qianrushi/anzhuang/1/mounriver/mounriver_studio/toolchain/risc-v embedded gcc/bin/../lib/gcc/riscv-none-embed/8.2.0/../../../../riscv-none-embed/lib/rv32imac/ilp32\libg_nano.a(lib_a-nano-vfprintf.o)
 *fill*         0x000000000000832b        0x1 
 .rodata._printf_i.str1.4
                0x000000000000832c       0x28 f:/qianrushi/anzhuang/1/mounriver/mounriver_studio/toolchain/risc-v embedded gcc/bin/../lib/gcc/riscv-none-embed/8.2.0/../../../../riscv-none-embed/lib/rv32imac/ilp32\libg_nano.a(lib_a-nano-vfprintf_i.o)
                                         0x25 (size before relaxing)
 *(.glue_7)
 *(.glue_7t)
 *(.gnu.linkonce.t.*)
                0x0000000000008354                . = ALIGN (0x4)

.rela.dyn       0x0000000000008354        0x0
 .rela.text.EXTI0_IRQHandler
                0x0000000000008354        0x0 ./User/ch32v30x_it.o
 .rela.text.startup.main
                0x0000000000008354        0x0 ./User/ch32v30x_it.o
 .rela.text.TIM6_IRQHandler
                0x0000000000008354        0x0 ./User/ch32v30x_it.o
 .rela.init     0x0000000000008354        0x0 ./User/ch32v30x_it.o
 .rela.vector   0x0000000000008354        0x0 ./User/ch32v30x_it.o
 .rela.text.handle_reset
                0x0000000000008354        0x0 ./User/ch32v30x_it.o
 .rela.text._sbrk
                0x0000000000008354        0x0 ./User/ch32v30x_it.o
 .rela.sdata.curbrk.5226
                0x0000000000008354        0x0 ./User/ch32v30x_it.o
 .rela.text._svfprintf_r
                0x0000000000008354        0x0 ./User/ch32v30x_it.o
 .rela.text._vfprintf_r
                0x0000000000008354        0x0 ./User/ch32v30x_it.o
 .rela.text._sbrk_r
                0x0000000000008354        0x0 ./User/ch32v30x_it.o
 .rela.text._write_r
                0x0000000000008354        0x0 ./User/ch32v30x_it.o
 .rela.text._close_r
                0x0000000000008354        0x0 ./User/ch32v30x_it.o
 .rela.text._fstat_r
                0x0000000000008354        0x0 ./User/ch32v30x_it.o
 .rela.text._isatty_r
                0x0000000000008354        0x0 ./User/ch32v30x_it.o
 .rela.text._lseek_r
                0x0000000000008354        0x0 ./User/ch32v30x_it.o
 .rela.text._read_r
                0x0000000000008354        0x0 ./User/ch32v30x_it.o
 .rela.text._close
                0x0000000000008354        0x0 ./User/ch32v30x_it.o
 .rela.text._fstat
                0x0000000000008354        0x0 ./User/ch32v30x_it.o
 .rela.text._isatty
                0x0000000000008354        0x0 ./User/ch32v30x_it.o
 .rela.text._lseek
                0x0000000000008354        0x0 ./User/ch32v30x_it.o
 .rela.text._read
                0x0000000000008354        0x0 ./User/ch32v30x_it.o

.fini           0x0000000000008354        0x0
 *(SORT_NONE(.fini))
                0x0000000000008354                . = ALIGN (0x4)
                [!provide]                        PROVIDE (_etext = .)
                [!provide]                        PROVIDE (_eitcm = .)

.preinit_array  0x0000000000008354        0x0
                [!provide]                        PROVIDE (__preinit_array_start = .)
 *(.preinit_array)
                [!provide]                        PROVIDE (__preinit_array_end = .)

.init_array     0x0000000000008354        0x0
                [!provide]                        PROVIDE (__init_array_start = .)
 *(SORT_BY_INIT_PRIORITY(.init_array.*) SORT_BY_INIT_PRIORITY(.ctors.*))
 *(.init_array EXCLUDE_FILE(*crtend?.o *crtend.o *crtbegin?.o *crtbegin.o) .ctors)
                [!provide]                        PROVIDE (__init_array_end = .)

.fini_array     0x0000000000008354        0x0
                [!provide]                        PROVIDE (__fini_array_start = .)
 *(SORT_BY_INIT_PRIORITY(.fini_array.*) SORT_BY_INIT_PRIORITY(.dtors.*))
 *(.fini_array EXCLUDE_FILE(*crtend?.o *crtend.o *crtbegin?.o *crtbegin.o) .dtors)
                [!provide]                        PROVIDE (__fini_array_end = .)

.ctors
 *crtbegin.o(.ctors)
 *crtbegin?.o(.ctors)
 *(EXCLUDE_FILE(*crtend?.o *crtend.o) .ctors)
 *(SORT_BY_NAME(.ctors.*))
 *(.ctors)

.dtors
 *crtbegin.o(.dtors)
 *crtbegin?.o(.dtors)
 *(EXCLUDE_FILE(*crtend?.o *crtend.o) .dtors)
 *(SORT_BY_NAME(.dtors.*))
 *(.dtors)

.dalign         0x0000000020000000        0x0 load address 0x0000000000008354
                0x0000000020000000                . = ALIGN (0x4)
                0x0000000020000000                PROVIDE (_data_vma = .)

.dlalign        0x0000000000008354        0x0
                0x0000000000008354                . = ALIGN (0x4)
                0x0000000000008354                PROVIDE (_data_lma = .)

.data           0x0000000020000000       0x98 load address 0x0000000000008354
 *(.gnu.linkonce.r.*)
 *(.data .data.*)
 .data.APBAHBPrescTable
                0x0000000020000000       0x10 ./Peripheral/src/ch32v30x_rcc.o
 .data.impure_data
                0x0000000020000010       0x60 f:/qianrushi/anzhuang/1/mounriver/mounriver_studio/toolchain/risc-v embedded gcc/bin/../lib/gcc/riscv-none-embed/8.2.0/../../../../riscv-none-embed/lib/rv32imac/ilp32\libg_nano.a(lib_a-impure.o)
 *(.gnu.linkonce.d.*)
                0x0000000020000070                . = ALIGN (0x8)
                0x0000000020000870                PROVIDE (__global_pointer$ = (. + 0x800))
 *(.sdata .sdata.*)
 .sdata.FORE_COLOR
                0x0000000020000070        0x2 ./User/lcd_st7789.o
                0x0000000020000070                FORE_COLOR
 *fill*         0x0000000020000072        0x2 
 .sdata.RGB565_DVPDMAaddr0
                0x0000000020000074        0x4 ./User/main.o
                0x0000000020000074                RGB565_DVPDMAaddr0
 .sdata.RGB565_DVPDMAaddr1
                0x0000000020000078        0x4 ./User/main.o
                0x0000000020000078                RGB565_DVPDMAaddr1
 .sdata.TxBuffer
                0x000000002000007c        0x2 ./User/main.o
                0x000000002000007c                TxBuffer
 *fill*         0x000000002000007e        0x2 
 .sdata.SystemCoreClock
                0x0000000020000080        0x4 ./User/system_ch32v30x.o
                0x0000000020000080                SystemCoreClock
 .sdata.ADCPrescTable
                0x0000000020000084        0x4 ./Peripheral/src/ch32v30x_rcc.o
 .sdata.curbrk.5226
                0x0000000020000088        0x4 ./Debug/debug.o
 .sdata._impure_ptr
                0x000000002000008c        0x4 f:/qianrushi/anzhuang/1/mounriver/mounriver_studio/toolchain/risc-v embedded gcc/bin/../lib/gcc/riscv-none-embed/8.2.0/../../../../riscv-none-embed/lib/rv32imac/ilp32\libg_nano.a(lib_a-impure.o)
                0x000000002000008c                _impure_ptr
 *(.sdata2.*)
 .sdata2._global_impure_ptr
                0x0000000020000090        0x4 f:/qianrushi/anzhuang/1/mounriver/mounriver_studio/toolchain/risc-v embedded gcc/bin/../lib/gcc/riscv-none-embed/8.2.0/../../../../riscv-none-embed/lib/rv32imac/ilp32\libg_nano.a(lib_a-impure.o)
                0x0000000020000090                _global_impure_ptr
 *(.gnu.linkonce.s.*)
                0x0000000020000098                . = ALIGN (0x8)
 *fill*         0x0000000020000094        0x4 
 *(.srodata.cst16)
 *(.srodata.cst8)
 *(.srodata.cst4)
 *(.srodata.cst2)
 *(.srodata .srodata.*)
                0x0000000020000098                . = ALIGN (0x4)
                0x0000000020000098                PROVIDE (_edata = .)

.bss            0x0000000020000098      0x47c load address 0x00000000000083ec
                0x0000000020000098                . = ALIGN (0x4)
                0x0000000020000098                PROVIDE (_sbss = .)
 *(.sbss*)
 .sbss.accel_fsr
                0x0000000020000098        0x1 ./User/imu_mpu6050.o
                0x0000000020000098                accel_fsr
 .sbss.gyro_fsr
                0x0000000020000099        0x1 ./User/imu_mpu6050.o
                0x0000000020000099                gyro_fsr
 .sbss.BACK_COLOR
                0x000000002000009a        0x2 ./User/lcd_st7789.o
                0x000000002000009a                BACK_COLOR
 .sbss.addr_cnt
                0x000000002000009c        0x4 ./User/main.o
                0x000000002000009c                addr_cnt
 .sbss.crack_flag
                0x00000000200000a0        0x1 ./User/main.o
                0x00000000200000a0                crack_flag
 .sbss.crack_halt_flag
                0x00000000200000a1        0x1 ./User/main.o
                0x00000000200000a1                crack_halt_flag
 .sbss.crack_repair_flag
                0x00000000200000a2        0x1 ./User/main.o
                0x00000000200000a2                crack_repair_flag
 *fill*         0x00000000200000a3        0x1 
 .sbss.frame_cnt
                0x00000000200000a4        0x4 ./User/main.o
                0x00000000200000a4                frame_cnt
 .sbss.href_cnt
                0x00000000200000a8        0x4 ./User/main.o
                0x00000000200000a8                href_cnt
 .sbss.refresh_flag
                0x00000000200000ac        0x1 ./User/main.o
                0x00000000200000ac                refresh_flag
 .sbss.tick     0x00000000200000ad        0x1 ./User/main.o
                0x00000000200000ad                tick
 .sbss.warning_flag
                0x00000000200000ae        0x1 ./User/main.o
                0x00000000200000ae                warning_flag
 *fill*         0x00000000200000af        0x1 
 .sbss.count    0x00000000200000b0        0x2 ./User/timer.o
                0x00000000200000b0                count
 *fill*         0x00000000200000b2        0x2 
 .sbss.distance
                0x00000000200000b4        0x4 ./User/timer.o
                0x00000000200000b4                distance
 .sbss.NVIC_Priority_Group
                0x00000000200000b8        0x4 ./Peripheral/src/ch32v30x_misc.o
                0x00000000200000b8                NVIC_Priority_Group
 .sbss.p_ms     0x00000000200000bc        0x2 ./Debug/debug.o
 .sbss.p_us     0x00000000200000be        0x1 ./Debug/debug.o
 *fill*         0x00000000200000bf        0x1 
 .sbss.__malloc_free_list
                0x00000000200000c0        0x4 f:/qianrushi/anzhuang/1/mounriver/mounriver_studio/toolchain/risc-v embedded gcc/bin/../lib/gcc/riscv-none-embed/8.2.0/../../../../riscv-none-embed/lib/rv32imac/ilp32\libg_nano.a(lib_a-nano-mallocr.o)
                0x00000000200000c0                __malloc_free_list
 .sbss.__malloc_sbrk_start
                0x00000000200000c4        0x4 f:/qianrushi/anzhuang/1/mounriver/mounriver_studio/toolchain/risc-v embedded gcc/bin/../lib/gcc/riscv-none-embed/8.2.0/../../../../riscv-none-embed/lib/rv32imac/ilp32\libg_nano.a(lib_a-nano-mallocr.o)
                0x00000000200000c4                __malloc_sbrk_start
 *(.gnu.linkonce.sb.*)
 *(.bss*)
 .bss.RxBuffer  0x00000000200000c8      0x400 ./User/main.o
                0x00000000200000c8                RxBuffer
 *(.gnu.linkonce.b.*)
 *(COMMON*)
 COMMON         0x00000000200004c8       0x48 ./User/main.o
                0x00000000200004c8                acc
                0x00000000200004d4                acc_total_100x
                0x00000000200004d8                raw_acc_total
                0x00000000200004dc                raw_gyro_total
                0x00000000200004e0                raw_gyro
                0x00000000200004e6                img_tape
                0x00000000200004e8                time_stamp_record
                0x00000000200004ec                gyro
                0x00000000200004f8                time_stamp_trigger
                0x00000000200004fc                time
                0x0000000020000500                gyro_total_10x
                0x0000000020000504                raw_acc
                0x000000002000050c                acc_record_100x
 COMMON         0x0000000020000510        0x4 f:/qianrushi/anzhuang/1/mounriver/mounriver_studio/toolchain/risc-v embedded gcc/bin/../lib/gcc/riscv-none-embed/8.2.0/../../../../riscv-none-embed/lib/rv32imac/ilp32\libg_nano.a(lib_a-reent.o)
                0x0000000020000510                errno
                0x0000000020000514                . = ALIGN (0x4)
                0x0000000020000514                PROVIDE (_ebss = .)
                0x0000000020000514                PROVIDE (_end = _ebss)
                [!provide]                        PROVIDE (end = .)

.stack          0x0000000020007800      0x800
                0x0000000020007800                PROVIDE (_heap_end = .)
                0x0000000020007800                . = ALIGN (0x4)
                [!provide]                        PROVIDE (_susrstack = .)
                0x0000000020008000                . = (. + __stack_size)
 *fill*         0x0000000020007800      0x800 
                0x0000000020008000                PROVIDE (_eusrstack = .)
OUTPUT(Glass_Cracker2.elf elf32-littleriscv)

.debug_info     0x0000000000000000    0x17aaf
 .debug_info    0x0000000000000000      0x962 ./User/ch32v30x_it.o
 .debug_info    0x0000000000000962     0x115a ./User/gpio.o
 .debug_info    0x0000000000001abc      0xd73 ./User/i2c.o
 .debug_info    0x000000000000282f     0x191c ./User/imu_mpu6050.o
 .debug_info    0x000000000000414b     0x308c ./User/lcd_st7789.o
 .debug_info    0x00000000000071d7     0x2641 ./User/main.o
 .debug_info    0x0000000000009818      0xb63 ./User/system_ch32v30x.o
 .debug_info    0x000000000000a37b     0x1679 ./User/timer.o
 .debug_info    0x000000000000b9f4       0x22 ./Startup/startup_ch32v30x_D8C.o
 .debug_info    0x000000000000ba16      0xd13 ./Peripheral/src/ch32v30x_dma.o
 .debug_info    0x000000000000c729      0xc0d ./Peripheral/src/ch32v30x_exti.o
 .debug_info    0x000000000000d336     0x104d ./Peripheral/src/ch32v30x_fsmc.o
 .debug_info    0x000000000000e383     0x1093 ./Peripheral/src/ch32v30x_gpio.o
 .debug_info    0x000000000000f416     0x1481 ./Peripheral/src/ch32v30x_i2c.o
 .debug_info    0x0000000000010897      0xf67 ./Peripheral/src/ch32v30x_misc.o
 .debug_info    0x00000000000117fe     0x155d ./Peripheral/src/ch32v30x_rcc.o
 .debug_info    0x0000000000012d5b     0x2a18 ./Peripheral/src/ch32v30x_tim.o
 .debug_info    0x0000000000015773     0x1420 ./Peripheral/src/ch32v30x_usart.o
 .debug_info    0x0000000000016b93      0xf1c ./Debug/debug.o

.debug_abbrev   0x0000000000000000     0x3a85
 .debug_abbrev  0x0000000000000000      0x1cf ./User/ch32v30x_it.o
 .debug_abbrev  0x00000000000001cf      0x2b1 ./User/gpio.o
 .debug_abbrev  0x0000000000000480      0x280 ./User/i2c.o
 .debug_abbrev  0x0000000000000700      0x415 ./User/imu_mpu6050.o
 .debug_abbrev  0x0000000000000b15      0x4da ./User/lcd_st7789.o
 .debug_abbrev  0x0000000000000fef      0x4bb ./User/main.o
 .debug_abbrev  0x00000000000014aa      0x2c0 ./User/system_ch32v30x.o
 .debug_abbrev  0x000000000000176a      0x30a ./User/timer.o
 .debug_abbrev  0x0000000000001a74       0x12 ./Startup/startup_ch32v30x_D8C.o
 .debug_abbrev  0x0000000000001a86      0x2fd ./Peripheral/src/ch32v30x_dma.o
 .debug_abbrev  0x0000000000001d83      0x2da ./Peripheral/src/ch32v30x_exti.o
 .debug_abbrev  0x000000000000205d      0x2d9 ./Peripheral/src/ch32v30x_fsmc.o
 .debug_abbrev  0x0000000000002336      0x31a ./Peripheral/src/ch32v30x_gpio.o
 .debug_abbrev  0x0000000000002650      0x3aa ./Peripheral/src/ch32v30x_i2c.o
 .debug_abbrev  0x00000000000029fa      0x2fb ./Peripheral/src/ch32v30x_misc.o
 .debug_abbrev  0x0000000000002cf5      0x351 ./Peripheral/src/ch32v30x_rcc.o
 .debug_abbrev  0x0000000000003046      0x421 ./Peripheral/src/ch32v30x_tim.o
 .debug_abbrev  0x0000000000003467      0x325 ./Peripheral/src/ch32v30x_usart.o
 .debug_abbrev  0x000000000000378c      0x2f9 ./Debug/debug.o

.debug_aranges  0x0000000000000000      0xc78
 .debug_aranges
                0x0000000000000000       0x28 ./User/ch32v30x_it.o
 .debug_aranges
                0x0000000000000028       0x30 ./User/gpio.o
 .debug_aranges
                0x0000000000000058       0x20 ./User/i2c.o
 .debug_aranges
                0x0000000000000078       0x98 ./User/imu_mpu6050.o
 .debug_aranges
                0x0000000000000110      0x110 ./User/lcd_st7789.o
 .debug_aranges
                0x0000000000000220       0xb0 ./User/main.o
 .debug_aranges
                0x00000000000002d0       0x28 ./User/system_ch32v30x.o
 .debug_aranges
                0x00000000000002f8       0x70 ./User/timer.o
 .debug_aranges
                0x0000000000000368       0x30 ./Startup/startup_ch32v30x_D8C.o
 .debug_aranges
                0x0000000000000398       0x60 ./Peripheral/src/ch32v30x_dma.o
 .debug_aranges
                0x00000000000003f8       0x50 ./Peripheral/src/ch32v30x_exti.o
 .debug_aranges
                0x0000000000000448       0x90 ./Peripheral/src/ch32v30x_fsmc.o
 .debug_aranges
                0x00000000000004d8       0xa8 ./Peripheral/src/ch32v30x_gpio.o
 .debug_aranges
                0x0000000000000580      0x110 ./Peripheral/src/ch32v30x_i2c.o
 .debug_aranges
                0x0000000000000690       0x28 ./Peripheral/src/ch32v30x_misc.o
 .debug_aranges
                0x00000000000006b8      0x1a8 ./Peripheral/src/ch32v30x_rcc.o
 .debug_aranges
                0x0000000000000860      0x2d0 ./Peripheral/src/ch32v30x_tim.o
 .debug_aranges
                0x0000000000000b30      0x100 ./Peripheral/src/ch32v30x_usart.o
 .debug_aranges
                0x0000000000000c30       0x48 ./Debug/debug.o

.debug_ranges   0x0000000000000000      0xd08
 .debug_ranges  0x0000000000000000       0x18 ./User/ch32v30x_it.o
 .debug_ranges  0x0000000000000018       0x20 ./User/gpio.o
 .debug_ranges  0x0000000000000038       0x10 ./User/i2c.o
 .debug_ranges  0x0000000000000048       0xc0 ./User/imu_mpu6050.o
 .debug_ranges  0x0000000000000108      0x1b8 ./User/lcd_st7789.o
 .debug_ranges  0x00000000000002c0       0xd0 ./User/main.o
 .debug_ranges  0x0000000000000390       0x38 ./User/system_ch32v30x.o
 .debug_ranges  0x00000000000003c8       0x60 ./User/timer.o
 .debug_ranges  0x0000000000000428       0x28 ./Startup/startup_ch32v30x_D8C.o
 .debug_ranges  0x0000000000000450       0x50 ./Peripheral/src/ch32v30x_dma.o
 .debug_ranges  0x00000000000004a0       0x40 ./Peripheral/src/ch32v30x_exti.o
 .debug_ranges  0x00000000000004e0       0x80 ./Peripheral/src/ch32v30x_fsmc.o
 .debug_ranges  0x0000000000000560       0x98 ./Peripheral/src/ch32v30x_gpio.o
 .debug_ranges  0x00000000000005f8      0x100 ./Peripheral/src/ch32v30x_i2c.o
 .debug_ranges  0x00000000000006f8       0x48 ./Peripheral/src/ch32v30x_misc.o
 .debug_ranges  0x0000000000000740      0x198 ./Peripheral/src/ch32v30x_rcc.o
 .debug_ranges  0x00000000000008d8      0x308 ./Peripheral/src/ch32v30x_tim.o
 .debug_ranges  0x0000000000000be0       0xf0 ./Peripheral/src/ch32v30x_usart.o
 .debug_ranges  0x0000000000000cd0       0x38 ./Debug/debug.o

.debug_line     0x0000000000000000    0x12d1f
 .debug_line    0x0000000000000000      0x270 ./User/ch32v30x_it.o
 .debug_line    0x0000000000000270      0x80d ./User/gpio.o
 .debug_line    0x0000000000000a7d      0x43e ./User/i2c.o
 .debug_line    0x0000000000000ebb     0x1427 ./User/imu_mpu6050.o
 .debug_line    0x00000000000022e2     0x2d63 ./User/lcd_st7789.o
 .debug_line    0x0000000000005045     0x1e20 ./User/main.o
 .debug_line    0x0000000000006e65      0x77c ./User/system_ch32v30x.o
 .debug_line    0x00000000000075e1      0xb75 ./User/timer.o
 .debug_line    0x0000000000008156      0x356 ./Startup/startup_ch32v30x_D8C.o
 .debug_line    0x00000000000084ac      0xa20 ./Peripheral/src/ch32v30x_dma.o
 .debug_line    0x0000000000008ecc      0x625 ./Peripheral/src/ch32v30x_exti.o
 .debug_line    0x00000000000094f1      0xe81 ./Peripheral/src/ch32v30x_fsmc.o
 .debug_line    0x000000000000a372      0xe00 ./Peripheral/src/ch32v30x_gpio.o
 .debug_line    0x000000000000b172     0x11b6 ./Peripheral/src/ch32v30x_i2c.o
 .debug_line    0x000000000000c328      0x51f ./Peripheral/src/ch32v30x_misc.o
 .debug_line    0x000000000000c847     0x1840 ./Peripheral/src/ch32v30x_rcc.o
 .debug_line    0x000000000000e087     0x3464 ./Peripheral/src/ch32v30x_tim.o
 .debug_line    0x00000000000114eb     0x10f9 ./Peripheral/src/ch32v30x_usart.o
 .debug_line    0x00000000000125e4      0x73b ./Debug/debug.o

.debug_str      0x0000000000000000     0x3e58
 .debug_str     0x0000000000000000      0x54c ./User/ch32v30x_it.o
                                        0x5ad (size before relaxing)
 .debug_str     0x000000000000054c      0x99c ./User/gpio.o
                                        0xf05 (size before relaxing)
 .debug_str     0x0000000000000ee8      0x169 ./User/i2c.o
                                        0x879 (size before relaxing)
 .debug_str     0x0000000000001051      0x221 ./User/imu_mpu6050.o
                                        0x8b8 (size before relaxing)
 .debug_str     0x0000000000001272      0x800 ./User/lcd_st7789.o
                                        0xff6 (size before relaxing)
 .debug_str     0x0000000000001a72      0x5b3 ./User/main.o
                                       0x164f (size before relaxing)
 .debug_str     0x0000000000002025       0xef ./User/system_ch32v30x.o
                                        0x6a7 (size before relaxing)
 .debug_str     0x0000000000002114       0xd7 ./User/timer.o
                                        0xfbb (size before relaxing)
 .debug_str     0x00000000000021eb       0x2e ./Startup/startup_ch32v30x_D8C.o
                                         0x6c (size before relaxing)
 .debug_str     0x0000000000002219       0xe3 ./Peripheral/src/ch32v30x_dma.o
                                        0x7ea (size before relaxing)
 .debug_str     0x00000000000022fc       0xd5 ./Peripheral/src/ch32v30x_exti.o
                                        0x784 (size before relaxing)
 .debug_str     0x00000000000023d1      0x2cf ./Peripheral/src/ch32v30x_fsmc.o
                                        0xabf (size before relaxing)
 .debug_str     0x00000000000026a0      0x1f4 ./Peripheral/src/ch32v30x_gpio.o
                                        0x968 (size before relaxing)
 .debug_str     0x0000000000002894      0x322 ./Peripheral/src/ch32v30x_i2c.o
                                        0xad7 (size before relaxing)
 .debug_str     0x0000000000002bb6       0xfa ./Peripheral/src/ch32v30x_misc.o
                                        0xcb3 (size before relaxing)
 .debug_str     0x0000000000002cb0      0x50d ./Peripheral/src/ch32v30x_rcc.o
                                        0xcb8 (size before relaxing)
 .debug_str     0x00000000000031bd      0x8d2 ./Peripheral/src/ch32v30x_tim.o
                                       0x1272 (size before relaxing)
 .debug_str     0x0000000000003a8f      0x367 ./Peripheral/src/ch32v30x_usart.o
                                        0xb0e (size before relaxing)
 .debug_str     0x0000000000003df6       0x62 ./Debug/debug.o
                                        0x8f6 (size before relaxing)

.comment        0x0000000000000000       0x33
 .comment       0x0000000000000000       0x33 ./User/ch32v30x_it.o
                                         0x34 (size before relaxing)
 .comment       0x0000000000000033       0x34 ./User/gpio.o
 .comment       0x0000000000000033       0x34 ./User/i2c.o
 .comment       0x0000000000000033       0x34 ./User/imu_mpu6050.o
 .comment       0x0000000000000033       0x34 ./User/lcd_st7789.o
 .comment       0x0000000000000033       0x34 ./User/main.o
 .comment       0x0000000000000033       0x34 ./User/system_ch32v30x.o
 .comment       0x0000000000000033       0x34 ./User/timer.o
 .comment       0x0000000000000033       0x34 ./Peripheral/src/ch32v30x_dma.o
 .comment       0x0000000000000033       0x34 ./Peripheral/src/ch32v30x_exti.o
 .comment       0x0000000000000033       0x34 ./Peripheral/src/ch32v30x_fsmc.o
 .comment       0x0000000000000033       0x34 ./Peripheral/src/ch32v30x_gpio.o
 .comment       0x0000000000000033       0x34 ./Peripheral/src/ch32v30x_i2c.o
 .comment       0x0000000000000033       0x34 ./Peripheral/src/ch32v30x_misc.o
 .comment       0x0000000000000033       0x34 ./Peripheral/src/ch32v30x_rcc.o
 .comment       0x0000000000000033       0x34 ./Peripheral/src/ch32v30x_tim.o
 .comment       0x0000000000000033       0x34 ./Peripheral/src/ch32v30x_usart.o
 .comment       0x0000000000000033       0x34 ./Debug/debug.o

.debug_frame    0x0000000000000000     0x2b38
 .debug_frame   0x0000000000000000       0x30 ./User/ch32v30x_it.o
 .debug_frame   0x0000000000000030       0x7c ./User/gpio.o
 .debug_frame   0x00000000000000ac       0x38 ./User/i2c.o
 .debug_frame   0x00000000000000e4      0x260 ./User/imu_mpu6050.o
 .debug_frame   0x0000000000000344      0x488 ./User/lcd_st7789.o
 .debug_frame   0x00000000000007cc      0x2a8 ./User/main.o
 .debug_frame   0x0000000000000a74       0x3c ./User/system_ch32v30x.o
 .debug_frame   0x0000000000000ab0      0x170 ./User/timer.o
 .debug_frame   0x0000000000000c20       0xc0 ./Peripheral/src/ch32v30x_dma.o
 .debug_frame   0x0000000000000ce0       0x90 ./Peripheral/src/ch32v30x_exti.o
 .debug_frame   0x0000000000000d70      0x100 ./Peripheral/src/ch32v30x_fsmc.o
 .debug_frame   0x0000000000000e70      0x150 ./Peripheral/src/ch32v30x_gpio.o
 .debug_frame   0x0000000000000fc0      0x25c ./Peripheral/src/ch32v30x_i2c.o
 .debug_frame   0x000000000000121c       0x30 ./Peripheral/src/ch32v30x_misc.o
 .debug_frame   0x000000000000124c      0x340 ./Peripheral/src/ch32v30x_rcc.o
 .debug_frame   0x000000000000158c      0x66c ./Peripheral/src/ch32v30x_tim.o
 .debug_frame   0x0000000000001bf8      0x210 ./Peripheral/src/ch32v30x_usart.o
 .debug_frame   0x0000000000001e08       0xa4 ./Debug/debug.o
 .debug_frame   0x0000000000001eac       0x50 f:/qianrushi/anzhuang/1/mounriver/mounriver_studio/toolchain/risc-v embedded gcc/bin/../lib/gcc/riscv-none-embed/8.2.0/rv32imac/ilp32\libgcc.a(divdf3.o)
 .debug_frame   0x0000000000001efc       0x38 f:/qianrushi/anzhuang/1/mounriver/mounriver_studio/toolchain/risc-v embedded gcc/bin/../lib/gcc/riscv-none-embed/8.2.0/rv32imac/ilp32\libgcc.a(floatunsidf.o)
 .debug_frame   0x0000000000001f34       0x40 f:/qianrushi/anzhuang/1/mounriver/mounriver_studio/toolchain/risc-v embedded gcc/bin/../lib/gcc/riscv-none-embed/8.2.0/rv32imac/ilp32\libgcc.a(addsf3.o)
 .debug_frame   0x0000000000001f74       0x50 f:/qianrushi/anzhuang/1/mounriver/mounriver_studio/toolchain/risc-v embedded gcc/bin/../lib/gcc/riscv-none-embed/8.2.0/rv32imac/ilp32\libgcc.a(divsf3.o)
 .debug_frame   0x0000000000001fc4       0x20 f:/qianrushi/anzhuang/1/mounriver/mounriver_studio/toolchain/risc-v embedded gcc/bin/../lib/gcc/riscv-none-embed/8.2.0/rv32imac/ilp32\libgcc.a(lesf2.o)
 .debug_frame   0x0000000000001fe4       0x38 f:/qianrushi/anzhuang/1/mounriver/mounriver_studio/toolchain/risc-v embedded gcc/bin/../lib/gcc/riscv-none-embed/8.2.0/rv32imac/ilp32\libgcc.a(extendsfdf2.o)
 .debug_frame   0x000000000000201c       0x20 f:/qianrushi/anzhuang/1/mounriver/mounriver_studio/toolchain/risc-v embedded gcc/bin/../lib/gcc/riscv-none-embed/8.2.0/rv32imac/ilp32\libgcc.a(truncdfsf2.o)
 .debug_frame   0x000000000000203c       0x20 f:/qianrushi/anzhuang/1/mounriver/mounriver_studio/toolchain/risc-v embedded gcc/bin/../lib/gcc/riscv-none-embed/8.2.0/rv32imac/ilp32\libgcc.a(_clzsi2.o)
 .debug_frame   0x000000000000205c       0x54 f:/qianrushi/anzhuang/1/mounriver/mounriver_studio/toolchain/risc-v embedded gcc/bin/../lib/gcc/riscv-none-embed/8.2.0/../../../../riscv-none-embed/lib/rv32imac/ilp32\libg_nano.a(lib_a-printf.o)
 .debug_frame   0x00000000000020b0       0x54 f:/qianrushi/anzhuang/1/mounriver/mounriver_studio/toolchain/risc-v embedded gcc/bin/../lib/gcc/riscv-none-embed/8.2.0/../../../../riscv-none-embed/lib/rv32imac/ilp32\libg_nano.a(lib_a-puts.o)
 .debug_frame   0x0000000000002104       0x48 f:/qianrushi/anzhuang/1/mounriver/mounriver_studio/toolchain/risc-v embedded gcc/bin/../lib/gcc/riscv-none-embed/8.2.0/../../../../riscv-none-embed/lib/rv32imac/ilp32\libg_nano.a(lib_a-vsnprintf.o)
 .debug_frame   0x000000000000214c       0x50 f:/qianrushi/anzhuang/1/mounriver/mounriver_studio/toolchain/risc-v embedded gcc/bin/../lib/gcc/riscv-none-embed/8.2.0/../../../../riscv-none-embed/lib/rv32imac/ilp32\libg_nano.a(lib_a-wbuf.o)
 .debug_frame   0x000000000000219c       0x3c f:/qianrushi/anzhuang/1/mounriver/mounriver_studio/toolchain/risc-v embedded gcc/bin/../lib/gcc/riscv-none-embed/8.2.0/../../../../riscv-none-embed/lib/rv32imac/ilp32\libg_nano.a(lib_a-wsetup.o)
 .debug_frame   0x00000000000021d8       0x7c f:/qianrushi/anzhuang/1/mounriver/mounriver_studio/toolchain/risc-v embedded gcc/bin/../lib/gcc/riscv-none-embed/8.2.0/../../../../riscv-none-embed/lib/rv32imac/ilp32\libg_nano.a(lib_a-fflush.o)
 .debug_frame   0x0000000000002254      0x148 f:/qianrushi/anzhuang/1/mounriver/mounriver_studio/toolchain/risc-v embedded gcc/bin/../lib/gcc/riscv-none-embed/8.2.0/../../../../riscv-none-embed/lib/rv32imac/ilp32\libg_nano.a(lib_a-findfp.o)
 .debug_frame   0x000000000000239c       0x88 f:/qianrushi/anzhuang/1/mounriver/mounriver_studio/toolchain/risc-v embedded gcc/bin/../lib/gcc/riscv-none-embed/8.2.0/../../../../riscv-none-embed/lib/rv32imac/ilp32\libg_nano.a(lib_a-fwalk.o)
 .debug_frame   0x0000000000002424       0x64 f:/qianrushi/anzhuang/1/mounriver/mounriver_studio/toolchain/risc-v embedded gcc/bin/../lib/gcc/riscv-none-embed/8.2.0/../../../../riscv-none-embed/lib/rv32imac/ilp32\libg_nano.a(lib_a-makebuf.o)
 .debug_frame   0x0000000000002488       0x40 f:/qianrushi/anzhuang/1/mounriver/mounriver_studio/toolchain/risc-v embedded gcc/bin/../lib/gcc/riscv-none-embed/8.2.0/../../../../riscv-none-embed/lib/rv32imac/ilp32\libg_nano.a(lib_a-nano-freer.o)
 .debug_frame   0x00000000000024c8       0x40 f:/qianrushi/anzhuang/1/mounriver/mounriver_studio/toolchain/risc-v embedded gcc/bin/../lib/gcc/riscv-none-embed/8.2.0/../../../../riscv-none-embed/lib/rv32imac/ilp32\libg_nano.a(lib_a-nano-mallocr.o)
 .debug_frame   0x0000000000002508       0xe0 f:/qianrushi/anzhuang/1/mounriver/mounriver_studio/toolchain/risc-v embedded gcc/bin/../lib/gcc/riscv-none-embed/8.2.0/../../../../riscv-none-embed/lib/rv32imac/ilp32\libg_nano.a(lib_a-nano-svfprintf.o)
 .debug_frame   0x00000000000025e8       0xd0 f:/qianrushi/anzhuang/1/mounriver/mounriver_studio/toolchain/risc-v embedded gcc/bin/../lib/gcc/riscv-none-embed/8.2.0/../../../../riscv-none-embed/lib/rv32imac/ilp32\libg_nano.a(lib_a-nano-vfprintf.o)
 .debug_frame   0x00000000000026b8       0x8c f:/qianrushi/anzhuang/1/mounriver/mounriver_studio/toolchain/risc-v embedded gcc/bin/../lib/gcc/riscv-none-embed/8.2.0/../../../../riscv-none-embed/lib/rv32imac/ilp32\libg_nano.a(lib_a-nano-vfprintf_i.o)
 .debug_frame   0x0000000000002744       0x30 f:/qianrushi/anzhuang/1/mounriver/mounriver_studio/toolchain/risc-v embedded gcc/bin/../lib/gcc/riscv-none-embed/8.2.0/../../../../riscv-none-embed/lib/rv32imac/ilp32\libg_nano.a(lib_a-sbrkr.o)
 .debug_frame   0x0000000000002774       0xa4 f:/qianrushi/anzhuang/1/mounriver/mounriver_studio/toolchain/risc-v embedded gcc/bin/../lib/gcc/riscv-none-embed/8.2.0/../../../../riscv-none-embed/lib/rv32imac/ilp32\libg_nano.a(lib_a-stdio.o)
 .debug_frame   0x0000000000002818       0x30 f:/qianrushi/anzhuang/1/mounriver/mounriver_studio/toolchain/risc-v embedded gcc/bin/../lib/gcc/riscv-none-embed/8.2.0/../../../../riscv-none-embed/lib/rv32imac/ilp32\libg_nano.a(lib_a-writer.o)
 .debug_frame   0x0000000000002848       0x30 f:/qianrushi/anzhuang/1/mounriver/mounriver_studio/toolchain/risc-v embedded gcc/bin/../lib/gcc/riscv-none-embed/8.2.0/../../../../riscv-none-embed/lib/rv32imac/ilp32\libg_nano.a(lib_a-closer.o)
 .debug_frame   0x0000000000002878       0x30 f:/qianrushi/anzhuang/1/mounriver/mounriver_studio/toolchain/risc-v embedded gcc/bin/../lib/gcc/riscv-none-embed/8.2.0/../../../../riscv-none-embed/lib/rv32imac/ilp32\libg_nano.a(lib_a-fstatr.o)
 .debug_frame   0x00000000000028a8       0x30 f:/qianrushi/anzhuang/1/mounriver/mounriver_studio/toolchain/risc-v embedded gcc/bin/../lib/gcc/riscv-none-embed/8.2.0/../../../../riscv-none-embed/lib/rv32imac/ilp32\libg_nano.a(lib_a-isattyr.o)
 .debug_frame   0x00000000000028d8       0x30 f:/qianrushi/anzhuang/1/mounriver/mounriver_studio/toolchain/risc-v embedded gcc/bin/../lib/gcc/riscv-none-embed/8.2.0/../../../../riscv-none-embed/lib/rv32imac/ilp32\libg_nano.a(lib_a-lseekr.o)
 .debug_frame   0x0000000000002908       0x20 f:/qianrushi/anzhuang/1/mounriver/mounriver_studio/toolchain/risc-v embedded gcc/bin/../lib/gcc/riscv-none-embed/8.2.0/../../../../riscv-none-embed/lib/rv32imac/ilp32\libg_nano.a(lib_a-memchr.o)
 .debug_frame   0x0000000000002928       0x20 f:/qianrushi/anzhuang/1/mounriver/mounriver_studio/toolchain/risc-v embedded gcc/bin/../lib/gcc/riscv-none-embed/8.2.0/../../../../riscv-none-embed/lib/rv32imac/ilp32\libg_nano.a(lib_a-memcpy.o)
 .debug_frame   0x0000000000002948       0x20 f:/qianrushi/anzhuang/1/mounriver/mounriver_studio/toolchain/risc-v embedded gcc/bin/../lib/gcc/riscv-none-embed/8.2.0/../../../../riscv-none-embed/lib/rv32imac/ilp32\libg_nano.a(lib_a-memmove.o)
 .debug_frame   0x0000000000002968       0x30 f:/qianrushi/anzhuang/1/mounriver/mounriver_studio/toolchain/risc-v embedded gcc/bin/../lib/gcc/riscv-none-embed/8.2.0/../../../../riscv-none-embed/lib/rv32imac/ilp32\libg_nano.a(lib_a-mlock.o)
 .debug_frame   0x0000000000002998       0x40 f:/qianrushi/anzhuang/1/mounriver/mounriver_studio/toolchain/risc-v embedded gcc/bin/../lib/gcc/riscv-none-embed/8.2.0/../../../../riscv-none-embed/lib/rv32imac/ilp32\libg_nano.a(lib_a-nano-reallocr.o)
 .debug_frame   0x00000000000029d8       0x30 f:/qianrushi/anzhuang/1/mounriver/mounriver_studio/toolchain/risc-v embedded gcc/bin/../lib/gcc/riscv-none-embed/8.2.0/../../../../riscv-none-embed/lib/rv32imac/ilp32\libg_nano.a(lib_a-readr.o)
 .debug_frame   0x0000000000002a08       0x70 f:/qianrushi/anzhuang/1/mounriver/mounriver_studio/toolchain/risc-v embedded gcc/bin/../lib/gcc/riscv-none-embed/8.2.0/../../../../riscv-none-embed/lib/rv32imac/ilp32\libg_nano.a(lib_a-reent.o)
 .debug_frame   0x0000000000002a78       0x20 f:/qianrushi/anzhuang/1/mounriver/mounriver_studio/toolchain/risc-v embedded gcc/bin/../lib/gcc/riscv-none-embed/8.2.0/../../../../riscv-none-embed/lib/rv32imac/ilp32\libg_nano.a(lib_a-nano-msizer.o)
 .debug_frame   0x0000000000002a98       0x20 f:/qianrushi/anzhuang/1/mounriver/mounriver_studio/toolchain/risc-v embedded gcc/bin/../lib/gcc/riscv-none-embed/8.2.0/../../../../riscv-none-embed/lib/rv32imac/ilp32\libnosys.a(close.o)
 .debug_frame   0x0000000000002ab8       0x20 f:/qianrushi/anzhuang/1/mounriver/mounriver_studio/toolchain/risc-v embedded gcc/bin/../lib/gcc/riscv-none-embed/8.2.0/../../../../riscv-none-embed/lib/rv32imac/ilp32\libnosys.a(fstat.o)
 .debug_frame   0x0000000000002ad8       0x20 f:/qianrushi/anzhuang/1/mounriver/mounriver_studio/toolchain/risc-v embedded gcc/bin/../lib/gcc/riscv-none-embed/8.2.0/../../../../riscv-none-embed/lib/rv32imac/ilp32\libnosys.a(isatty.o)
 .debug_frame   0x0000000000002af8       0x20 f:/qianrushi/anzhuang/1/mounriver/mounriver_studio/toolchain/risc-v embedded gcc/bin/../lib/gcc/riscv-none-embed/8.2.0/../../../../riscv-none-embed/lib/rv32imac/ilp32\libnosys.a(lseek.o)
 .debug_frame   0x0000000000002b18       0x20 f:/qianrushi/anzhuang/1/mounriver/mounriver_studio/toolchain/risc-v embedded gcc/bin/../lib/gcc/riscv-none-embed/8.2.0/../../../../riscv-none-embed/lib/rv32imac/ilp32\libnosys.a(read.o)

.debug_loc      0x0000000000000000     0x7091
 .debug_loc     0x0000000000000000       0x4d ./User/i2c.o
 .debug_loc     0x000000000000004d      0x77c ./User/imu_mpu6050.o
 .debug_loc     0x00000000000007c9     0x1e38 ./User/lcd_st7789.o
 .debug_loc     0x0000000000002601      0x2bd ./User/main.o
 .debug_loc     0x00000000000028be       0xe5 ./User/system_ch32v30x.o
 .debug_loc     0x00000000000029a3      0x210 ./User/timer.o
 .debug_loc     0x0000000000002bb3      0x19a ./Peripheral/src/ch32v30x_dma.o
 .debug_loc     0x0000000000002d4d      0x181 ./Peripheral/src/ch32v30x_exti.o
 .debug_loc     0x0000000000002ece      0x454 ./Peripheral/src/ch32v30x_fsmc.o
 .debug_loc     0x0000000000003322      0x67b ./Peripheral/src/ch32v30x_gpio.o
 .debug_loc     0x000000000000399d      0x726 ./Peripheral/src/ch32v30x_i2c.o
 .debug_loc     0x00000000000040c3       0xce ./Peripheral/src/ch32v30x_misc.o
 .debug_loc     0x0000000000004191      0xa54 ./Peripheral/src/ch32v30x_rcc.o
 .debug_loc     0x0000000000004be5     0x1b0c ./Peripheral/src/ch32v30x_tim.o
 .debug_loc     0x00000000000066f1      0x7f8 ./Peripheral/src/ch32v30x_usart.o
 .debug_loc     0x0000000000006ee9      0x1a8 ./Debug/debug.o

.stab           0x0000000000000000       0x84
 .stab          0x0000000000000000       0x24 f:/qianrushi/anzhuang/1/mounriver/mounriver_studio/toolchain/risc-v embedded gcc/bin/../lib/gcc/riscv-none-embed/8.2.0/../../../../riscv-none-embed/lib/rv32imac/ilp32\libnosys.a(close.o)
 .stab          0x0000000000000024       0x18 f:/qianrushi/anzhuang/1/mounriver/mounriver_studio/toolchain/risc-v embedded gcc/bin/../lib/gcc/riscv-none-embed/8.2.0/../../../../riscv-none-embed/lib/rv32imac/ilp32\libnosys.a(fstat.o)
                                         0x24 (size before relaxing)
 .stab          0x000000000000003c       0x18 f:/qianrushi/anzhuang/1/mounriver/mounriver_studio/toolchain/risc-v embedded gcc/bin/../lib/gcc/riscv-none-embed/8.2.0/../../../../riscv-none-embed/lib/rv32imac/ilp32\libnosys.a(isatty.o)
                                         0x24 (size before relaxing)
 .stab          0x0000000000000054       0x18 f:/qianrushi/anzhuang/1/mounriver/mounriver_studio/toolchain/risc-v embedded gcc/bin/../lib/gcc/riscv-none-embed/8.2.0/../../../../riscv-none-embed/lib/rv32imac/ilp32\libnosys.a(lseek.o)
                                         0x24 (size before relaxing)
 .stab          0x000000000000006c       0x18 f:/qianrushi/anzhuang/1/mounriver/mounriver_studio/toolchain/risc-v embedded gcc/bin/../lib/gcc/riscv-none-embed/8.2.0/../../../../riscv-none-embed/lib/rv32imac/ilp32\libnosys.a(read.o)
                                         0x24 (size before relaxing)

.stabstr        0x0000000000000000      0x117
 .stabstr       0x0000000000000000      0x117 f:/qianrushi/anzhuang/1/mounriver/mounriver_studio/toolchain/risc-v embedded gcc/bin/../lib/gcc/riscv-none-embed/8.2.0/../../../../riscv-none-embed/lib/rv32imac/ilp32\libnosys.a(close.o)
