Archive member included to satisfy reference by file (symbol)

f:/qianrushi/anzhuang/1/mounriver/mounriver_studio/toolchain/risc-v embedded gcc/bin/../lib/gcc/riscv-none-embed/8.2.0/rv32imac/ilp32\libgcc.a(adddf3.o)
                              ./User/imu_mpu6050.o (__adddf3)
f:/qianrushi/anzhuang/1/mounriver/mounriver_studio/toolchain/risc-v embedded gcc/bin/../lib/gcc/riscv-none-embed/8.2.0/rv32imac/ilp32\libgcc.a(divdf3.o)
                              ./User/imu_mpu6050.o (__divdf3)
f:/qianrushi/anzhuang/1/mounriver/mounriver_studio/toolchain/risc-v embedded gcc/bin/../lib/gcc/riscv-none-embed/8.2.0/rv32imac/ilp32\libgcc.a(muldf3.o)
                              ./User/imu_mpu6050.o (__muldf3)
f:/qianrushi/anzhuang/1/mounriver/mounriver_studio/toolchain/risc-v embedded gcc/bin/../lib/gcc/riscv-none-embed/8.2.0/rv32imac/ilp32\libgcc.a(floatunsidf.o)
                              ./User/imu_mpu6050.o (__floatunsidf)
f:/qianrushi/anzhuang/1/mounriver/mounriver_studio/toolchain/risc-v embedded gcc/bin/../lib/gcc/riscv-none-embed/8.2.0/rv32imac/ilp32\libgcc.a(addsf3.o)
                              ./User/main.o (__addsf3)
f:/qianrushi/anzhuang/1/mounriver/mounriver_studio/toolchain/risc-v embedded gcc/bin/../lib/gcc/riscv-none-embed/8.2.0/rv32imac/ilp32\libgcc.a(divsf3.o)
                              ./User/timer.o (__divsf3)
f:/qianrushi/anzhuang/1/mounriver/mounriver_studio/toolchain/risc-v embedded gcc/bin/../lib/gcc/riscv-none-embed/8.2.0/rv32imac/ilp32\libgcc.a(gesf2.o)
                              ./User/main.o (__gtsf2)
f:/qianrushi/anzhuang/1/mounriver/mounriver_studio/toolchain/risc-v embedded gcc/bin/../lib/gcc/riscv-none-embed/8.2.0/rv32imac/ilp32\libgcc.a(lesf2.o)
                              ./User/timer.o (__ltsf2)
f:/qianrushi/anzhuang/1/mounriver/mounriver_studio/toolchain/risc-v embedded gcc/bin/../lib/gcc/riscv-none-embed/8.2.0/rv32imac/ilp32\libgcc.a(mulsf3.o)
                              ./User/imu_mpu6050.o (__mulsf3)
f:/qianrushi/anzhuang/1/mounriver/mounriver_studio/toolchain/risc-v embedded gcc/bin/../lib/gcc/riscv-none-embed/8.2.0/rv32imac/ilp32\libgcc.a(fixsfsi.o)
                              ./User/imu_mpu6050.o (__fixsfsi)
f:/qianrushi/anzhuang/1/mounriver/mounriver_studio/toolchain/risc-v embedded gcc/bin/../lib/gcc/riscv-none-embed/8.2.0/rv32imac/ilp32\libgcc.a(floatsisf.o)
                              ./User/imu_mpu6050.o (__floatsisf)
f:/qianrushi/anzhuang/1/mounriver/mounriver_studio/toolchain/risc-v embedded gcc/bin/../lib/gcc/riscv-none-embed/8.2.0/rv32imac/ilp32\libgcc.a(extendsfdf2.o)
                              ./User/imu_mpu6050.o (__extendsfdf2)
f:/qianrushi/anzhuang/1/mounriver/mounriver_studio/toolchain/risc-v embedded gcc/bin/../lib/gcc/riscv-none-embed/8.2.0/rv32imac/ilp32\libgcc.a(truncdfsf2.o)
                              ./User/imu_mpu6050.o (__truncdfsf2)
f:/qianrushi/anzhuang/1/mounriver/mounriver_studio/toolchain/risc-v embedded gcc/bin/../lib/gcc/riscv-none-embed/8.2.0/rv32imac/ilp32\libgcc.a(_clzsi2.o)
                              f:/qianrushi/anzhuang/1/mounriver/mounriver_studio/toolchain/risc-v embedded gcc/bin/../lib/gcc/riscv-none-embed/8.2.0/rv32imac/ilp32\libgcc.a(adddf3.o) (__clzsi2)
f:/qianrushi/anzhuang/1/mounriver/mounriver_studio/toolchain/risc-v embedded gcc/bin/../lib/gcc/riscv-none-embed/8.2.0/rv32imac/ilp32\libgcc.a(_clz.o)
                              f:/qianrushi/anzhuang/1/mounriver/mounriver_studio/toolchain/risc-v embedded gcc/bin/../lib/gcc/riscv-none-embed/8.2.0/rv32imac/ilp32\libgcc.a(_clzsi2.o) (__clz_tab)
f:/qianrushi/anzhuang/1/mounriver/mounriver_studio/toolchain/risc-v embedded gcc/bin/../lib/gcc/riscv-none-embed/8.2.0/../../../../riscv-none-embed/lib/rv32imac/ilp32\libg_nano.a(lib_a-memset.o)
                              ./User/lcd_st7789.o (memset)
f:/qianrushi/anzhuang/1/mounriver/mounriver_studio/toolchain/risc-v embedded gcc/bin/../lib/gcc/riscv-none-embed/8.2.0/../../../../riscv-none-embed/lib/rv32imac/ilp32\libg_nano.a(lib_a-printf.o)
                              ./User/lcd_st7789.o (printf)
f:/qianrushi/anzhuang/1/mounriver/mounriver_studio/toolchain/risc-v embedded gcc/bin/../lib/gcc/riscv-none-embed/8.2.0/../../../../riscv-none-embed/lib/rv32imac/ilp32\libg_nano.a(lib_a-puts.o)
                              ./User/main.o (puts)
f:/qianrushi/anzhuang/1/mounriver/mounriver_studio/toolchain/risc-v embedded gcc/bin/../lib/gcc/riscv-none-embed/8.2.0/../../../../riscv-none-embed/lib/rv32imac/ilp32\libg_nano.a(lib_a-vsnprintf.o)
                              ./User/lcd_st7789.o (vsnprintf)
f:/qianrushi/anzhuang/1/mounriver/mounriver_studio/toolchain/risc-v embedded gcc/bin/../lib/gcc/riscv-none-embed/8.2.0/../../../../riscv-none-embed/lib/rv32imac/ilp32\libg_nano.a(lib_a-wbuf.o)
                              f:/qianrushi/anzhuang/1/mounriver/mounriver_studio/toolchain/risc-v embedded gcc/bin/../lib/gcc/riscv-none-embed/8.2.0/../../../../riscv-none-embed/lib/rv32imac/ilp32\libg_nano.a(lib_a-puts.o) (__swbuf_r)
[...]
Memory Configuration

Name             Origin             Length             Attributes
FLASH            0x0000000000000000 0x0000000000048000 xr
RAM              0x0000000020000000 0x0000000000008000 xrw
*default*        0x0000000000000000 0xffffffffffffffff

Linker script and memory map

LOAD ./crack_bmp/crack_EN.o
LOAD ./crack_bmp/crack_ES.o
LOAD ./crack_bmp/crack_NE.o
LOAD ./crack_bmp/crack_NW.o
LOAD ./crack_bmp/crack_SE.o
LOAD ./crack_bmp/crack_SW.o
LOAD ./crack_bmp/crack_WN.o
LOAD ./crack_bmp/crack_WS.o
LOAD ./User/ch32v30x_it.o
LOAD ./User/gpio.o
LOAD ./User/i2c.o
LOAD ./User/imu_mpu6050.o
LOAD ./User/lcd_st7789.o
LOAD ./User/main.o
LOAD ./User/ov.o
LOAD ./User/system_ch32v30x.o
LOAD ./User/timer.o
LOAD ./Startup/startup_ch32v30x_D8C.o
LOAD ./Peripheral/src/ch32v30x_adc.o
LOAD ./Peripheral/src/ch32v30x_bkp.o
LOAD ./Peripheral/src/ch32v30x_can.o
LOAD ./Peripheral/src/ch32v30x_crc.o
LOAD ./Peripheral/src/ch32v30x_dac.o
LOAD ./Peripheral/src/ch32v30x_dbgmcu.o
LOAD ./Peripheral/src/ch32v30x_dma.o
LOAD ./Peripheral/src/ch32v30x_dvp.o
LOAD ./Peripheral/src/ch32v30x_eth.o
LOAD ./Peripheral/src/ch32v30x_exti.o
LOAD ./Peripheral/src/ch32v30x_flash.o
LOAD ./Peripheral/src/ch32v30x_fsmc.o
LOAD ./Peripheral/src/ch32v30x_gpio.o
LOAD ./Peripheral/src/ch32v30x_i2c.o
LOAD ./Peripheral/src/ch32v30x_iwdg.o
LOAD ./Peripheral/src/ch32v30x_misc.o
LOAD ./Peripheral/src/ch32v30x_opa.o
LOAD ./Peripheral/src/ch32v30x_pwr.o
LOAD ./Peripheral/src/ch32v30x_rcc.o
LOAD ./Peripheral/src/ch32v30x_rng.o
LOAD ./Peripheral/src/ch32v30x_rtc.o
LOAD ./Peripheral/src/ch32v30x_sdio.o
LOAD ./Peripheral/src/ch32v30x_spi.o
LOAD ./Peripheral/src/ch32v30x_tim.o
LOAD ./Peripheral/src/ch32v30x_usart.o
LOAD ./Peripheral/src/ch32v30x_wwdg.o
LOAD ./Debug/debug.o
LOAD ./Core/core_riscv.o
LOAD f:/qianrushi/anzhuang/1/mounriver/mounriver_studio/toolchain/risc-v embedded gcc/bin/../lib/gcc/riscv-none-embed/8.2.0/rv32imac/ilp32\libgcc.a
LOAD f:/qianrushi/anzhuang/1/mounriver/mounriver_studio/toolchain/risc-v embedded gcc/bin/../lib/gcc/riscv-none-embed/8.2.0/../../../../riscv-none-embed/lib/rv32imac/ilp32\libg_nano.a
LOAD f:/qianrushi/anzhuang/1/mounriver/mounriver_studio/toolchain/risc-v embedded gcc/bin/../lib/gcc/riscv-none-embed/8.2.0/../../../../riscv-none-embed/lib/rv32imac/ilp32\libc_nano.a
LOAD f:/qianrushi/anzhuang/1/mounriver/mounriver_studio/toolchain/risc-v embedded gcc/bin/../lib/gcc/riscv-none-embed/8.2.0/rv32imac/ilp32\libgcc.a
START GROUP
LOAD f:/qianrushi/anzhuang/1/mounriver/mounriver_studio/toolchain/risc-v embedded gcc/bin/../lib/gcc/riscv-none-embed/8.2.0/rv32imac/ilp32\libgcc.a
LOAD f:/qianrushi/anzhuang/1/mounriver/mounriver_studio/toolchain/risc-v embedded gcc/bin/../lib/gcc/riscv-none-embed/8.2.0/../../../../riscv-none-embed/lib/rv32imac/ilp32\libc_nano.a
LOAD f:/qianrushi/anzhuang/1/mounriver/mounriver_studio/toolchain/risc-v embedded gcc/bin/../lib/gcc/riscv-none-embed/8.2.0/../../../../riscv-none-embed/lib/rv32imac/ilp32\libnosys.a
END GROUP
START GROUP
LOAD f:/qianrushi/anzhuang/1/mounriver/mounriver_studio/toolchain/risc-v embedded gcc/bin/../lib/gcc/riscv-none-embed/8.2.0/rv32imac/ilp32\libgcc.a
LOAD f:/qianrushi/anzhuang/1/mounriver/mounriver_studio/toolchain/risc-v embedded gcc/bin/../lib/gcc/riscv-none-embed/8.2.0/../../../../riscv-none-embed/lib/rv32imac/ilp32\libc_nano.a
LOAD f:/qianrushi/anzhuang/1/mounriver/mounriver_studio/toolchain/risc-v embedded gcc/bin/../lib/gcc/riscv-none-embed/8.2.0/../../../../riscv-none-embed/lib/rv32imac/ilp32\libnosys.a
END GROUP
                0x0000000000000800                __stack_size = 0x800
                [!provide]                        PROVIDE (_stack_size = __stack_size)

.init           0x0000000000000000       0x38
                0x0000000000000000                _sinit = .
                0x0000000000000000                . = ALIGN (0x4)
 *(SORT_NONE(.init))
 .init          0x0000000000000000       0x38 ./Startup/startup_ch32v30x_D8C.o
                0x0000000000000000                _start
                0x0000000000000038                . = ALIGN (0x4)
                0x0000000000000038                _einit = .

.vector         0x0000000000000038      0x1c8
 *(.vector)
 .vector        0x0000000000000038      0x1a0 ./Startup/startup_ch32v30x_D8C.o
                0x0000000000000200                . = ALIGN (0x40)
 *fill*         0x00000000000001d8       0x28 

.text           0x0000000000000200     0x89f0
                0x0000000000000200                . = ALIGN (0x4)
 *(.text)
 .text          0x0000000000000200       0xa8 f:/qianrushi/anzhuang/1/mounriver/mounriver_studio/toolchain/risc-v embedded gcc/bin/../lib/gcc/riscv-none-embed/8.2.0/../../../../riscv-none-embed/lib/rv32imac/ilp32\libg_nano.a(lib_a-memset.o)
                0x0000000000000200                memset
 *(.text.*)
 .text.NMI_Handler
                0x00000000000002a8        0x4 ./User/ch32v30x_it.o
                0x00000000000002a8                NMI_Handler
 .text.HardFault_Handler
                0x00000000000002ac        0x2 ./User/ch32v30x_it.o
                0x00000000000002ac                HardFault_Handler
 .text.Button_INT_Init
                0x00000000000002ae       0xee ./User/gpio.o
                0x00000000000002ae                Button_INT_Init
 .text.Start_Trig
                0x000000000000039c       0x2a ./User/gpio.o
                0x000000000000039c                Start_Trig
 .text.EXTI0_IRQHandler
                0x00000000000003c6       0x50 ./User/gpio.o
                0x00000000000003c6                EXTI0_IRQHandler
 .text.IIC_Init
                0x0000000000000416       0x84 ./User/i2c.o
                0x0000000000000416                IIC_Init
 .text.IMU_WriteByte
                0x000000000000049a       0xe8 ./User/imu_mpu6050.o
                0x000000000000049a                IMU_WriteByte
 .text.IMU_SetGyroFsr
                0x0000000000000582       0x10 ./User/imu_mpu6050.o
                0x0000000000000582                IMU_SetGyroFsr
 .text.IMU_SetAccelFsr
                0x0000000000000592       0x10 ./User/imu_mpu6050.o
                0x0000000000000592                IMU_SetAccelFsr
 .text.IMU_SetLPF
                0x00000000000005a2       0x34 ./User/imu_mpu6050.o
                0x00000000000005a2                IMU_SetLPF
 .text.IMU_SetRate
                0x00000000000005d6       0x32 ./User/imu_mpu6050.o
                0x00000000000005d6                IMU_SetRate
 .text.IMU_ReadByte
                0x0000000000000608      0x110 ./User/imu_mpu6050.o
                0x0000000000000608                IMU_ReadByte
 .text.IMU_Init
                0x0000000000000718       0x88 ./User/imu_mpu6050.o
                0x0000000000000718                IMU_Init
 .text.LCD_WriteHalfWord
                0x00000000000007a0       0x16 ./User/lcd_st7789.o
                0x00000000000007a0                LCD_WriteHalfWord
 .text.LCD_ReadData
                0x00000000000007b6       0x1a ./User/lcd_st7789.o
                0x00000000000007b6                LCD_ReadData
 .text.LCD_FSMCInit
                0x00000000000007d0      0x120 ./User/lcd_st7789.o
                0x00000000000007d0                LCD_FSMCInit
 .text.LCD_GPIOInit
                0x00000000000008f0       0x96 ./User/lcd_st7789.o
                0x00000000000008f0                LCD_GPIOInit
 .text.LCD_SetBrightness
                0x0000000000000986       0x1c ./User/lcd_st7789.o
                0x0000000000000986                LCD_SetBrightness
 .text.LCD_ConvertColor
                0x00000000000009a2       0x1e ./User/lcd_st7789.o
                0x00000000000009a2                LCD_ConvertColor
 .text.LCD_SetColor
                0x00000000000009c0        0xe ./User/lcd_st7789.o
                0x00000000000009c0                LCD_SetColor
 .text.LCD_AddressSetWrite
                0x00000000000009ce       0x5e ./User/lcd_st7789.o
                0x00000000000009ce                LCD_AddressSetWrite
 .text.LCD_AddressSetRead
                0x0000000000000a2c       0x5e ./User/lcd_st7789.o
                0x0000000000000a2c                LCD_AddressSetRead
 .text.LCD_Clear
                0x0000000000000a8a       0x4c ./User/lcd_st7789.o
                0x0000000000000a8a                LCD_Clear
 .text.LCD_Init
                0x0000000000000ad6      0x1ae ./User/lcd_st7789.o
                0x0000000000000ad6                LCD_Init
 .text.LCD_ShowChar
                0x0000000000000c84      0x384 ./User/lcd_st7789.o
                0x0000000000000c84                LCD_ShowChar
 .text.LCD_ShowString
                0x0000000000001008       0xd4 ./User/lcd_st7789.o
                0x0000000000001008                LCD_ShowString
 .text.USARTx_CFG
                0x00000000000010dc       0x88 ./User/main.o
                0x00000000000010dc                USARTx_CFG
 .text.DMA_INIT
                0x0000000000001164       0x82 ./User/main.o
                0x0000000000001164                DMA_INIT
 .text.GPIO_CFG
                0x00000000000011e6       0x4e ./User/main.o
                0x00000000000011e6                GPIO_CFG
 .text.uartWriteBLE
                0x0000000000001234       0x5a ./User/main.o
                0x0000000000001234                uartWriteBLE
 .text.uartWriteBLEstr
                0x000000000000128e       0x16 ./User/main.o
                0x000000000000128e                uartWriteBLEstr
 .text.EXTI_INT_INIT
                0x00000000000012a4       0x72 ./User/main.o
                0x00000000000012a4                EXTI_INT_INIT
 .text.DMA_SRAMLCD_Init
                0x0000000000001316       0x54 ./User/main.o
                0x0000000000001316                DMA_SRAMLCD_Init
 .text.DVP_Init
                0x000000000000136a       0xdc ./User/main.o
                0x000000000000136a                DVP_Init
 .text.DVP_IRQHandler
                0x0000000000001446      0x150 ./User/main.o
                0x0000000000001446                DVP_IRQHandler
 .text.shexiang
                0x0000000000001596       0x98 ./User/main.o
                0x0000000000001596                shexiang
 .text.startup.main
                0x000000000000162e      0x19a ./User/main.o
                0x000000000000162e                main
 .text.SCCB_GPIO_Init
                0x00000000000017c8       0x4e ./User/ov.o
                0x00000000000017c8                SCCB_GPIO_Init
 .text.SCCB_Start
                0x0000000000001816       0x44 ./User/ov.o
                0x0000000000001816                SCCB_Start
 .text.SCCB_Stop
                0x000000000000185a       0x42 ./User/ov.o
                0x000000000000185a                SCCB_Stop
 .text.SCCB_No_Ack
                0x000000000000189c       0x52 ./User/ov.o
                0x000000000000189c                SCCB_No_Ack
 .text.SCCB_WR_Byte
                0x00000000000018ee       0xc2 ./User/ov.o
                0x00000000000018ee                SCCB_WR_Byte
 .text.SCCB_RD_Byte
                0x00000000000019b0       0xa0 ./User/ov.o
                0x00000000000019b0                SCCB_RD_Byte
 .text.SCCB_WR_Reg
                0x0000000000001a50       0x4e ./User/ov.o
                0x0000000000001a50                SCCB_WR_Reg
 .text.SCCB_RD_Reg
                0x0000000000001a9e       0x50 ./User/ov.o
                0x0000000000001a9e                SCCB_RD_Reg
 .text.DVP_GPIO_Init
                0x0000000000001aee       0x98 ./User/ov.o
                0x0000000000001aee                DVP_GPIO_Init
 .text.OV2640_Init
                0x0000000000001b86       0xd6 ./User/ov.o
                0x0000000000001b86                OV2640_Init
 .text.OV2640_RGB565_Mode
                0x0000000000001c5c       0x2c ./User/ov.o
                0x0000000000001c5c                OV2640_RGB565_Mode
 .text.OV2640_OutSize_Set
                0x0000000000001c88       0x6a ./User/ov.o
                0x0000000000001c88                OV2640_OutSize_Set
 .text.OV2640_Speed_Set
                0x0000000000001cf2       0x3a ./User/ov.o
                0x0000000000001cf2                OV2640_Speed_Set
 .text.RGB565_Mode_Init
                0x0000000000001d2c       0x1a ./User/ov.o
                0x0000000000001d2c                RGB565_Mode_Init
 .text.SystemInit
                0x0000000000001d46       0xfa ./User/system_ch32v30x.o
                0x0000000000001d46                SystemInit
 .text.Input_Capture_Init
                0x0000000000001e40       0x80 ./User/timer.o
                0x0000000000001e40                Input_Capture_Init
 .text.Tick_TIM_Init
                0x0000000000001ec0       0x5a ./User/timer.o
                0x0000000000001ec0                Tick_TIM_Init
 .text.Refresh_TIM_Init
                0x0000000000001f1a       0x60 ./User/timer.o
                0x0000000000001f1a                Refresh_TIM_Init
 .text.Tick_TIM_INT_Init
                0x0000000000001f7a       0x26 ./User/timer.o
                0x0000000000001f7a                Tick_TIM_INT_Init
 .text.Refresh_TIM_INT_Init
                0x0000000000001fa0       0x26 ./User/timer.o
                0x0000000000001fa0                Refresh_TIM_INT_Init
 .text.ENABLE_TIM
                0x0000000000001fc6       0x1c ./User/timer.o
                0x0000000000001fc6                ENABLE_TIM
 .text.DISABLE_TIM
                0x0000000000001fe2        0xa ./User/timer.o
                0x0000000000001fe2                DISABLE_TIM
 .text.Ultrasoniclength
                0x0000000000001fec      0x120 ./User/timer.o
                0x0000000000001fec                Ultrasoniclength
 .text.TIM2_IRQHandler
                0x000000000000210c       0x28 ./User/timer.o
                0x000000000000210c                TIM2_IRQHandler
 .text.TIM6_IRQHandler
                0x0000000000002134       0x1e ./User/timer.o
                0x0000000000002134                TIM6_IRQHandler
 .text.TIM7_IRQHandler
                0x0000000000002152       0x18 ./User/timer.o
                0x0000000000002152                TIM7_IRQHandler
 .text.vector_handler
                0x000000000000216a       0xbe ./Startup/startup_ch32v30x_D8C.o
                0x000000000000216e                Ecall_M_Mode_Handler
                0x0000000000002170                Ecall_U_Mode_Handler
                0x0000000000002172                Break_Point_Handler
                0x0000000000002174                SysTick_Handler
                0x0000000000002176                SW_Handler
                0x0000000000002178                WWDG_IRQHandler
                0x000000000000217a                PVD_IRQHandler
                0x000000000000217c                TAMPER_IRQHandler
                0x000000000000217e                RTC_IRQHandler
                0x0000000000002180                FLASH_IRQHandler
                0x0000000000002182                RCC_IRQHandler
                0x0000000000002186                EXTI1_IRQHandler
                0x0000000000002188                EXTI2_IRQHandler
                0x000000000000218a                EXTI3_IRQHandler
                0x000000000000218c                EXTI4_IRQHandler
                0x000000000000218e                DMA1_Channel1_IRQHandler
                0x0000000000002190                DMA1_Channel2_IRQHandler
                0x0000000000002192                DMA1_Channel3_IRQHandler
                0x0000000000002194                DMA1_Channel4_IRQHandler
                0x0000000000002196                DMA1_Channel5_IRQHandler
                0x0000000000002198                DMA1_Channel6_IRQHandler
                0x000000000000219a                DMA1_Channel7_IRQHandler
                0x000000000000219c                ADC1_2_IRQHandler
                0x000000000000219e                USB_HP_CAN1_TX_IRQHandler
                0x00000000000021a0                USB_LP_CAN1_RX0_IRQHandler
                0x00000000000021a2                CAN1_RX1_IRQHandler
                0x00000000000021a4                CAN1_SCE_IRQHandler
                0x00000000000021a6                EXTI9_5_IRQHandler
                0x00000000000021a8                TIM1_BRK_IRQHandler
                0x00000000000021aa                TIM1_UP_IRQHandler
                0x00000000000021ac                TIM1_TRG_COM_IRQHandler
                0x00000000000021ae                TIM1_CC_IRQHandler
                0x00000000000021b2                TIM3_IRQHandler
                0x00000000000021b4                TIM4_IRQHandler
                0x00000000000021b6                I2C1_EV_IRQHandler
                0x00000000000021b8                I2C1_ER_IRQHandler
                0x00000000000021ba                I2C2_EV_IRQHandler
                0x00000000000021bc                I2C2_ER_IRQHandler
                0x00000000000021be                SPI1_IRQHandler
                0x00000000000021c0                SPI2_IRQHandler
                0x00000000000021c2                USART1_IRQHandler
                0x00000000000021c4                USART2_IRQHandler
                0x00000000000021c6                USART3_IRQHandler
                0x00000000000021c8                EXTI15_10_IRQHandler
                0x00000000000021ca                RTCAlarm_IRQHandler
                0x00000000000021cc                USBWakeUp_IRQHandler
                0x00000000000021ce                TIM8_BRK_IRQHandler
                0x00000000000021d0                TIM8_UP_IRQHandler
                0x00000000000021d2                TIM8_TRG_COM_IRQHandler
                0x00000000000021d4                TIM8_CC_IRQHandler
                0x00000000000021d6                RNG_IRQHandler
                0x00000000000021d8                FSMC_IRQHandler
                0x00000000000021da                SDIO_IRQHandler
                0x00000000000021dc                TIM5_IRQHandler
                0x00000000000021de                SPI3_IRQHandler
                0x00000000000021e0                UART4_IRQHandler
                0x00000000000021e2                UART5_IRQHandler
                0x00000000000021e8                DMA2_Channel1_IRQHandler
                0x00000000000021ea                DMA2_Channel2_IRQHandler
                0x00000000000021ec                DMA2_Channel3_IRQHandler
                0x00000000000021ee                DMA2_Channel4_IRQHandler
                0x00000000000021f0                DMA2_Channel5_IRQHandler
                0x00000000000021f2                ETH_IRQHandler
                0x00000000000021f4                ETH_WKUP_IRQHandler
                0x00000000000021f6                CAN2_TX_IRQHandler
                0x00000000000021f8                CAN2_RX0_IRQHandler
                0x00000000000021fa                CAN2_RX1_IRQHandler
                0x00000000000021fc                CAN2_SCE_IRQHandler
                0x00000000000021fe                OTG_FS_IRQHandler
                0x0000000000002200                USBHSWakeup_IRQHandler
                0x0000000000002202                USBHS_IRQHandler
                0x0000000000002206                UART6_IRQHandler
                0x0000000000002208                UART7_IRQHandler
                0x000000000000220a                UART8_IRQHandler
                0x000000000000220c                TIM9_BRK_IRQHandler
                0x000000000000220e                TIM9_UP_IRQHandler
                0x0000000000002210                TIM9_TRG_COM_IRQHandler
                0x0000000000002212                TIM9_CC_IRQHandler
                0x0000000000002214                TIM10_BRK_IRQHandler
                0x0000000000002216                TIM10_UP_IRQHandler
                0x0000000000002218                TIM10_TRG_COM_IRQHandler
                0x000000000000221a                TIM10_CC_IRQHandler
                0x000000000000221c                DMA2_Channel6_IRQHandler
                0x000000000000221e                DMA2_Channel7_IRQHandler
                0x0000000000002220                DMA2_Channel8_IRQHandler
                0x0000000000002222                DMA2_Channel9_IRQHandler
                0x0000000000002224                DMA2_Channel10_IRQHandler
                0x0000000000002226                DMA2_Channel11_IRQHandler
 .text.handle_reset
                0x0000000000002228       0x8a ./Startup/startup_ch32v30x_D8C.o
                0x0000000000002228                handle_reset
 .text.DMA_DeInit
                0x00000000000022b2      0x16c ./Peripheral/src/ch32v30x_dma.o
                0x00000000000022b2                DMA_DeInit
 .text.DMA_Init
                0x000000000000241e       0x38 ./Peripheral/src/ch32v30x_dma.o
                0x000000000000241e                DMA_Init
 .text.DMA_Cmd  0x0000000000002456       0x14 ./Peripheral/src/ch32v30x_dma.o
                0x0000000000002456                DMA_Cmd
 .text.DMA_SetCurrDataCounter
                0x000000000000246a        0x4 ./Peripheral/src/ch32v30x_dma.o
                0x000000000000246a                DMA_SetCurrDataCounter
 .text.DMA_GetCurrDataCounter
                0x000000000000246e        0x8 ./Peripheral/src/ch32v30x_dma.o
                0x000000000000246e                DMA_GetCurrDataCounter
 .text.DMA_ClearFlag
                0x0000000000002476       0x2c ./Peripheral/src/ch32v30x_dma.o
                0x0000000000002476                DMA_ClearFlag
 .text.EXTI_Init
                0x00000000000024a2       0x6a ./Peripheral/src/ch32v30x_exti.o
                0x00000000000024a2                EXTI_Init
 .text.EXTI_ClearFlag
                0x000000000000250c        0xa ./Peripheral/src/ch32v30x_exti.o
                0x000000000000250c                EXTI_ClearFlag
 .text.FSMC_NORSRAMInit
                0x0000000000002516       0xba ./Peripheral/src/ch32v30x_fsmc.o
                0x0000000000002516                FSMC_NORSRAMInit
 .text.FSMC_NORSRAMCmd
                0x00000000000025d0       0x1e ./Peripheral/src/ch32v30x_fsmc.o
                0x00000000000025d0                FSMC_NORSRAMCmd
 .text.GPIO_Init
                0x00000000000025ee       0xc2 ./Peripheral/src/ch32v30x_gpio.o
                0x00000000000025ee                GPIO_Init
 .text.GPIO_ReadInputDataBit
                0x00000000000026b0        0xa ./Peripheral/src/ch32v30x_gpio.o
                0x00000000000026b0                GPIO_ReadInputDataBit
 .text.GPIO_SetBits
                0x00000000000026ba        0x4 ./Peripheral/src/ch32v30x_gpio.o
                0x00000000000026ba                GPIO_SetBits
 .text.GPIO_ResetBits
                0x00000000000026be        0x4 ./Peripheral/src/ch32v30x_gpio.o
                0x00000000000026be                GPIO_ResetBits
 .text.GPIO_WriteBit
                0x00000000000026c2        0xa ./Peripheral/src/ch32v30x_gpio.o
                0x00000000000026c2                GPIO_WriteBit
 .text.GPIO_EXTILineConfig
                0x00000000000026cc       0x2c ./Peripheral/src/ch32v30x_gpio.o
                0x00000000000026cc                GPIO_EXTILineConfig
 .text.I2C_Init
                0x00000000000026f8      0x11a ./Peripheral/src/ch32v30x_i2c.o
                0x00000000000026f8                I2C_Init
 .text.I2C_Cmd  0x0000000000002812       0x1c ./Peripheral/src/ch32v30x_i2c.o
                0x0000000000002812                I2C_Cmd
 .text.I2C_GenerateSTART
                0x000000000000282e       0x1e ./Peripheral/src/ch32v30x_i2c.o
                0x000000000000282e                I2C_GenerateSTART
 .text.I2C_GenerateSTOP
                0x000000000000284c       0x1e ./Peripheral/src/ch32v30x_i2c.o
                0x000000000000284c                I2C_GenerateSTOP
 .text.I2C_AcknowledgeConfig
                0x000000000000286a       0x1e ./Peripheral/src/ch32v30x_i2c.o
                0x000000000000286a                I2C_AcknowledgeConfig
 .text.I2C_SendData
                0x0000000000002888        0x6 ./Peripheral/src/ch32v30x_i2c.o
                0x0000000000002888                I2C_SendData
 .text.I2C_ReceiveData
                0x000000000000288e        0xa ./Peripheral/src/ch32v30x_i2c.o
                0x000000000000288e                I2C_ReceiveData
 .text.I2C_Send7bitAddress
                0x0000000000002898       0x14 ./Peripheral/src/ch32v30x_i2c.o
                0x0000000000002898                I2C_Send7bitAddress
 .text.I2C_CheckEvent
                0x00000000000028ac       0x1a ./Peripheral/src/ch32v30x_i2c.o
                0x00000000000028ac                I2C_CheckEvent
 .text.I2C_GetFlagStatus
                0x00000000000028c6       0x32 ./Peripheral/src/ch32v30x_i2c.o
                0x00000000000028c6                I2C_GetFlagStatus
 .text.NVIC_PriorityGroupConfig
                0x00000000000028f8        0x6 ./Peripheral/src/ch32v30x_misc.o
                0x00000000000028f8                NVIC_PriorityGroupConfig
 .text.NVIC_Init
                0x00000000000028fe       0xb8 ./Peripheral/src/ch32v30x_misc.o
                0x00000000000028fe                NVIC_Init
 .text.RCC_GetClocksFreq
                0x00000000000029b6      0x10e ./Peripheral/src/ch32v30x_rcc.o
                0x00000000000029b6                RCC_GetClocksFreq
 .text.RCC_AHBPeriphClockCmd
                0x0000000000002ac4       0x1e ./Peripheral/src/ch32v30x_rcc.o
                0x0000000000002ac4                RCC_AHBPeriphClockCmd
 .text.RCC_APB2PeriphClockCmd
                0x0000000000002ae2       0x1e ./Peripheral/src/ch32v30x_rcc.o
                0x0000000000002ae2                RCC_APB2PeriphClockCmd
 .text.RCC_APB1PeriphClockCmd
                0x0000000000002b00       0x1e ./Peripheral/src/ch32v30x_rcc.o
                0x0000000000002b00                RCC_APB1PeriphClockCmd
 .text.RCC_APB2PeriphResetCmd
                0x0000000000002b1e       0x1e ./Peripheral/src/ch32v30x_rcc.o
                0x0000000000002b1e                RCC_APB2PeriphResetCmd
 .text.RCC_APB1PeriphResetCmd
                0x0000000000002b3c       0x1e ./Peripheral/src/ch32v30x_rcc.o
                0x0000000000002b3c                RCC_APB1PeriphResetCmd
 .text.TIM_DeInit
                0x0000000000002b5a       0xf8 ./Peripheral/src/ch32v30x_tim.o
                0x0000000000002b5a                TIM_DeInit
 .text.TIM_TimeBaseInit
                0x0000000000002c52       0xc0 ./Peripheral/src/ch32v30x_tim.o
                0x0000000000002c52                TIM_TimeBaseInit
 .text.TIM_OC2Init
                0x0000000000002d12       0xcc ./Peripheral/src/ch32v30x_tim.o
                0x0000000000002d12                TIM_OC2Init
 .text.TIM_Cmd  0x0000000000002dde       0x1c ./Peripheral/src/ch32v30x_tim.o
                0x0000000000002dde                TIM_Cmd
 .text.TIM_CtrlPWMOutputs
                0x0000000000002dfa       0x16 ./Peripheral/src/ch32v30x_tim.o
                0x0000000000002dfa                TIM_CtrlPWMOutputs
 .text.TIM_ITConfig
                0x0000000000002e10       0x16 ./Peripheral/src/ch32v30x_tim.o
                0x0000000000002e10                TIM_ITConfig
 .text.TIM_ARRPreloadConfig
                0x0000000000002e26       0x1e ./Peripheral/src/ch32v30x_tim.o
                0x0000000000002e26                TIM_ARRPreloadConfig
 .text.TIM_OC2PreloadConfig
                0x0000000000002e44       0x1a ./Peripheral/src/ch32v30x_tim.o
                0x0000000000002e44                TIM_OC2PreloadConfig
 .text.TIM_SetCounter
                0x0000000000002e5e        0x6 ./Peripheral/src/ch32v30x_tim.o
                0x0000000000002e5e                TIM_SetCounter
 .text.TIM_SetCompare2
                0x0000000000002e64        0x6 ./Peripheral/src/ch32v30x_tim.o
                0x0000000000002e64                TIM_SetCompare2
 .text.TIM_GetCounter
                0x0000000000002e6a        0x6 ./Peripheral/src/ch32v30x_tim.o
                0x0000000000002e6a                TIM_GetCounter
 .text.TIM_ClearFlag
                0x0000000000002e70        0xe ./Peripheral/src/ch32v30x_tim.o
                0x0000000000002e70                TIM_ClearFlag
 .text.TIM_GetITStatus
                0x0000000000002e7e       0x1c ./Peripheral/src/ch32v30x_tim.o
                0x0000000000002e7e                TIM_GetITStatus
 .text.TIM_ClearITPendingBit
                0x0000000000002e9a        0xe ./Peripheral/src/ch32v30x_tim.o
                0x0000000000002e9a                TIM_ClearITPendingBit
 .text.USART_Init
                0x0000000000002ea8       0xda ./Peripheral/src/ch32v30x_usart.o
                0x0000000000002ea8                USART_Init
 .text.USART_Cmd
                0x0000000000002f82       0x1c ./Peripheral/src/ch32v30x_usart.o
                0x0000000000002f82                USART_Cmd
 .text.USART_DMACmd
                0x0000000000002f9e       0x16 ./Peripheral/src/ch32v30x_usart.o
                0x0000000000002f9e                USART_DMACmd
 .text.USART_SendData
                0x0000000000002fb4        0xa ./Peripheral/src/ch32v30x_usart.o
                0x0000000000002fb4                USART_SendData
 .text.USART_GetFlagStatus
                0x0000000000002fbe        0xc ./Peripheral/src/ch32v30x_usart.o
                0x0000000000002fbe                USART_GetFlagStatus
 .text.Delay_Init
                0x0000000000002fca       0x26 ./Debug/debug.o
                0x0000000000002fca                Delay_Init
 .text.Delay_Us
                0x0000000000002ff0       0x2e ./Debug/debug.o
                0x0000000000002ff0                Delay_Us
 .text.Delay_Ms
                0x000000000000301e       0x2e ./Debug/debug.o
                0x000000000000301e                Delay_Ms
 .text.USART_Printf_Init
                0x000000000000304c       0x5c ./Debug/debug.o
                0x000000000000304c                USART_Printf_Init
 .text._write   0x00000000000030a8       0x50 ./Debug/debug.o
                0x00000000000030a8                _write
 .text._sbrk    0x00000000000030f8       0x26 ./Debug/debug.o
                0x00000000000030f8                _sbrk
 .text.__divdf3
                0x000000000000311e      0x5b4 f:/qianrushi/anzhuang/1/mounriver/mounriver_studio/toolchain/risc-v embedded gcc/bin/../lib/gcc/riscv-none-embed/8.2.0/rv32imac/ilp32\libgcc.a(divdf3.o)
                0x000000000000311e                __divdf3
 .text.__floatunsidf
                0x00000000000036d2       0x68 f:/qianrushi/anzhuang/1/mounriver/mounriver_studio/toolchain/risc-v embedded gcc/bin/../lib/gcc/riscv-none-embed/8.2.0/rv32imac/ilp32\libgcc.a(floatunsidf.o)
                0x00000000000036d2                __floatunsidf
 .text.__addsf3
                0x000000000000373a      0x36a f:/qianrushi/anzhuang/1/mounriver/mounriver_studio/toolchain/risc-v embedded gcc/bin/../lib/gcc/riscv-none-embed/8.2.0/rv32imac/ilp32\libgcc.a(addsf3.o)
                0x000000000000373a                __addsf3
 .text.__divsf3
                0x0000000000003aa4      0x2ae f:/qianrushi/anzhuang/1/mounriver/mounriver_studio/toolchain/risc-v embedded gcc/bin/../lib/gcc/riscv-none-embed/8.2.0/rv32imac/ilp32\libgcc.a(divsf3.o)
                0x0000000000003aa4                __divsf3
 .text.__lesf2  0x0000000000003d52       0x8c f:/qianrushi/anzhuang/1/mounriver/mounriver_studio/toolchain/risc-v embedded gcc/bin/../lib/gcc/riscv-none-embed/8.2.0/rv32imac/ilp32\libgcc.a(lesf2.o)
                0x0000000000003d52                __ltsf2
                0x0000000000003d52                __lesf2
 .text.__extendsfdf2
                0x0000000000003dde       0xac f:/qianrushi/anzhuang/1/mounriver/mounriver_studio/toolchain/risc-v embedded gcc/bin/../lib/gcc/riscv-none-embed/8.2.0/rv32imac/ilp32\libgcc.a(extendsfdf2.o)
                0x0000000000003dde                __extendsfdf2
 .text.__truncdfsf2
                0x0000000000003e8a      0x16a f:/qianrushi/anzhuang/1/mounriver/mounriver_studio/toolchain/risc-v embedded gcc/bin/../lib/gcc/riscv-none-embed/8.2.0/rv32imac/ilp32\libgcc.a(truncdfsf2.o)
                0x0000000000003e8a                __truncdfsf2
 .text.__clzsi2
                0x0000000000003ff4       0x76 f:/qianrushi/anzhuang/1/mounriver/mounriver_studio/toolchain/risc-v embedded gcc/bin/../lib/gcc/riscv-none-embed/8.2.0/rv32imac/ilp32\libgcc.a(_clzsi2.o)
                0x0000000000003ff4                __clzsi2
 .text.printf   0x000000000000406a       0x40 f:/qianrushi/anzhuang/1/mounriver/mounriver_studio/toolchain/risc-v embedded gcc/bin/../lib/gcc/riscv-none-embed/8.2.0/../../../../riscv-none-embed/lib/rv32imac/ilp32\libg_nano.a(lib_a-printf.o)
                0x000000000000406a                iprintf
                0x000000000000406a                printf
 .text._puts_r  0x00000000000040aa       0xda f:/qianrushi/anzhuang/1/mounriver/mounriver_studio/toolchain/risc-v embedded gcc/bin/../lib/gcc/riscv-none-embed/8.2.0/../../../../riscv-none-embed/lib/rv32imac/ilp32\libg_nano.a(lib_a-puts.o)
                0x00000000000040aa                _puts_r
 .text.puts     0x0000000000004184        0xc f:/qianrushi/anzhuang/1/mounriver/mounriver_studio/toolchain/risc-v embedded gcc/bin/../lib/gcc/riscv-none-embed/8.2.0/../../../../riscv-none-embed/lib/rv32imac/ilp32\libg_nano.a(lib_a-puts.o)
                0x0000000000004184                puts
 .text._vsnprintf_r
                0x0000000000004190       0x60 f:/qianrushi/anzhuang/1/mounriver/mounriver_studio/toolchain/risc-v embedded gcc/bin/../lib/gcc/riscv-none-embed/8.2.0/../../../../riscv-none-embed/lib/rv32imac/ilp32\libg_nano.a(lib_a-vsnprintf.o)
                0x0000000000004190                _vsniprintf_r
                0x0000000000004190                _vsnprintf_r
 .text.vsnprintf
                0x00000000000041f0       0x10 f:/qianrushi/anzhuang/1/mounriver/mounriver_studio/toolchain/risc-v embedded gcc/bin/../lib/gcc/riscv-none-embed/8.2.0/../../../../riscv-none-embed/lib/rv32imac/ilp32\libg_nano.a(lib_a-vsnprintf.o)
                0x00000000000041f0                vsniprintf
                0x00000000000041f0                vsnprintf
 .text.__swbuf_r
                0x0000000000004200       0xc0 f:/qianrushi/anzhuang/1/mounriver/mounriver_studio/toolchain/risc-v embedded gcc/bin/../lib/gcc/riscv-none-embed/8.2.0/../../../../riscv-none-embed/lib/rv32imac/ilp32\libg_nano.a(lib_a-wbuf.o)
                0x0000000000004200                __swbuf_r
 .text.__swsetup_r
                0x00000000000042c0      0x10c f:/qianrushi/anzhuang/1/mounriver/mounriver_studio/toolchain/risc-v embedded gcc/bin/../lib/gcc/riscv-none-embed/8.2.0/../../../../riscv-none-embed/lib/rv32imac/ilp32\libg_nano.a(lib_a-wsetup.o)
                0x00000000000042c0                __swsetup_r
 .text.__sflush_r
                0x00000000000043cc      0x13c f:/qianrushi/anzhuang/1/mounriver/mounriver_studio/toolchain/risc-v embedded gcc/bin/../lib/gcc/riscv-none-embed/8.2.0/../../../../riscv-none-embed/lib/rv32imac/ilp32\libg_nano.a(lib_a-fflush.o)
                0x00000000000043cc                __sflush_r
 .text._fflush_r
                0x0000000000004508       0x66 f:/qianrushi/anzhuang/1/mounriver/mounriver_studio/toolchain/risc-v embedded gcc/bin/../lib/gcc/riscv-none-embed/8.2.0/../../../../riscv-none-embed/lib/rv32imac/ilp32\libg_nano.a(lib_a-fflush.o)
                0x0000000000004508                _fflush_r
 .text.std      0x000000000000456e       0x6a f:/qianrushi/anzhuang/1/mounriver/mounriver_studio/toolchain/risc-v embedded gcc/bin/../lib/gcc/riscv-none-embed/8.2.0/../../../../riscv-none-embed/lib/rv32imac/ilp32\libg_nano.a(lib_a-findfp.o)
 .text._cleanup_r
                0x00000000000045d8        0xa f:/qianrushi/anzhuang/1/mounriver/mounriver_studio/toolchain/risc-v embedded gcc/bin/../lib/gcc/riscv-none-embed/8.2.0/../../../../riscv-none-embed/lib/rv32imac/ilp32\libg_nano.a(lib_a-findfp.o)
                0x00000000000045d8                _cleanup_r
 .text.__sfmoreglue
                0x00000000000045e2       0x46 f:/qianrushi/anzhuang/1/mounriver/mounriver_studio/toolchain/risc-v embedded gcc/bin/../lib/gcc/riscv-none-embed/8.2.0/../../../../riscv-none-embed/lib/rv32imac/ilp32\libg_nano.a(lib_a-findfp.o)
                0x00000000000045e2                __sfmoreglue
 .text.__sinit  0x0000000000004628       0x6c f:/qianrushi/anzhuang/1/mounriver/mounriver_studio/toolchain/risc-v embedded gcc/bin/../lib/gcc/riscv-none-embed/8.2.0/../../../../riscv-none-embed/lib/rv32imac/ilp32\libg_nano.a(lib_a-findfp.o)
                0x0000000000004628                __sinit
 .text.__sfp    0x0000000000004694       0xa0 f:/qianrushi/anzhuang/1/mounriver/mounriver_studio/toolchain/risc-v embedded gcc/bin/../lib/gcc/riscv-none-embed/8.2.0/../../../../riscv-none-embed/lib/rv32imac/ilp32\libg_nano.a(lib_a-findfp.o)
                0x0000000000004694                __sfp
 .text._fwalk_reent
                0x0000000000004734       0x6c f:/qianrushi/anzhuang/1/mounriver/mounriver_studio/toolchain/risc-v embedded gcc/bin/../lib/gcc/riscv-none-embed/8.2.0/../../../../riscv-none-embed/lib/rv32imac/ilp32\libg_nano.a(lib_a-fwalk.o)
                0x0000000000004734                _fwalk_reent
 .text.__swhatbuf_r
                0x00000000000047a0       0x5a f:/qianrushi/anzhuang/1/mounriver/mounriver_studio/toolchain/risc-v embedded gcc/bin/../lib/gcc/riscv-none-embed/8.2.0/../../../../riscv-none-embed/lib/rv32imac/ilp32\libg_nano.a(lib_a-makebuf.o)
                0x00000000000047a0                __swhatbuf_r
 .text.__smakebuf_r
                0x00000000000047fa       0xa0 f:/qianrushi/anzhuang/1/mounriver/mounriver_studio/toolchain/risc-v embedded gcc/bin/../lib/gcc/riscv-none-embed/8.2.0/../../../../riscv-none-embed/lib/rv32imac/ilp32\libg_nano.a(lib_a-makebuf.o)
                0x00000000000047fa                __smakebuf_r
 .text._free_r  0x000000000000489a       0xa8 f:/qianrushi/anzhuang/1/mounriver/mounriver_studio/toolchain/risc-v embedded gcc/bin/../lib/gcc/riscv-none-embed/8.2.0/../../../../riscv-none-embed/lib/rv32imac/ilp32\libg_nano.a(lib_a-nano-freer.o)
                0x000000000000489a                _free_r
 .text._malloc_r
                0x0000000000004942       0xda f:/qianrushi/anzhuang/1/mounriver/mounriver_studio/toolchain/risc-v embedded gcc/bin/../lib/gcc/riscv-none-embed/8.2.0/../../../../riscv-none-embed/lib/rv32imac/ilp32\libg_nano.a(lib_a-nano-mallocr.o)
                0x0000000000004942                _malloc_r
 .text.__ssputs_r
                0x0000000000004a1c       0xee f:/qianrushi/anzhuang/1/mounriver/mounriver_studio/toolchain/risc-v embedded gcc/bin/../lib/gcc/riscv-none-embed/8.2.0/../../../../riscv-none-embed/lib/rv32imac/ilp32\libg_nano.a(lib_a-nano-svfprintf.o)
                0x0000000000004a1c                __ssputs_r
 .text._svfprintf_r
                0x0000000000004b0a      0x280 f:/qianrushi/anzhuang/1/mounriver/mounriver_studio/toolchain/risc-v embedded gcc/bin/../lib/gcc/riscv-none-embed/8.2.0/../../../../riscv-none-embed/lib/rv32imac/ilp32\libg_nano.a(lib_a-nano-svfprintf.o)
                0x0000000000004b0a                _svfiprintf_r
                0x0000000000004b0a                _svfprintf_r
 .text.__sfputc_r
                0x0000000000004d8a       0x2a f:/qianrushi/anzhuang/1/mounriver/mounriver_studio/toolchain/risc-v embedded gcc/bin/../lib/gcc/riscv-none-embed/8.2.0/../../../../riscv-none-embed/lib/rv32imac/ilp32\libg_nano.a(lib_a-nano-vfprintf.o)
 .text.__sfputs_r
                0x0000000000004db4       0x44 f:/qianrushi/anzhuang/1/mounriver/mounriver_studio/toolchain/risc-v embedded gcc/bin/../lib/gcc/riscv-none-embed/8.2.0/../../../../riscv-none-embed/lib/rv32imac/ilp32\libg_nano.a(lib_a-nano-vfprintf.o)
                0x0000000000004db4                __sfputs_r
 .text._vfprintf_r
                0x0000000000004df8      0x29c f:/qianrushi/anzhuang/1/mounriver/mounriver_studio/toolchain/risc-v embedded gcc/bin/../lib/gcc/riscv-none-embed/8.2.0/../../../../riscv-none-embed/lib/rv32imac/ilp32\libg_nano.a(lib_a-nano-vfprintf.o)
                0x0000000000004df8                _vfprintf_r
                0x0000000000004df8                _vfiprintf_r
 .text._printf_common
                0x0000000000005094      0x10c f:/qianrushi/anzhuang/1/mounriver/mounriver_studio/toolchain/risc-v embedded gcc/bin/../lib/gcc/riscv-none-embed/8.2.0/../../../../riscv-none-embed/lib/rv32imac/ilp32\libg_nano.a(lib_a-nano-vfprintf_i.o)
                0x0000000000005094                _printf_common
 .text._printf_i
                0x00000000000051a0      0x2aa f:/qianrushi/anzhuang/1/mounriver/mounriver_studio/toolchain/risc-v embedded gcc/bin/../lib/gcc/riscv-none-embed/8.2.0/../../../../riscv-none-embed/lib/rv32imac/ilp32\libg_nano.a(lib_a-nano-vfprintf_i.o)
                0x00000000000051a0                _printf_i
 .text._sbrk_r  0x000000000000544a       0x2a f:/qianrushi/anzhuang/1/mounriver/mounriver_studio/toolchain/risc-v embedded gcc/bin/../lib/gcc/riscv-none-embed/8.2.0/../../../../riscv-none-embed/lib/rv32imac/ilp32\libg_nano.a(lib_a-sbrkr.o)
                0x000000000000544a                _sbrk_r
 .text.__sread  0x0000000000005474       0x30 f:/qianrushi/anzhuang/1/mounriver/mounriver_studio/toolchain/risc-v embedded gcc/bin/../lib/gcc/riscv-none-embed/8.2.0/../../../../riscv-none-embed/lib/rv32imac/ilp32\libg_nano.a(lib_a-stdio.o)
                0x0000000000005474                __sread
 .text.__swrite
                0x00000000000054a4       0x4e f:/qianrushi/anzhuang/1/mounriver/mounriver_studio/toolchain/risc-v embedded gcc/bin/../lib/gcc/riscv-none-embed/8.2.0/../../../../riscv-none-embed/lib/rv32imac/ilp32\libg_nano.a(lib_a-stdio.o)
                0x00000000000054a4                __swrite
 .text.__sseek  0x00000000000054f2       0x36 f:/qianrushi/anzhuang/1/mounriver/mounriver_studio/toolchain/risc-v embedded gcc/bin/../lib/gcc/riscv-none-embed/8.2.0/../../../../riscv-none-embed/lib/rv32imac/ilp32\libg_nano.a(lib_a-stdio.o)
                0x00000000000054f2                __sseek
 .text.__sclose
                0x0000000000005528        0x6 f:/qianrushi/anzhuang/1/mounriver/mounriver_studio/toolchain/risc-v embedded gcc/bin/../lib/gcc/riscv-none-embed/8.2.0/../../../../riscv-none-embed/lib/rv32imac/ilp32\libg_nano.a(lib_a-stdio.o)
                0x0000000000005528                __sclose
 .text._write_r
                0x000000000000552e       0x2e f:/qianrushi/anzhuang/1/mounriver/mounriver_studio/toolchain/risc-v embedded gcc/bin/../lib/gcc/riscv-none-embed/8.2.0/../../../../riscv-none-embed/lib/rv32imac/ilp32\libg_nano.a(lib_a-writer.o)
                0x000000000000552e                _write_r
 .text._close_r
                0x000000000000555c       0x28 f:/qianrushi/anzhuang/1/mounriver/mounriver_studio/toolchain/risc-v embedded gcc/bin/../lib/gcc/riscv-none-embed/8.2.0/../../../../riscv-none-embed/lib/rv32imac/ilp32\libg_nano.a(lib_a-closer.o)
                0x000000000000555c                _close_r
 .text._fstat_r
                0x0000000000005584       0x2a f:/qianrushi/anzhuang/1/mounriver/mounriver_studio/toolchain/risc-v embedded gcc/bin/../lib/gcc/riscv-none-embed/8.2.0/../../../../riscv-none-embed/lib/rv32imac/ilp32\libg_nano.a(lib_a-fstatr.o)
                0x0000000000005584                _fstat_r
 .text._isatty_r
                0x00000000000055ae       0x28 f:/qianrushi/anzhuang/1/mounriver/mounriver_studio/toolchain/risc-v embedded gcc/bin/../lib/gcc/riscv-none-embed/8.2.0/../../../../riscv-none-embed/lib/rv32imac/ilp32\libg_nano.a(lib_a-isattyr.o)
                0x00000000000055ae                _isatty_r
 .text._lseek_r
                0x00000000000055d6       0x2c f:/qianrushi/anzhuang/1/mounriver/mounriver_studio/toolchain/risc-v embedded gcc/bin/../lib/gcc/riscv-none-embed/8.2.0/../../../../riscv-none-embed/lib/rv32imac/ilp32\libg_nano.a(lib_a-lseekr.o)
                0x00000000000055d6                _lseek_r
 .text.memchr   0x0000000000005602       0x1a f:/qianrushi/anzhuang/1/mounriver/mounriver_studio/toolchain/risc-v embedded gcc/bin/../lib/gcc/riscv-none-embed/8.2.0/../../../../riscv-none-embed/lib/rv32imac/ilp32\libg_nano.a(lib_a-memchr.o)
                0x0000000000005602                memchr
 .text.memcpy   0x000000000000561c       0xb6 f:/qianrushi/anzhuang/1/mounriver/mounriver_studio/toolchain/risc-v embedded gcc/bin/../lib/gcc/riscv-none-embed/8.2.0/../../../../riscv-none-embed/lib/rv32imac/ilp32\libg_nano.a(lib_a-memcpy.o)
                0x000000000000561c                memcpy
 .text.memmove  0x00000000000056d2       0x4a f:/qianrushi/anzhuang/1/mounriver/mounriver_studio/toolchain/risc-v embedded gcc/bin/../lib/gcc/riscv-none-embed/8.2.0/../../../../riscv-none-embed/lib/rv32imac/ilp32\libg_nano.a(lib_a-memmove.o)
                0x00000000000056d2                memmove
 .text.__malloc_lock
                0x000000000000571c        0x2 f:/qianrushi/anzhuang/1/mounriver/mounriver_studio/toolchain/risc-v embedded gcc/bin/../lib/gcc/riscv-none-embed/8.2.0/../../../../riscv-none-embed/lib/rv32imac/ilp32\libg_nano.a(lib_a-mlock.o)
                0x000000000000571c                __malloc_lock
 .text.__malloc_unlock
                0x000000000000571e        0x2 f:/qianrushi/anzhuang/1/mounriver/mounriver_studio/toolchain/risc-v embedded gcc/bin/../lib/gcc/riscv-none-embed/8.2.0/../../../../riscv-none-embed/lib/rv32imac/ilp32\libg_nano.a(lib_a-mlock.o)
                0x000000000000571e                __malloc_unlock
 .text._realloc_r
                0x0000000000005720       0x58 f:/qianrushi/anzhuang/1/mounriver/mounriver_studio/toolchain/risc-v embedded gcc/bin/../lib/gcc/riscv-none-embed/8.2.0/../../../../riscv-none-embed/lib/rv32imac/ilp32\libg_nano.a(lib_a-nano-reallocr.o)
                0x0000000000005720                _realloc_r
 .text._read_r  0x0000000000005778       0x2c f:/qianrushi/anzhuang/1/mounriver/mounriver_studio/toolchain/risc-v embedded gcc/bin/../lib/gcc/riscv-none-embed/8.2.0/../../../../riscv-none-embed/lib/rv32imac/ilp32\libg_nano.a(lib_a-readr.o)
                0x0000000000005778                _read_r
 .text._malloc_usable_size_r
                0x00000000000057a4       0x14 f:/qianrushi/anzhuang/1/mounriver/mounriver_studio/toolchain/risc-v embedded gcc/bin/../lib/gcc/riscv-none-embed/8.2.0/../../../../riscv-none-embed/lib/rv32imac/ilp32\libg_nano.a(lib_a-nano-msizer.o)
                0x00000000000057a4                _malloc_usable_size_r
 .text._close   0x00000000000057b8        0xc f:/qianrushi/anzhuang/1/mounriver/mounriver_studio/toolchain/risc-v embedded gcc/bin/../lib/gcc/riscv-none-embed/8.2.0/../../../../riscv-none-embed/lib/rv32imac/ilp32\libnosys.a(close.o)
                0x00000000000057b8                _close
 .text._fstat   0x00000000000057c4        0xc f:/qianrushi/anzhuang/1/mounriver/mounriver_studio/toolchain/risc-v embedded gcc/bin/../lib/gcc/riscv-none-embed/8.2.0/../../../../riscv-none-embed/lib/rv32imac/ilp32\libnosys.a(fstat.o)
                0x00000000000057c4                _fstat
 .text._isatty  0x00000000000057d0        0xc f:/qianrushi/anzhuang/1/mounriver/mounriver_studio/toolchain/risc-v embedded gcc/bin/../lib/gcc/riscv-none-embed/8.2.0/../../../../riscv-none-embed/lib/rv32imac/ilp32\libnosys.a(isatty.o)
                0x00000000000057d0                _isatty
 .text._lseek   0x00000000000057dc        0xc f:/qianrushi/anzhuang/1/mounriver/mounriver_studio/toolchain/risc-v embedded gcc/bin/../lib/gcc/riscv-none-embed/8.2.0/../../../../riscv-none-embed/lib/rv32imac/ilp32\libnosys.a(lseek.o)
                0x00000000000057dc                _lseek
 .text._read    0x00000000000057e8        0xc f:/qianrushi/anzhuang/1/mounriver/mounriver_studio/toolchain/risc-v embedded gcc/bin/../lib/gcc/riscv-none-embed/8.2.0/../../../../riscv-none-embed/lib/rv32imac/ilp32\libnosys.a(read.o)
                0x00000000000057e8                _read
 *(.rodata)
 *(.rodata*)
 .rodata.EXTI0_IRQHandler.str1.4
                0x00000000000057f4       0x20 ./User/gpio.o
 .rodata.LCD_ShowChar.str1.4
                0x0000000000005814       0x4a ./User/lcd_st7789.o
 *fill*         0x000000000000585e        0x2 
 .rodata.LCD_ShowString.str1.4
                0x0000000000005860       0x1e ./User/lcd_st7789.o
 *fill*         0x000000000000587e        0x2 
 .rodata.asc2_1608
                0x0000000000005880      0x5e0 ./User/lcd_st7789.o
                0x0000000000005880                asc2_1608
 .rodata.asc2_2412
                0x0000000000005e60     0x11a0 ./User/lcd_st7789.o
                0x0000000000005e60                asc2_2412
 .rodata.asc2_3216
                0x0000000000007000     0x1780 ./User/lcd_st7789.o
                0x0000000000007000                asc2_3216
 .rodata.DVP_IRQHandler.str1.4
                0x0000000000008780        0x9 ./User/main.o
 *fill*         0x0000000000008789        0x3 
 .rodata.main.str1.4
                0x000000000000878c       0x32 ./User/main.o
 *fill*         0x00000000000087be        0x2 
 .rodata.shexiang.str1.4
                0x00000000000087c0       0x17 ./User/main.o
 *fill*         0x00000000000087d7        0x1 
 .rodata.OV2640_Init.str1.4
                0x00000000000087d8       0x17 ./User/ov.o
 *fill*         0x00000000000087ef        0x1 
 .rodata.OV2640_InitRegTbl
                0x00000000000087f0      0x164 ./User/ov.o
                0x00000000000087f0                OV2640_InitRegTbl
 .rodata.OV2640_RGB565RegTbl
                0x0000000000008954       0x1c ./User/ov.o
                0x0000000000008954                OV2640_RGB565RegTbl
 .rodata.Ultrasoniclength.cst4
                0x0000000000008970        0x8 ./User/timer.o
 *fill*         0x0000000000008978        0x0 
 .rodata.Ultrasoniclength.cst8
                0x0000000000008978        0x8 ./User/timer.o
 .rodata.Ultrasoniclength.str1.4
                0x0000000000008980       0x14 ./User/timer.o
 .rodata.__divdf3
                0x0000000000008994       0x40 f:/qianrushi/anzhuang/1/mounriver/mounriver_studio/toolchain/risc-v embedded gcc/bin/../lib/gcc/riscv-none-embed/8.2.0/rv32imac/ilp32\libgcc.a(divdf3.o)
 .rodata.__divsf3
                0x00000000000089d4       0x80 f:/qianrushi/anzhuang/1/mounriver/mounriver_studio/toolchain/risc-v embedded gcc/bin/../lib/gcc/riscv-none-embed/8.2.0/rv32imac/ilp32\libgcc.a(divsf3.o)
 .rodata.__clz_tab
                0x0000000000008a54      0x100 f:/qianrushi/anzhuang/1/mounriver/mounriver_studio/toolchain/risc-v embedded gcc/bin/../lib/gcc/riscv-none-embed/8.2.0/rv32imac/ilp32\libgcc.a(_clz.o)
                0x0000000000008a54                __clz_tab
 .rodata.__sf_fake_stderr
                0x0000000000008b54       0x20 f:/qianrushi/anzhuang/1/mounriver/mounriver_studio/toolchain/risc-v embedded gcc/bin/../lib/gcc/riscv-none-embed/8.2.0/../../../../riscv-none-embed/lib/rv32imac/ilp32\libg_nano.a(lib_a-findfp.o)
                0x0000000000008b54                __sf_fake_stderr
 .rodata.__sf_fake_stdin
                0x0000000000008b74       0x20 f:/qianrushi/anzhuang/1/mounriver/mounriver_studio/toolchain/risc-v embedded gcc/bin/../lib/gcc/riscv-none-embed/8.2.0/../../../../riscv-none-embed/lib/rv32imac/ilp32\libg_nano.a(lib_a-findfp.o)
                0x0000000000008b74                __sf_fake_stdin
 .rodata.__sf_fake_stdout
                0x0000000000008b94       0x20 f:/qianrushi/anzhuang/1/mounriver/mounriver_studio/toolchain/risc-v embedded gcc/bin/../lib/gcc/riscv-none-embed/8.2.0/../../../../riscv-none-embed/lib/rv32imac/ilp32\libg_nano.a(lib_a-findfp.o)
                0x0000000000008b94                __sf_fake_stdout
 .rodata._svfprintf_r.str1.4
                0x0000000000008bb4       0x13 f:/qianrushi/anzhuang/1/mounriver/mounriver_studio/toolchain/risc-v embedded gcc/bin/../lib/gcc/riscv-none-embed/8.2.0/../../../../riscv-none-embed/lib/rv32imac/ilp32\libg_nano.a(lib_a-nano-svfprintf.o)
 .rodata._vfprintf_r.str1.4
                0x0000000000008bc7       0x13 f:/qianrushi/anzhuang/1/mounriver/mounriver_studio/toolchain/risc-v embedded gcc/bin/../lib/gcc/riscv-none-embed/8.2.0/../../../../riscv-none-embed/lib/rv32imac/ilp32\libg_nano.a(lib_a-nano-vfprintf.o)
 *fill*         0x0000000000008bc7        0x1 
 .rodata._printf_i.str1.4
                0x0000000000008bc8       0x28 f:/qianrushi/anzhuang/1/mounriver/mounriver_studio/toolchain/risc-v embedded gcc/bin/../lib/gcc/riscv-none-embed/8.2.0/../../../../riscv-none-embed/lib/rv32imac/ilp32\libg_nano.a(lib_a-nano-vfprintf_i.o)
                                         0x25 (size before relaxing)
 *(.glue_7)
 *(.glue_7t)
 *(.gnu.linkonce.t.*)
                0x0000000000008bf0                . = ALIGN (0x4)

.rela.dyn       0x0000000000008bf0        0x0
 .rela.text.EXTI0_IRQHandler
                0x0000000000008bf0        0x0 ./User/ch32v30x_it.o
 .rela.text.startup.main
                0x0000000000008bf0        0x0 ./User/ch32v30x_it.o
 .rela.text.TIM6_IRQHandler
                0x0000000000008bf0        0x0 ./User/ch32v30x_it.o
 .rela.init     0x0000000000008bf0        0x0 ./User/ch32v30x_it.o
 .rela.vector   0x0000000000008bf0        0x0 ./User/ch32v30x_it.o
 .rela.text.handle_reset
                0x0000000000008bf0        0x0 ./User/ch32v30x_it.o
 .rela.text._sbrk
                0x0000000000008bf0        0x0 ./User/ch32v30x_it.o
 .rela.sdata.curbrk.5226
                0x0000000000008bf0        0x0 ./User/ch32v30x_it.o
 .rela.text._svfprintf_r
                0x0000000000008bf0        0x0 ./User/ch32v30x_it.o
 .rela.text._vfprintf_r
                0x0000000000008bf0        0x0 ./User/ch32v30x_it.o
 .rela.text._sbrk_r
                0x0000000000008bf0        0x0 ./User/ch32v30x_it.o
 .rela.text._write_r
                0x0000000000008bf0        0x0 ./User/ch32v30x_it.o
 .rela.text._close_r
                0x0000000000008bf0        0x0 ./User/ch32v30x_it.o
 .rela.text._fstat_r
                0x0000000000008bf0        0x0 ./User/ch32v30x_it.o
 .rela.text._isatty_r
                0x0000000000008bf0        0x0 ./User/ch32v30x_it.o
 .rela.text._lseek_r
                0x0000000000008bf0        0x0 ./User/ch32v30x_it.o
 .rela.text._read_r
                0x0000000000008bf0        0x0 ./User/ch32v30x_it.o
 .rela.text._close
                0x0000000000008bf0        0x0 ./User/ch32v30x_it.o
 .rela.text._fstat
                0x0000000000008bf0        0x0 ./User/ch32v30x_it.o
 .rela.text._isatty
                0x0000000000008bf0        0x0 ./User/ch32v30x_it.o
 .rela.text._lseek
                0x0000000000008bf0        0x0 ./User/ch32v30x_it.o
 .rela.text._read
                0x0000000000008bf0        0x0 ./User/ch32v30x_it.o

.fini           0x0000000000008bf0        0x0
 *(SORT_NONE(.fini))
                0x0000000000008bf0                . = ALIGN (0x4)
                [!provide]                        PROVIDE (_etext = .)
                [!provide]                        PROVIDE (_eitcm = .)

.preinit_array  0x0000000000008bf0        0x0
                [!provide]                        PROVIDE (__preinit_array_start = .)
 *(.preinit_array)
                [!provide]                        PROVIDE (__preinit_array_end = .)

.init_array     0x0000000000008bf0        0x0
                [!provide]                        PROVIDE (__init_array_start = .)
 *(SORT_BY_INIT_PRIORITY(.init_array.*) SORT_BY_INIT_PRIORITY(.ctors.*))
 *(.init_array EXCLUDE_FILE(*crtend?.o *crtend.o *crtbegin?.o *crtbegin.o) .ctors)
                [!provide]                        PROVIDE (__init_array_end = .)

.fini_array     0x0000000000008bf0        0x0
                [!provide]                        PROVIDE (__fini_array_start = .)
 *(SORT_BY_INIT_PRIORITY(.fini_array.*) SORT_BY_INIT_PRIORITY(.dtors.*))
 *(.fini_array EXCLUDE_FILE(*crtend?.o *crtend.o *crtbegin?.o *crtbegin.o) .dtors)
                [!provide]                        PROVIDE (__fini_array_end = .)

.ctors
 *crtbegin.o(.ctors)
 *crtbegin?.o(.ctors)
 *(EXCLUDE_FILE(*crtend?.o *crtend.o) .ctors)
 *(SORT_BY_NAME(.ctors.*))
 *(.ctors)

.dtors
 *crtbegin.o(.dtors)
 *crtbegin?.o(.dtors)
 *(EXCLUDE_FILE(*crtend?.o *crtend.o) .dtors)
 *(SORT_BY_NAME(.dtors.*))
 *(.dtors)

.dalign         0x0000000020000000        0x0 load address 0x0000000000008bf0
                0x0000000020000000                . = ALIGN (0x4)
                0x0000000020000000                PROVIDE (_data_vma = .)

.dlalign        0x0000000000008bf0        0x0
                0x0000000000008bf0                . = ALIGN (0x4)
                0x0000000000008bf0                PROVIDE (_data_lma = .)

.data           0x0000000020000000       0x98 load address 0x0000000000008bf0
 *(.gnu.linkonce.r.*)
 *(.data .data.*)
 .data.APBAHBPrescTable
                0x0000000020000000       0x10 ./Peripheral/src/ch32v30x_rcc.o
 .data.impure_data
                0x0000000020000010       0x60 f:/qianrushi/anzhuang/1/mounriver/mounriver_studio/toolchain/risc-v embedded gcc/bin/../lib/gcc/riscv-none-embed/8.2.0/../../../../riscv-none-embed/lib/rv32imac/ilp32\libg_nano.a(lib_a-impure.o)
 *(.gnu.linkonce.d.*)
                0x0000000020000070                . = ALIGN (0x8)
                0x0000000020000870                PROVIDE (__global_pointer$ = (. + 0x800))
 *(.sdata .sdata.*)
 .sdata.FORE_COLOR
                0x0000000020000070        0x2 ./User/lcd_st7789.o
                0x0000000020000070                FORE_COLOR
 *fill*         0x0000000020000072        0x2 
 .sdata.RGB565_DVPDMAaddr0
                0x0000000020000074        0x4 ./User/main.o
                0x0000000020000074                RGB565_DVPDMAaddr0
 .sdata.RGB565_DVPDMAaddr1
                0x0000000020000078        0x4 ./User/main.o
                0x0000000020000078                RGB565_DVPDMAaddr1
 .sdata.TxBuffer
                0x000000002000007c        0x2 ./User/main.o
                0x000000002000007c                TxBuffer
 *fill*         0x000000002000007e        0x2 
 .sdata.SystemCoreClock
                0x0000000020000080        0x4 ./User/system_ch32v30x.o
                0x0000000020000080                SystemCoreClock
 .sdata.ADCPrescTable
                0x0000000020000084        0x4 ./Peripheral/src/ch32v30x_rcc.o
 .sdata.curbrk.5226
                0x0000000020000088        0x4 ./Debug/debug.o
 .sdata._impure_ptr
                0x000000002000008c        0x4 f:/qianrushi/anzhuang/1/mounriver/mounriver_studio/toolchain/risc-v embedded gcc/bin/../lib/gcc/riscv-none-embed/8.2.0/../../../../riscv-none-embed/lib/rv32imac/ilp32\libg_nano.a(lib_a-impure.o)
                0x000000002000008c                _impure_ptr
 *(.sdata2.*)
 .sdata2._global_impure_ptr
                0x0000000020000090        0x4 f:/qianrushi/anzhuang/1/mounriver/mounriver_studio/toolchain/risc-v embedded gcc/bin/../lib/gcc/riscv-none-embed/8.2.0/../../../../riscv-none-embed/lib/rv32imac/ilp32\libg_nano.a(lib_a-impure.o)
                0x0000000020000090                _global_impure_ptr
 *(.gnu.linkonce.s.*)
                0x0000000020000098                . = ALIGN (0x8)
 *fill*         0x0000000020000094        0x4 
 *(.srodata.cst16)
 *(.srodata.cst8)
 *(.srodata.cst4)
 *(.srodata.cst2)
 *(.srodata .srodata.*)
                0x0000000020000098                . = ALIGN (0x4)
                0x0000000020000098                PROVIDE (_edata = .)

.bss            0x0000000020000098      0x47c load address 0x0000000000008c88
                0x0000000020000098                . = ALIGN (0x4)
                0x0000000020000098                PROVIDE (_sbss = .)
 *(.sbss*)
 .sbss.accel_fsr
                0x0000000020000098        0x1 ./User/imu_mpu6050.o
                0x0000000020000098                accel_fsr
 .sbss.gyro_fsr
                0x0000000020000099        0x1 ./User/imu_mpu6050.o
                0x0000000020000099                gyro_fsr
 .sbss.BACK_COLOR
                0x000000002000009a        0x2 ./User/lcd_st7789.o
                0x000000002000009a                BACK_COLOR
 .sbss.addr_cnt
                0x000000002000009c        0x4 ./User/main.o
                0x000000002000009c                addr_cnt
 .sbss.crack_flag
                0x00000000200000a0        0x1 ./User/main.o
                0x00000000200000a0                crack_flag
 .sbss.crack_halt_flag
                0x00000000200000a1        0x1 ./User/main.o
                0x00000000200000a1                crack_halt_flag
 .sbss.crack_repair_flag
                0x00000000200000a2        0x1 ./User/main.o
                0x00000000200000a2                crack_repair_flag
 *fill*         0x00000000200000a3        0x1 
 .sbss.frame_cnt
                0x00000000200000a4        0x4 ./User/main.o
                0x00000000200000a4                frame_cnt
 .sbss.href_cnt
                0x00000000200000a8        0x4 ./User/main.o
                0x00000000200000a8                href_cnt
 .sbss.refresh_flag
                0x00000000200000ac        0x1 ./User/main.o
                0x00000000200000ac                refresh_flag
 .sbss.tick     0x00000000200000ad        0x1 ./User/main.o
                0x00000000200000ad                tick
 .sbss.warning_flag
                0x00000000200000ae        0x1 ./User/main.o
                0x00000000200000ae                warning_flag
 *fill*         0x00000000200000af        0x1 
 .sbss.count    0x00000000200000b0        0x2 ./User/timer.o
                0x00000000200000b0                count
 *fill*         0x00000000200000b2        0x2 
 .sbss.distance
                0x00000000200000b4        0x4 ./User/timer.o
                0x00000000200000b4                distance
 .sbss.NVIC_Priority_Group
                0x00000000200000b8        0x4 ./Peripheral/src/ch32v30x_misc.o
                0x00000000200000b8                NVIC_Priority_Group
 .sbss.p_ms     0x00000000200000bc        0x2 ./Debug/debug.o
 .sbss.p_us     0x00000000200000be        0x1 ./Debug/debug.o
 *fill*         0x00000000200000bf        0x1 
 .sbss.__malloc_free_list
                0x00000000200000c0        0x4 f:/qianrushi/anzhuang/1/mounriver/mounriver_studio/toolchain/risc-v embedded gcc/bin/../lib/gcc/riscv-none-embed/8.2.0/../../../../riscv-none-embed/lib/rv32imac/ilp32\libg_nano.a(lib_a-nano-mallocr.o)
                0x00000000200000c0                __malloc_free_list
 .sbss.__malloc_sbrk_start
                0x00000000200000c4        0x4 f:/qianrushi/anzhuang/1/mounriver/mounriver_studio/toolchain/risc-v embedded gcc/bin/../lib/gcc/riscv-none-embed/8.2.0/../../../../riscv-none-embed/lib/rv32imac/ilp32\libg_nano.a(lib_a-nano-mallocr.o)
                0x00000000200000c4                __malloc_sbrk_start
 *(.gnu.linkonce.sb.*)
 *(.bss*)
 .bss.RxBuffer  0x00000000200000c8      0x400 ./User/main.o
                0x00000000200000c8                RxBuffer
 *(.gnu.linkonce.b.*)
 *(COMMON*)
 COMMON         0x00000000200004c8       0x48 ./User/main.o
                0x00000000200004c8                acc
                0x00000000200004d4                acc_total_100x
                0x00000000200004d8                raw_acc_total
                0x00000000200004dc                raw_gyro_total
                0x00000000200004e0                raw_gyro
                0x00000000200004e6                img_tape
                0x00000000200004e8                time_stamp_record
                0x00000000200004ec                gyro
                0x00000000200004f8                time_stamp_trigger
                0x00000000200004fc                time
                0x0000000020000500                gyro_total_10x
                0x0000000020000504                raw_acc
                0x000000002000050c                acc_record_100x
 COMMON         0x0000000020000510        0x4 f:/qianrushi/anzhuang/1/mounriver/mounriver_studio/toolchain/risc-v embedded gcc/bin/../lib/gcc/riscv-none-embed/8.2.0/../../../../riscv-none-embed/lib/rv32imac/ilp32\libg_nano.a(lib_a-reent.o)
                0x0000000020000510                errno
                0x0000000020000514                . = ALIGN (0x4)
                0x0000000020000514                PROVIDE (_ebss = .)
                0x0000000020000514                PROVIDE (_end = _ebss)
                [!provide]                        PROVIDE (end = .)

.stack          0x0000000020007800      0x800
                0x0000000020007800                PROVIDE (_heap_end = .)
                0x0000000020007800                . = ALIGN (0x4)
                [!provide]                        PROVIDE (_susrstack = .)
                0x0000000020008000                . = (. + __stack_size)
 *fill*         0x0000000020007800      0x800 
                0x0000000020008000                PROVIDE (_eusrstack = .)
OUTPUT(mangren.elf elf32-littleriscv)

.debug_info     0x0000000000000000    0x18e9f
 .debug_info    0x0000000000000000      0x962 ./User/ch32v30x_it.o
 .debug_info    0x0000000000000962     0x115a ./User/gpio.o
 .debug_info    0x0000000000001abc      0xd73 ./User/i2c.o
 .debug_info    0x000000000000282f     0x191c ./User/imu_mpu6050.o
 .debug_info    0x000000000000414b     0x308c ./User/lcd_st7789.o
 .debug_info    0x00000000000071d7     0x25d7 ./User/main.o
 .debug_info    0x00000000000097ae     0x1477 ./User/ov.o
 .debug_info    0x000000000000ac25      0xb63 ./User/system_ch32v30x.o
 .debug_info    0x000000000000b788     0x165c ./User/timer.o
 .debug_info    0x000000000000cde4       0x22 ./Startup/startup_ch32v30x_D8C.o
 .debug_info    0x000000000000ce06      0xd13 ./Peripheral/src/ch32v30x_dma.o
 .debug_info    0x000000000000db19      0xc0d ./Peripheral/src/ch32v30x_exti.o
 .debug_info    0x000000000000e726     0x104d ./Peripheral/src/ch32v30x_fsmc.o
 .debug_info    0x000000000000f773     0x1093 ./Peripheral/src/ch32v30x_gpio.o
 .debug_info    0x0000000000010806     0x1481 ./Peripheral/src/ch32v30x_i2c.o
 .debug_info    0x0000000000011c87      0xf67 ./Peripheral/src/ch32v30x_misc.o
 .debug_info    0x0000000000012bee     0x155d ./Peripheral/src/ch32v30x_rcc.o
 .debug_info    0x000000000001414b     0x2a18 ./Peripheral/src/ch32v30x_tim.o
 .debug_info    0x0000000000016b63     0x1420 ./Peripheral/src/ch32v30x_usart.o
 .debug_info    0x0000000000017f83      0xf1c ./Debug/debug.o

.debug_abbrev   0x0000000000000000     0x3dfd
 .debug_abbrev  0x0000000000000000      0x1cf ./User/ch32v30x_it.o
 .debug_abbrev  0x00000000000001cf      0x2b1 ./User/gpio.o
 .debug_abbrev  0x0000000000000480      0x280 ./User/i2c.o
 .debug_abbrev  0x0000000000000700      0x415 ./User/imu_mpu6050.o
 .debug_abbrev  0x0000000000000b15      0x4da ./User/lcd_st7789.o
 .debug_abbrev  0x0000000000000fef      0x4bb ./User/main.o
 .debug_abbrev  0x00000000000014aa      0x378 ./User/ov.o
 .debug_abbrev  0x0000000000001822      0x2c0 ./User/system_ch32v30x.o
 .debug_abbrev  0x0000000000001ae2      0x30a ./User/timer.o
 .debug_abbrev  0x0000000000001dec       0x12 ./Startup/startup_ch32v30x_D8C.o
 .debug_abbrev  0x0000000000001dfe      0x2fd ./Peripheral/src/ch32v30x_dma.o
 .debug_abbrev  0x00000000000020fb      0x2da ./Peripheral/src/ch32v30x_exti.o
 .debug_abbrev  0x00000000000023d5      0x2d9 ./Peripheral/src/ch32v30x_fsmc.o
 .debug_abbrev  0x00000000000026ae      0x31a ./Peripheral/src/ch32v30x_gpio.o
 .debug_abbrev  0x00000000000029c8      0x3aa ./Peripheral/src/ch32v30x_i2c.o
 .debug_abbrev  0x0000000000002d72      0x2fb ./Peripheral/src/ch32v30x_misc.o
 .debug_abbrev  0x000000000000306d      0x351 ./Peripheral/src/ch32v30x_rcc.o
 .debug_abbrev  0x00000000000033be      0x421 ./Peripheral/src/ch32v30x_tim.o
 .debug_abbrev  0x00000000000037df      0x325 ./Peripheral/src/ch32v30x_usart.o
 .debug_abbrev  0x0000000000003b04      0x2f9 ./Debug/debug.o

.debug_aranges  0x0000000000000000      0xd10
 .debug_aranges
                0x0000000000000000       0x28 ./User/ch32v30x_it.o
 .debug_aranges
                0x0000000000000028       0x30 ./User/gpio.o
 .debug_aranges
                0x0000000000000058       0x20 ./User/i2c.o
 .debug_aranges
                0x0000000000000078       0x98 ./User/imu_mpu6050.o
 .debug_aranges
                0x0000000000000110      0x110 ./User/lcd_st7789.o
 .debug_aranges
                0x0000000000000220       0xb0 ./User/main.o
 .debug_aranges
                0x00000000000002d0       0x98 ./User/ov.o
 .debug_aranges
                0x0000000000000368       0x28 ./User/system_ch32v30x.o
 .debug_aranges
                0x0000000000000390       0x70 ./User/timer.o
 .debug_aranges
                0x0000000000000400       0x30 ./Startup/startup_ch32v30x_D8C.o
 .debug_aranges
                0x0000000000000430       0x60 ./Peripheral/src/ch32v30x_dma.o
 .debug_aranges
                0x0000000000000490       0x50 ./Peripheral/src/ch32v30x_exti.o
 .debug_aranges
                0x00000000000004e0       0x90 ./Peripheral/src/ch32v30x_fsmc.o
 .debug_aranges
                0x0000000000000570       0xa8 ./Peripheral/src/ch32v30x_gpio.o
 .debug_aranges
                0x0000000000000618      0x110 ./Peripheral/src/ch32v30x_i2c.o
 .debug_aranges
                0x0000000000000728       0x28 ./Peripheral/src/ch32v30x_misc.o
 .debug_aranges
                0x0000000000000750      0x1a8 ./Peripheral/src/ch32v30x_rcc.o
 .debug_aranges
                0x00000000000008f8      0x2d0 ./Peripheral/src/ch32v30x_tim.o
 .debug_aranges
                0x0000000000000bc8      0x100 ./Peripheral/src/ch32v30x_usart.o
 .debug_aranges
                0x0000000000000cc8       0x48 ./Debug/debug.o

.debug_ranges   0x0000000000000000      0xdb0
 .debug_ranges  0x0000000000000000       0x18 ./User/ch32v30x_it.o
 .debug_ranges  0x0000000000000018       0x20 ./User/gpio.o
 .debug_ranges  0x0000000000000038       0x10 ./User/i2c.o
 .debug_ranges  0x0000000000000048       0xc0 ./User/imu_mpu6050.o
 .debug_ranges  0x0000000000000108      0x1b8 ./User/lcd_st7789.o
 .debug_ranges  0x00000000000002c0       0xd0 ./User/main.o
 .debug_ranges  0x0000000000000390       0xa8 ./User/ov.o
 .debug_ranges  0x0000000000000438       0x38 ./User/system_ch32v30x.o
 .debug_ranges  0x0000000000000470       0x60 ./User/timer.o
 .debug_ranges  0x00000000000004d0       0x28 ./Startup/startup_ch32v30x_D8C.o
 .debug_ranges  0x00000000000004f8       0x50 ./Peripheral/src/ch32v30x_dma.o
 .debug_ranges  0x0000000000000548       0x40 ./Peripheral/src/ch32v30x_exti.o
 .debug_ranges  0x0000000000000588       0x80 ./Peripheral/src/ch32v30x_fsmc.o
 .debug_ranges  0x0000000000000608       0x98 ./Peripheral/src/ch32v30x_gpio.o
 .debug_ranges  0x00000000000006a0      0x100 ./Peripheral/src/ch32v30x_i2c.o
 .debug_ranges  0x00000000000007a0       0x48 ./Peripheral/src/ch32v30x_misc.o
 .debug_ranges  0x00000000000007e8      0x198 ./Peripheral/src/ch32v30x_rcc.o
 .debug_ranges  0x0000000000000980      0x308 ./Peripheral/src/ch32v30x_tim.o
 .debug_ranges  0x0000000000000c88       0xf0 ./Peripheral/src/ch32v30x_usart.o
 .debug_ranges  0x0000000000000d78       0x38 ./Debug/debug.o

.debug_line     0x0000000000000000    0x13d76
 .debug_line    0x0000000000000000      0x270 ./User/ch32v30x_it.o
 .debug_line    0x0000000000000270      0x7d9 ./User/gpio.o
 .debug_line    0x0000000000000a49      0x43e ./User/i2c.o
 .debug_line    0x0000000000000e87     0x1427 ./User/imu_mpu6050.o
 .debug_line    0x00000000000022ae     0x2d2f ./User/lcd_st7789.o
 .debug_line    0x0000000000004fdd     0x1de4 ./User/main.o
 .debug_line    0x0000000000006dc1     0x115d ./User/ov.o
 .debug_line    0x0000000000007f1e      0x77c ./User/system_ch32v30x.o
 .debug_line    0x000000000000869a      0xb13 ./User/timer.o
 .debug_line    0x00000000000091ad      0x356 ./Startup/startup_ch32v30x_D8C.o
 .debug_line    0x0000000000009503      0xa20 ./Peripheral/src/ch32v30x_dma.o
 .debug_line    0x0000000000009f23      0x625 ./Peripheral/src/ch32v30x_exti.o
 .debug_line    0x000000000000a548      0xe81 ./Peripheral/src/ch32v30x_fsmc.o
 .debug_line    0x000000000000b3c9      0xe00 ./Peripheral/src/ch32v30x_gpio.o
 .debug_line    0x000000000000c1c9     0x11b6 ./Peripheral/src/ch32v30x_i2c.o
 .debug_line    0x000000000000d37f      0x51f ./Peripheral/src/ch32v30x_misc.o
 .debug_line    0x000000000000d89e     0x1840 ./Peripheral/src/ch32v30x_rcc.o
 .debug_line    0x000000000000f0de     0x3464 ./Peripheral/src/ch32v30x_tim.o
 .debug_line    0x0000000000012542     0x10f9 ./Peripheral/src/ch32v30x_usart.o
 .debug_line    0x000000000001363b      0x73b ./Debug/debug.o

.debug_str      0x0000000000000000     0x3fc5
 .debug_str     0x0000000000000000      0x54c ./User/ch32v30x_it.o
                                        0x5ad (size before relaxing)
 .debug_str     0x000000000000054c      0x98f ./User/gpio.o
                                        0xef8 (size before relaxing)
 .debug_str     0x0000000000000edb      0x169 ./User/i2c.o
                                        0x879 (size before relaxing)
 .debug_str     0x0000000000001044      0x221 ./User/imu_mpu6050.o
                                        0x8b8 (size before relaxing)
 .debug_str     0x0000000000001265      0x7f3 ./User/lcd_st7789.o
                                        0xfe9 (size before relaxing)
 .debug_str     0x0000000000001a58      0x5b3 ./User/main.o
                                       0x1642 (size before relaxing)
 .debug_str     0x000000000000200b      0x187 ./User/ov.o
                                        0x8c8 (size before relaxing)
 .debug_str     0x0000000000002192       0xef ./User/system_ch32v30x.o
                                        0x6a7 (size before relaxing)
 .debug_str     0x0000000000002281       0xd7 ./User/timer.o
                                        0xfae (size before relaxing)
 .debug_str     0x0000000000002358       0x2e ./Startup/startup_ch32v30x_D8C.o
                                         0x6c (size before relaxing)
 .debug_str     0x0000000000002386       0xe3 ./Peripheral/src/ch32v30x_dma.o
                                        0x7ea (size before relaxing)
 .debug_str     0x0000000000002469       0xd5 ./Peripheral/src/ch32v30x_exti.o
                                        0x784 (size before relaxing)
 .debug_str     0x000000000000253e      0x2cf ./Peripheral/src/ch32v30x_fsmc.o
                                        0xabf (size before relaxing)
 .debug_str     0x000000000000280d      0x1f4 ./Peripheral/src/ch32v30x_gpio.o
                                        0x968 (size before relaxing)
 .debug_str     0x0000000000002a01      0x322 ./Peripheral/src/ch32v30x_i2c.o
                                        0xad7 (size before relaxing)
 .debug_str     0x0000000000002d23       0xfa ./Peripheral/src/ch32v30x_misc.o
                                        0xcb3 (size before relaxing)
 .debug_str     0x0000000000002e1d      0x50d ./Peripheral/src/ch32v30x_rcc.o
                                        0xcb8 (size before relaxing)
 .debug_str     0x000000000000332a      0x8d2 ./Peripheral/src/ch32v30x_tim.o
                                       0x1272 (size before relaxing)
 .debug_str     0x0000000000003bfc      0x367 ./Peripheral/src/ch32v30x_usart.o
                                        0xb0e (size before relaxing)
 .debug_str     0x0000000000003f63       0x62 ./Debug/debug.o
                                        0x8f6 (size before relaxing)

.comment        0x0000000000000000       0x33
 .comment       0x0000000000000000       0x33 ./User/ch32v30x_it.o
                                         0x34 (size before relaxing)
 .comment       0x0000000000000033       0x34 ./User/gpio.o
 .comment       0x0000000000000033       0x34 ./User/i2c.o
 .comment       0x0000000000000033       0x34 ./User/imu_mpu6050.o
 .comment       0x0000000000000033       0x34 ./User/lcd_st7789.o
 .comment       0x0000000000000033       0x34 ./User/main.o
 .comment       0x0000000000000033       0x34 ./User/ov.o
 .comment       0x0000000000000033       0x34 ./User/system_ch32v30x.o
 .comment       0x0000000000000033       0x34 ./User/timer.o
 .comment       0x0000000000000033       0x34 ./Peripheral/src/ch32v30x_dma.o
 .comment       0x0000000000000033       0x34 ./Peripheral/src/ch32v30x_exti.o
 .comment       0x0000000000000033       0x34 ./Peripheral/src/ch32v30x_fsmc.o
 .comment       0x0000000000000033       0x34 ./Peripheral/src/ch32v30x_gpio.o
 .comment       0x0000000000000033       0x34 ./Peripheral/src/ch32v30x_i2c.o
 .comment       0x0000000000000033       0x34 ./Peripheral/src/ch32v30x_misc.o
 .comment       0x0000000000000033       0x34 ./Peripheral/src/ch32v30x_rcc.o
 .comment       0x0000000000000033       0x34 ./Peripheral/src/ch32v30x_tim.o
 .comment       0x0000000000000033       0x34 ./Peripheral/src/ch32v30x_usart.o
 .comment       0x0000000000000033       0x34 ./Debug/debug.o

.debug_frame    0x0000000000000000     0x2d98
 .debug_frame   0x0000000000000000       0x30 ./User/ch32v30x_it.o
 .debug_frame   0x0000000000000030       0x7c ./User/gpio.o
 .debug_frame   0x00000000000000ac       0x38 ./User/i2c.o
 .debug_frame   0x00000000000000e4      0x260 ./User/imu_mpu6050.o
 .debug_frame   0x0000000000000344      0x488 ./User/lcd_st7789.o
 .debug_frame   0x00000000000007cc      0x2a8 ./User/main.o
 .debug_frame   0x0000000000000a74      0x268 ./User/ov.o
 .debug_frame   0x0000000000000cdc       0x3c ./User/system_ch32v30x.o
 .debug_frame   0x0000000000000d18      0x168 ./User/timer.o
 .debug_frame   0x0000000000000e80       0xc0 ./Peripheral/src/ch32v30x_dma.o
 .debug_frame   0x0000000000000f40       0x90 ./Peripheral/src/ch32v30x_exti.o
 .debug_frame   0x0000000000000fd0      0x100 ./Peripheral/src/ch32v30x_fsmc.o
 .debug_frame   0x00000000000010d0      0x150 ./Peripheral/src/ch32v30x_gpio.o
 .debug_frame   0x0000000000001220      0x25c ./Peripheral/src/ch32v30x_i2c.o
 .debug_frame   0x000000000000147c       0x30 ./Peripheral/src/ch32v30x_misc.o
 .debug_frame   0x00000000000014ac      0x340 ./Peripheral/src/ch32v30x_rcc.o
 .debug_frame   0x00000000000017ec      0x66c ./Peripheral/src/ch32v30x_tim.o
 .debug_frame   0x0000000000001e58      0x210 ./Peripheral/src/ch32v30x_usart.o
 .debug_frame   0x0000000000002068       0xa4 ./Debug/debug.o
 .debug_frame   0x000000000000210c       0x50 f:/qianrushi/anzhuang/1/mounriver/mounriver_studio/toolchain/risc-v embedded gcc/bin/../lib/gcc/riscv-none-embed/8.2.0/rv32imac/ilp32\libgcc.a(divdf3.o)
 .debug_frame   0x000000000000215c       0x38 f:/qianrushi/anzhuang/1/mounriver/mounriver_studio/toolchain/risc-v embedded gcc/bin/../lib/gcc/riscv-none-embed/8.2.0/rv32imac/ilp32\libgcc.a(floatunsidf.o)
 .debug_frame   0x0000000000002194       0x40 f:/qianrushi/anzhuang/1/mounriver/mounriver_studio/toolchain/risc-v embedded gcc/bin/../lib/gcc/riscv-none-embed/8.2.0/rv32imac/ilp32\libgcc.a(addsf3.o)
 .debug_frame   0x00000000000021d4       0x50 f:/qianrushi/anzhuang/1/mounriver/mounriver_studio/toolchain/risc-v embedded gcc/bin/../lib/gcc/riscv-none-embed/8.2.0/rv32imac/ilp32\libgcc.a(divsf3.o)
 .debug_frame   0x0000000000002224       0x20 f:/qianrushi/anzhuang/1/mounriver/mounriver_studio/toolchain/risc-v embedded gcc/bin/../lib/gcc/riscv-none-embed/8.2.0/rv32imac/ilp32\libgcc.a(lesf2.o)
 .debug_frame   0x0000000000002244       0x38 f:/qianrushi/anzhuang/1/mounriver/mounriver_studio/toolchain/risc-v embedded gcc/bin/../lib/gcc/riscv-none-embed/8.2.0/rv32imac/ilp32\libgcc.a(extendsfdf2.o)
 .debug_frame   0x000000000000227c       0x20 f:/qianrushi/anzhuang/1/mounriver/mounriver_studio/toolchain/risc-v embedded gcc/bin/../lib/gcc/riscv-none-embed/8.2.0/rv32imac/ilp32\libgcc.a(truncdfsf2.o)
 .debug_frame   0x000000000000229c       0x20 f:/qianrushi/anzhuang/1/mounriver/mounriver_studio/toolchain/risc-v embedded gcc/bin/../lib/gcc/riscv-none-embed/8.2.0/rv32imac/ilp32\libgcc.a(_clzsi2.o)
 .debug_frame   0x00000000000022bc       0x54 f:/qianrushi/anzhuang/1/mounriver/mounriver_studio/toolchain/risc-v embedded gcc/bin/../lib/gcc/riscv-none-embed/8.2.0/../../../../riscv-none-embed/lib/rv32imac/ilp32\libg_nano.a(lib_a-printf.o)
 .debug_frame   0x0000000000002310       0x54 f:/qianrushi/anzhuang/1/mounriver/mounriver_studio/toolchain/risc-v embedded gcc/bin/../lib/gcc/riscv-none-embed/8.2.0/../../../../riscv-none-embed/lib/rv32imac/ilp32\libg_nano.a(lib_a-puts.o)
 .debug_frame   0x0000000000002364       0x48 f:/qianrushi/anzhuang/1/mounriver/mounriver_studio/toolchain/risc-v embedded gcc/bin/../lib/gcc/riscv-none-embed/8.2.0/../../../../riscv-none-embed/lib/rv32imac/ilp32\libg_nano.a(lib_a-vsnprintf.o)
 .debug_frame   0x00000000000023ac       0x50 f:/qianrushi/anzhuang/1/mounriver/mounriver_studio/toolchain/risc-v embedded gcc/bin/../lib/gcc/riscv-none-embed/8.2.0/../../../../riscv-none-embed/lib/rv32imac/ilp32\libg_nano.a(lib_a-wbuf.o)
 .debug_frame   0x00000000000023fc       0x3c f:/qianrushi/anzhuang/1/mounriver/mounriver_studio/toolchain/risc-v embedded gcc/bin/../lib/gcc/riscv-none-embed/8.2.0/../../../../riscv-none-embed/lib/rv32imac/ilp32\libg_nano.a(lib_a-wsetup.o)
 .debug_frame   0x0000000000002438       0x7c f:/qianrushi/anzhuang/1/mounriver/mounriver_studio/toolchain/risc-v embedded gcc/bin/../lib/gcc/riscv-none-embed/8.2.0/../../../../riscv-none-embed/lib/rv32imac/ilp32\libg_nano.a(lib_a-fflush.o)
 .debug_frame   0x00000000000024b4      0x148 f:/qianrushi/anzhuang/1/mounriver/mounriver_studio/toolchain/risc-v embedded gcc/bin/../lib/gcc/riscv-none-embed/8.2.0/../../../../riscv-none-embed/lib/rv32imac/ilp32\libg_nano.a(lib_a-findfp.o)
 .debug_frame   0x00000000000025fc       0x88 f:/qianrushi/anzhuang/1/mounriver/mounriver_studio/toolchain/risc-v embedded gcc/bin/../lib/gcc/riscv-none-embed/8.2.0/../../../../riscv-none-embed/lib/rv32imac/ilp32\libg_nano.a(lib_a-fwalk.o)
 .debug_frame   0x0000000000002684       0x64 f:/qianrushi/anzhuang/1/mounriver/mounriver_studio/toolchain/risc-v embedded gcc/bin/../lib/gcc/riscv-none-embed/8.2.0/../../../../riscv-none-embed/lib/rv32imac/ilp32\libg_nano.a(lib_a-makebuf.o)
 .debug_frame   0x00000000000026e8       0x40 f:/qianrushi/anzhuang/1/mounriver/mounriver_studio/toolchain/risc-v embedded gcc/bin/../lib/gcc/riscv-none-embed/8.2.0/../../../../riscv-none-embed/lib/rv32imac/ilp32\libg_nano.a(lib_a-nano-freer.o)
 .debug_frame   0x0000000000002728       0x40 f:/qianrushi/anzhuang/1/mounriver/mounriver_studio/toolchain/risc-v embedded gcc/bin/../lib/gcc/riscv-none-embed/8.2.0/../../../../riscv-none-embed/lib/rv32imac/ilp32\libg_nano.a(lib_a-nano-mallocr.o)
 .debug_frame   0x0000000000002768       0xe0 f:/qianrushi/anzhuang/1/mounriver/mounriver_studio/toolchain/risc-v embedded gcc/bin/../lib/gcc/riscv-none-embed/8.2.0/../../../../riscv-none-embed/lib/rv32imac/ilp32\libg_nano.a(lib_a-nano-svfprintf.o)
 .debug_frame   0x0000000000002848       0xd0 f:/qianrushi/anzhuang/1/mounriver/mounriver_studio/toolchain/risc-v embedded gcc/bin/../lib/gcc/riscv-none-embed/8.2.0/../../../../riscv-none-embed/lib/rv32imac/ilp32\libg_nano.a(lib_a-nano-vfprintf.o)
 .debug_frame   0x0000000000002918       0x8c f:/qianrushi/anzhuang/1/mounriver/mounriver_studio/toolchain/risc-v embedded gcc/bin/../lib/gcc/riscv-none-embed/8.2.0/../../../../riscv-none-embed/lib/rv32imac/ilp32\libg_nano.a(lib_a-nano-vfprintf_i.o)
 .debug_frame   0x00000000000029a4       0x30 f:/qianrushi/anzhuang/1/mounriver/mounriver_studio/toolchain/risc-v embedded gcc/bin/../lib/gcc/riscv-none-embed/8.2.0/../../../../riscv-none-embed/lib/rv32imac/ilp32\libg_nano.a(lib_a-sbrkr.o)
 .debug_frame   0x00000000000029d4       0xa4 f:/qianrushi/anzhuang/1/mounriver/mounriver_studio/toolchain/risc-v embedded gcc/bin/../lib/gcc/riscv-none-embed/8.2.0/../../../../riscv-none-embed/lib/rv32imac/ilp32\libg_nano.a(lib_a-stdio.o)
 .debug_frame   0x0000000000002a78       0x30 f:/qianrushi/anzhuang/1/mounriver/mounriver_studio/toolchain/risc-v embedded gcc/bin/../lib/gcc/riscv-none-embed/8.2.0/../../../../riscv-none-embed/lib/rv32imac/ilp32\libg_nano.a(lib_a-writer.o)
 .debug_frame   0x0000000000002aa8       0x30 f:/qianrushi/anzhuang/1/mounriver/mounriver_studio/toolchain/risc-v embedded gcc/bin/../lib/gcc/riscv-none-embed/8.2.0/../../../../riscv-none-embed/lib/rv32imac/ilp32\libg_nano.a(lib_a-closer.o)
 .debug_frame   0x0000000000002ad8       0x30 f:/qianrushi/anzhuang/1/mounriver/mounriver_studio/toolchain/risc-v embedded gcc/bin/../lib/gcc/riscv-none-embed/8.2.0/../../../../riscv-none-embed/lib/rv32imac/ilp32\libg_nano.a(lib_a-fstatr.o)
 .debug_frame   0x0000000000002b08       0x30 f:/qianrushi/anzhuang/1/mounriver/mounriver_studio/toolchain/risc-v embedded gcc/bin/../lib/gcc/riscv-none-embed/8.2.0/../../../../riscv-none-embed/lib/rv32imac/ilp32\libg_nano.a(lib_a-isattyr.o)
 .debug_frame   0x0000000000002b38       0x30 f:/qianrushi/anzhuang/1/mounriver/mounriver_studio/toolchain/risc-v embedded gcc/bin/../lib/gcc/riscv-none-embed/8.2.0/../../../../riscv-none-embed/lib/rv32imac/ilp32\libg_nano.a(lib_a-lseekr.o)
 .debug_frame   0x0000000000002b68       0x20 f:/qianrushi/anzhuang/1/mounriver/mounriver_studio/toolchain/risc-v embedded gcc/bin/../lib/gcc/riscv-none-embed/8.2.0/../../../../riscv-none-embed/lib/rv32imac/ilp32\libg_nano.a(lib_a-memchr.o)
 .debug_frame   0x0000000000002b88       0x20 f:/qianrushi/anzhuang/1/mounriver/mounriver_studio/toolchain/risc-v embedded gcc/bin/../lib/gcc/riscv-none-embed/8.2.0/../../../../riscv-none-embed/lib/rv32imac/ilp32\libg_nano.a(lib_a-memcpy.o)
 .debug_frame   0x0000000000002ba8       0x20 f:/qianrushi/anzhuang/1/mounriver/mounriver_studio/toolchain/risc-v embedded gcc/bin/../lib/gcc/riscv-none-embed/8.2.0/../../../../riscv-none-embed/lib/rv32imac/ilp32\libg_nano.a(lib_a-memmove.o)
 .debug_frame   0x0000000000002bc8       0x30 f:/qianrushi/anzhuang/1/mounriver/mounriver_studio/toolchain/risc-v embedded gcc/bin/../lib/gcc/riscv-none-embed/8.2.0/../../../../riscv-none-embed/lib/rv32imac/ilp32\libg_nano.a(lib_a-mlock.o)
 .debug_frame   0x0000000000002bf8       0x40 f:/qianrushi/anzhuang/1/mounriver/mounriver_studio/toolchain/risc-v embedded gcc/bin/../lib/gcc/riscv-none-embed/8.2.0/../../../../riscv-none-embed/lib/rv32imac/ilp32\libg_nano.a(lib_a-nano-reallocr.o)
 .debug_frame   0x0000000000002c38       0x30 f:/qianrushi/anzhuang/1/mounriver/mounriver_studio/toolchain/risc-v embedded gcc/bin/../lib/gcc/riscv-none-embed/8.2.0/../../../../riscv-none-embed/lib/rv32imac/ilp32\libg_nano.a(lib_a-readr.o)
 .debug_frame   0x0000000000002c68       0x70 f:/qianrushi/anzhuang/1/mounriver/mounriver_studio/toolchain/risc-v embedded gcc/bin/../lib/gcc/riscv-none-embed/8.2.0/../../../../riscv-none-embed/lib/rv32imac/ilp32\libg_nano.a(lib_a-reent.o)
 .debug_frame   0x0000000000002cd8       0x20 f:/qianrushi/anzhuang/1/mounriver/mounriver_studio/toolchain/risc-v embedded gcc/bin/../lib/gcc/riscv-none-embed/8.2.0/../../../../riscv-none-embed/lib/rv32imac/ilp32\libg_nano.a(lib_a-nano-msizer.o)
 .debug_frame   0x0000000000002cf8       0x20 f:/qianrushi/anzhuang/1/mounriver/mounriver_studio/toolchain/risc-v embedded gcc/bin/../lib/gcc/riscv-none-embed/8.2.0/../../../../riscv-none-embed/lib/rv32imac/ilp32\libnosys.a(close.o)
 .debug_frame   0x0000000000002d18       0x20 f:/qianrushi/anzhuang/1/mounriver/mounriver_studio/toolchain/risc-v embedded gcc/bin/../lib/gcc/riscv-none-embed/8.2.0/../../../../riscv-none-embed/lib/rv32imac/ilp32\libnosys.a(fstat.o)
 .debug_frame   0x0000000000002d38       0x20 f:/qianrushi/anzhuang/1/mounriver/mounriver_studio/toolchain/risc-v embedded gcc/bin/../lib/gcc/riscv-none-embed/8.2.0/../../../../riscv-none-embed/lib/rv32imac/ilp32\libnosys.a(isatty.o)
 .debug_frame   0x0000000000002d58       0x20 f:/qianrushi/anzhuang/1/mounriver/mounriver_studio/toolchain/risc-v embedded gcc/bin/../lib/gcc/riscv-none-embed/8.2.0/../../../../riscv-none-embed/lib/rv32imac/ilp32\libnosys.a(lseek.o)
 .debug_frame   0x0000000000002d78       0x20 f:/qianrushi/anzhuang/1/mounriver/mounriver_studio/toolchain/risc-v embedded gcc/bin/../lib/gcc/riscv-none-embed/8.2.0/../../../../riscv-none-embed/lib/rv32imac/ilp32\libnosys.a(read.o)

.debug_loc      0x0000000000000000     0x741e
 .debug_loc     0x0000000000000000       0x4d ./User/i2c.o
 .debug_loc     0x000000000000004d      0x77c ./User/imu_mpu6050.o
 .debug_loc     0x00000000000007c9     0x1e38 ./User/lcd_st7789.o
 .debug_loc     0x0000000000002601      0x2bd ./User/main.o
 .debug_loc     0x00000000000028be      0x3d3 ./User/ov.o
 .debug_loc     0x0000000000002c91       0xe5 ./User/system_ch32v30x.o
 .debug_loc     0x0000000000002d76      0x1ca ./User/timer.o
 .debug_loc     0x0000000000002f40      0x19a ./Peripheral/src/ch32v30x_dma.o
 .debug_loc     0x00000000000030da      0x181 ./Peripheral/src/ch32v30x_exti.o
 .debug_loc     0x000000000000325b      0x454 ./Peripheral/src/ch32v30x_fsmc.o
 .debug_loc     0x00000000000036af      0x67b ./Peripheral/src/ch32v30x_gpio.o
 .debug_loc     0x0000000000003d2a      0x726 ./Peripheral/src/ch32v30x_i2c.o
 .debug_loc     0x0000000000004450       0xce ./Peripheral/src/ch32v30x_misc.o
 .debug_loc     0x000000000000451e      0xa54 ./Peripheral/src/ch32v30x_rcc.o
 .debug_loc     0x0000000000004f72     0x1b0c ./Peripheral/src/ch32v30x_tim.o
 .debug_loc     0x0000000000006a7e      0x7f8 ./Peripheral/src/ch32v30x_usart.o
 .debug_loc     0x0000000000007276      0x1a8 ./Debug/debug.o

.stab           0x0000000000000000       0x84
 .stab          0x0000000000000000       0x24 f:/qianrushi/anzhuang/1/mounriver/mounriver_studio/toolchain/risc-v embedded gcc/bin/../lib/gcc/riscv-none-embed/8.2.0/../../../../riscv-none-embed/lib/rv32imac/ilp32\libnosys.a(close.o)
 .stab          0x0000000000000024       0x18 f:/qianrushi/anzhuang/1/mounriver/mounriver_studio/toolchain/risc-v embedded gcc/bin/../lib/gcc/riscv-none-embed/8.2.0/../../../../riscv-none-embed/lib/rv32imac/ilp32\libnosys.a(fstat.o)
                                         0x24 (size before relaxing)
 .stab          0x000000000000003c       0x18 f:/qianrushi/anzhuang/1/mounriver/mounriver_studio/toolchain/risc-v embedded gcc/bin/../lib/gcc/riscv-none-embed/8.2.0/../../../../riscv-none-embed/lib/rv32imac/ilp32\libnosys.a(isatty.o)
                                         0x24 (size before relaxing)
 .stab          0x0000000000000054       0x18 f:/qianrushi/anzhuang/1/mounriver/mounriver_studio/toolchain/risc-v embedded gcc/bin/../lib/gcc/riscv-none-embed/8.2.0/../../../../riscv-none-embed/lib/rv32imac/ilp32\libnosys.a(lseek.o)
                                         0x24 (size before relaxing)
 .stab          0x000000000000006c       0x18 f:/qianrushi/anzhuang/1/mounriver/mounriver_studio/toolchain/risc-v embedded gcc/bin/../lib/gcc/riscv-none-embed/8.2.0/../../../../riscv-none-embed/lib/rv32imac/ilp32\libnosys.a(read.o)
                                         0x24 (size before relaxing)

.stabstr        0x0000000000000000      0x117
 .stabstr       0x0000000000000000      0x117 f:/qianrushi/anzhuang/1/mounriver/mounriver_studio/toolchain/risc-v embedded gcc/bin/../lib/gcc/riscv-none-embed/8.2.0/../../../../riscv-none-embed/lib/rv32imac/ilp32\libnosys.a(close.o)
